Archive member included to satisfy reference by file (symbol)

d:/program files/stmicroelectronics/stm32cubeide_1.5.1/stm32cubeide/plugins/com.st.stm32cube.ide.mcu.externaltools.gnu-tools-for-stm32.7-2018-q2-update.win32_1.5.0.202011040924/tools/bin/../lib/gcc/arm-none-eabi/7.3.1/../../../../arm-none-eabi/lib/thumb/v7-m\libc_nano.a(lib_a-errno.o)
                              Core/Src/syscalls.o (__errno)
d:/program files/stmicroelectronics/stm32cubeide_1.5.1/stm32cubeide/plugins/com.st.stm32cube.ide.mcu.externaltools.gnu-tools-for-stm32.7-2018-q2-update.win32_1.5.0.202011040924/tools/bin/../lib/gcc/arm-none-eabi/7.3.1/../../../../arm-none-eabi/lib/thumb/v7-m\libc_nano.a(lib_a-exit.o)
                              d:/program files/stmicroelectronics/stm32cubeide_1.5.1/stm32cubeide/plugins/com.st.stm32cube.ide.mcu.externaltools.gnu-tools-for-stm32.7-2018-q2-update.win32_1.5.0.202011040924/tools/bin/../lib/gcc/arm-none-eabi/7.3.1/../../../../arm-none-eabi/lib/thumb/v7-m/crt0.o (exit)
d:/program files/stmicroelectronics/stm32cubeide_1.5.1/stm32cubeide/plugins/com.st.stm32cube.ide.mcu.externaltools.gnu-tools-for-stm32.7-2018-q2-update.win32_1.5.0.202011040924/tools/bin/../lib/gcc/arm-none-eabi/7.3.1/../../../../arm-none-eabi/lib/thumb/v7-m\libc_nano.a(lib_a-impure.o)
                              d:/program files/stmicroelectronics/stm32cubeide_1.5.1/stm32cubeide/plugins/com.st.stm32cube.ide.mcu.externaltools.gnu-tools-for-stm32.7-2018-q2-update.win32_1.5.0.202011040924/tools/bin/../lib/gcc/arm-none-eabi/7.3.1/../../../../arm-none-eabi/lib/thumb/v7-m\libc_nano.a(lib_a-exit.o) (_global_impure_ptr)
d:/program files/stmicroelectronics/stm32cubeide_1.5.1/stm32cubeide/plugins/com.st.stm32cube.ide.mcu.externaltools.gnu-tools-for-stm32.7-2018-q2-update.win32_1.5.0.202011040924/tools/bin/../lib/gcc/arm-none-eabi/7.3.1/../../../../arm-none-eabi/lib/thumb/v7-m\libc_nano.a(lib_a-init.o)
                              d:/program files/stmicroelectronics/stm32cubeide_1.5.1/stm32cubeide/plugins/com.st.stm32cube.ide.mcu.externaltools.gnu-tools-for-stm32.7-2018-q2-update.win32_1.5.0.202011040924/tools/bin/../lib/gcc/arm-none-eabi/7.3.1/../../../../arm-none-eabi/lib/thumb/v7-m/crt0.o (__libc_init_array)
d:/program files/stmicroelectronics/stm32cubeide_1.5.1/stm32cubeide/plugins/com.st.stm32cube.ide.mcu.externaltools.gnu-tools-for-stm32.7-2018-q2-update.win32_1.5.0.202011040924/tools/bin/../lib/gcc/arm-none-eabi/7.3.1/../../../../arm-none-eabi/lib/thumb/v7-m\libc_nano.a(lib_a-memcmp.o)
                              Drivers/BSP/OLED/oled.o (memcmp)
d:/program files/stmicroelectronics/stm32cubeide_1.5.1/stm32cubeide/plugins/com.st.stm32cube.ide.mcu.externaltools.gnu-tools-for-stm32.7-2018-q2-update.win32_1.5.0.202011040924/tools/bin/../lib/gcc/arm-none-eabi/7.3.1/../../../../arm-none-eabi/lib/thumb/v7-m\libc_nano.a(lib_a-memcpy-stub.o)
                              Drivers/BSP/OLED/oled.o (memcpy)
d:/program files/stmicroelectronics/stm32cubeide_1.5.1/stm32cubeide/plugins/com.st.stm32cube.ide.mcu.externaltools.gnu-tools-for-stm32.7-2018-q2-update.win32_1.5.0.202011040924/tools/bin/../lib/gcc/arm-none-eabi/7.3.1/../../../../arm-none-eabi/lib/thumb/v7-m\libc_nano.a(lib_a-memset.o)
                              d:/program files/stmicroelectronics/stm32cubeide_1.5.1/stm32cubeide/plugins/com.st.stm32cube.ide.mcu.externaltools.gnu-tools-for-stm32.7-2018-q2-update.win32_1.5.0.202011040924/tools/bin/../lib/gcc/arm-none-eabi/7.3.1/../../../../arm-none-eabi/lib/thumb/v7-m/crt0.o (memset)
d:/program files/stmicroelectronics/stm32cubeide_1.5.1/stm32cubeide/plugins/com.st.stm32cube.ide.mcu.externaltools.gnu-tools-for-stm32.7-2018-q2-update.win32_1.5.0.202011040924/tools/bin/../lib/gcc/arm-none-eabi/7.3.1/../../../../arm-none-eabi/lib/thumb/v7-m\libc_nano.a(lib_a-rand.o)
                              APP/games/flappy_bird.o (rand)
d:/program files/stmicroelectronics/stm32cubeide_1.5.1/stm32cubeide/plugins/com.st.stm32cube.ide.mcu.externaltools.gnu-tools-for-stm32.7-2018-q2-update.win32_1.5.0.202011040924/tools/bin/../lib/gcc/arm-none-eabi/7.3.1/../../../../arm-none-eabi/lib/thumb/v7-m\libc_nano.a(lib_a-sprintf.o)
                              APP/clock.o (sprintf)
d:/program files/stmicroelectronics/stm32cubeide_1.5.1/stm32cubeide/plugins/com.st.stm32cube.ide.mcu.externaltools.gnu-tools-for-stm32.7-2018-q2-update.win32_1.5.0.202011040924/tools/bin/../lib/gcc/arm-none-eabi/7.3.1/../../../../arm-none-eabi/lib/thumb/v7-m\libc_nano.a(lib_a-malloc.o)
                              d:/program files/stmicroelectronics/stm32cubeide_1.5.1/stm32cubeide/plugins/com.st.stm32cube.ide.mcu.externaltools.gnu-tools-for-stm32.7-2018-q2-update.win32_1.5.0.202011040924/tools/bin/../lib/gcc/arm-none-eabi/7.3.1/../../../../arm-none-eabi/lib/thumb/v7-m\libc_nano.a(lib_a-rand.o) (malloc)
[...]
Memory Configuration

Name             Origin             Length             Attributes
RAM              0x0000000020000000 0x0000000000005000 xrw
FLASH            0x0000000008000000 0x0000000000010000 xr
*default*        0x0000000000000000 0xffffffffffffffff

Linker script and memory map

LOAD d:/program files/stmicroelectronics/stm32cubeide_1.5.1/stm32cubeide/plugins/com.st.stm32cube.ide.mcu.externaltools.gnu-tools-for-stm32.7-2018-q2-update.win32_1.5.0.202011040924/tools/bin/../lib/gcc/arm-none-eabi/7.3.1/thumb/v7-m/crti.o
LOAD d:/program files/stmicroelectronics/stm32cubeide_1.5.1/stm32cubeide/plugins/com.st.stm32cube.ide.mcu.externaltools.gnu-tools-for-stm32.7-2018-q2-update.win32_1.5.0.202011040924/tools/bin/../lib/gcc/arm-none-eabi/7.3.1/thumb/v7-m/crtbegin.o
LOAD d:/program files/stmicroelectronics/stm32cubeide_1.5.1/stm32cubeide/plugins/com.st.stm32cube.ide.mcu.externaltools.gnu-tools-for-stm32.7-2018-q2-update.win32_1.5.0.202011040924/tools/bin/../lib/gcc/arm-none-eabi/7.3.1/../../../../arm-none-eabi/lib/thumb/v7-m/crt0.o
LOAD APP/clock.o
LOAD APP/info.o
LOAD APP/menu.o
LOAD APP/share_func.o
LOAD APP/games/Dino.o
LOAD APP/games/flappy_bird.o
LOAD APP/games/start_war.o
LOAD Core/Src/gpio.o
LOAD Core/Src/i2c.o
LOAD Core/Src/main.o
LOAD Core/Src/rtc.o
LOAD Core/Src/stm32f1xx_hal_msp.o
LOAD Core/Src/stm32f1xx_it.o
LOAD Core/Src/syscalls.o
LOAD Core/Src/sysmem.o
LOAD Core/Src/system_stm32f1xx.o
LOAD Core/Startup/startup_stm32f103c8tx.o
LOAD Drivers/BSP/DS3231/ds3231.o
LOAD Drivers/BSP/KEY/key.o
LOAD Drivers/BSP/LED/led.o
LOAD Drivers/BSP/OLED/font.o
LOAD Drivers/BSP/OLED/oled.o
LOAD Drivers/STM32F1xx_HAL_Driver/Src/stm32f1xx_hal.o
LOAD Drivers/STM32F1xx_HAL_Driver/Src/stm32f1xx_hal_cortex.o
LOAD Drivers/STM32F1xx_HAL_Driver/Src/stm32f1xx_hal_dma.o
LOAD Drivers/STM32F1xx_HAL_Driver/Src/stm32f1xx_hal_exti.o
LOAD Drivers/STM32F1xx_HAL_Driver/Src/stm32f1xx_hal_flash.o
LOAD Drivers/STM32F1xx_HAL_Driver/Src/stm32f1xx_hal_flash_ex.o
LOAD Drivers/STM32F1xx_HAL_Driver/Src/stm32f1xx_hal_gpio.o
LOAD Drivers/STM32F1xx_HAL_Driver/Src/stm32f1xx_hal_gpio_ex.o
LOAD Drivers/STM32F1xx_HAL_Driver/Src/stm32f1xx_hal_i2c.o
LOAD Drivers/STM32F1xx_HAL_Driver/Src/stm32f1xx_hal_pwr.o
LOAD Drivers/STM32F1xx_HAL_Driver/Src/stm32f1xx_hal_rcc.o
LOAD Drivers/STM32F1xx_HAL_Driver/Src/stm32f1xx_hal_rcc_ex.o
LOAD Drivers/STM32F1xx_HAL_Driver/Src/stm32f1xx_hal_rtc.o
LOAD Drivers/STM32F1xx_HAL_Driver/Src/stm32f1xx_hal_rtc_ex.o
LOAD Drivers/STM32F1xx_HAL_Driver/Src/stm32f1xx_hal_tim.o
LOAD Drivers/STM32F1xx_HAL_Driver/Src/stm32f1xx_hal_tim_ex.o
START GROUP
LOAD d:/program files/stmicroelectronics/stm32cubeide_1.5.1/stm32cubeide/plugins/com.st.stm32cube.ide.mcu.externaltools.gnu-tools-for-stm32.7-2018-q2-update.win32_1.5.0.202011040924/tools/bin/../lib/gcc/arm-none-eabi/7.3.1/../../../../arm-none-eabi/lib/thumb/v7-m\libc_nano.a
LOAD d:/program files/stmicroelectronics/stm32cubeide_1.5.1/stm32cubeide/plugins/com.st.stm32cube.ide.mcu.externaltools.gnu-tools-for-stm32.7-2018-q2-update.win32_1.5.0.202011040924/tools/bin/../lib/gcc/arm-none-eabi/7.3.1/../../../../arm-none-eabi/lib/thumb/v7-m\libm.a
END GROUP
START GROUP
LOAD d:/program files/stmicroelectronics/stm32cubeide_1.5.1/stm32cubeide/plugins/com.st.stm32cube.ide.mcu.externaltools.gnu-tools-for-stm32.7-2018-q2-update.win32_1.5.0.202011040924/tools/bin/../lib/gcc/arm-none-eabi/7.3.1/thumb/v7-m\libgcc.a
LOAD d:/program files/stmicroelectronics/stm32cubeide_1.5.1/stm32cubeide/plugins/com.st.stm32cube.ide.mcu.externaltools.gnu-tools-for-stm32.7-2018-q2-update.win32_1.5.0.202011040924/tools/bin/../lib/gcc/arm-none-eabi/7.3.1/../../../../arm-none-eabi/lib/thumb/v7-m\libc_nano.a
END GROUP
START GROUP
LOAD d:/program files/stmicroelectronics/stm32cubeide_1.5.1/stm32cubeide/plugins/com.st.stm32cube.ide.mcu.externaltools.gnu-tools-for-stm32.7-2018-q2-update.win32_1.5.0.202011040924/tools/bin/../lib/gcc/arm-none-eabi/7.3.1/thumb/v7-m\libgcc.a
LOAD d:/program files/stmicroelectronics/stm32cubeide_1.5.1/stm32cubeide/plugins/com.st.stm32cube.ide.mcu.externaltools.gnu-tools-for-stm32.7-2018-q2-update.win32_1.5.0.202011040924/tools/bin/../lib/gcc/arm-none-eabi/7.3.1/../../../../arm-none-eabi/lib/thumb/v7-m\libc_nano.a
LOAD d:/program files/stmicroelectronics/stm32cubeide_1.5.1/stm32cubeide/plugins/com.st.stm32cube.ide.mcu.externaltools.gnu-tools-for-stm32.7-2018-q2-update.win32_1.5.0.202011040924/tools/bin/../lib/gcc/arm-none-eabi/7.3.1/../../../../arm-none-eabi/lib/thumb/v7-m\libnosys.a
END GROUP
START GROUP
LOAD d:/program files/stmicroelectronics/stm32cubeide_1.5.1/stm32cubeide/plugins/com.st.stm32cube.ide.mcu.externaltools.gnu-tools-for-stm32.7-2018-q2-update.win32_1.5.0.202011040924/tools/bin/../lib/gcc/arm-none-eabi/7.3.1/thumb/v7-m\libgcc.a
LOAD d:/program files/stmicroelectronics/stm32cubeide_1.5.1/stm32cubeide/plugins/com.st.stm32cube.ide.mcu.externaltools.gnu-tools-for-stm32.7-2018-q2-update.win32_1.5.0.202011040924/tools/bin/../lib/gcc/arm-none-eabi/7.3.1/../../../../arm-none-eabi/lib/thumb/v7-m\libc_nano.a
LOAD d:/program files/stmicroelectronics/stm32cubeide_1.5.1/stm32cubeide/plugins/com.st.stm32cube.ide.mcu.externaltools.gnu-tools-for-stm32.7-2018-q2-update.win32_1.5.0.202011040924/tools/bin/../lib/gcc/arm-none-eabi/7.3.1/../../../../arm-none-eabi/lib/thumb/v7-m\libnosys.a
END GROUP
LOAD d:/program files/stmicroelectronics/stm32cubeide_1.5.1/stm32cubeide/plugins/com.st.stm32cube.ide.mcu.externaltools.gnu-tools-for-stm32.7-2018-q2-update.win32_1.5.0.202011040924/tools/bin/../lib/gcc/arm-none-eabi/7.3.1/thumb/v7-m/crtend.o
LOAD d:/program files/stmicroelectronics/stm32cubeide_1.5.1/stm32cubeide/plugins/com.st.stm32cube.ide.mcu.externaltools.gnu-tools-for-stm32.7-2018-q2-update.win32_1.5.0.202011040924/tools/bin/../lib/gcc/arm-none-eabi/7.3.1/thumb/v7-m/crtn.o
                0x0000000020005000                _estack = (ORIGIN (RAM) + LENGTH (RAM))
                0x0000000000000200                _Min_Heap_Size = 0x200
                0x0000000000000400                _Min_Stack_Size = 0x400

.isr_vector     0x0000000008000000      0x10c
                0x0000000008000000                . = ALIGN (0x4)
 *(.isr_vector)
 .isr_vector    0x0000000008000000      0x10c Core/Startup/startup_stm32f103c8tx.o
                0x0000000008000000                g_pfnVectors
                0x000000000800010c                . = ALIGN (0x4)

.text           0x000000000800010c     0x81cc
                0x000000000800010c                . = ALIGN (0x4)
 *(.text)
 .text          0x000000000800010c       0x40 d:/program files/stmicroelectronics/stm32cubeide_1.5.1/stm32cubeide/plugins/com.st.stm32cube.ide.mcu.externaltools.gnu-tools-for-stm32.7-2018-q2-update.win32_1.5.0.202011040924/tools/bin/../lib/gcc/arm-none-eabi/7.3.1/thumb/v7-m/crtbegin.o
 *(.text*)
 .text.check_key_press
                0x000000000800014c       0xb8 APP/clock.o
                0x000000000800014c                check_key_press
 .text.dir_right_func
                0x0000000008000204       0x52 APP/clock.o
                0x0000000008000204                dir_right_func
 *fill*         0x0000000008000256        0x2 
 .text.judge_add_val
                0x0000000008000258      0x12c APP/clock.o
                0x0000000008000258                judge_add_val
 .text.my_RTC_settime
                0x0000000008000384        0xc APP/clock.o
                0x0000000008000384                my_RTC_settime
 .text.clock_UI
                0x0000000008000390      0xab8 APP/clock.o
                0x0000000008000390                clock_UI
 .text.clock_setting
                0x0000000008000e48      0x80c APP/clock.o
                0x0000000008000e48                clock_setting
 .text.info_message
                0x0000000008001654       0x58 APP/info.o
                0x0000000008001654                info_message
 .text.menu2_games
                0x00000000080016ac      0x174 APP/menu.o
                0x00000000080016ac                menu2_games
 .text.menu1    0x0000000008001820      0x188 APP/menu.o
                0x0000000008001820                menu1
 .text.show_line
                0x00000000080019a8       0x64 APP/games/Dino.o
                0x00000000080019a8                show_line
 .text.move_dino
                0x0000000008001a0c       0x80 APP/games/Dino.o
                0x0000000008001a0c                move_dino
 .text.move_tree
                0x0000000008001a8c       0x3c APP/games/Dino.o
                0x0000000008001a8c                move_tree
 .text.display_score
                0x0000000008001ac8       0x90 APP/games/Dino.o
                0x0000000008001ac8                display_score
 .text.tree_collision_judge
                0x0000000008001b58       0x94 APP/games/Dino.o
                0x0000000008001b58                tree_collision_judge
 .text.dino_play
                0x0000000008001bec      0x37c APP/games/Dino.o
                0x0000000008001bec                dino_play
 .text.get_button_status
                0x0000000008001f68       0x24 APP/games/flappy_bird.o
                0x0000000008001f68                get_button_status
 .text.draw     0x0000000008001f8c      0x17c APP/games/flappy_bird.o
                0x0000000008001f8c                draw
 .text.flappy_bird_play
                0x0000000008002108      0x33c APP/games/flappy_bird.o
                0x0000000008002108                flappy_bird_play
 .text.game_init
                0x0000000008002444      0x130 APP/games/start_war.o
                0x0000000008002444                game_init
 .text.get_key_status
                0x0000000008002574       0x4c APP/games/start_war.o
                0x0000000008002574                get_key_status
 .text.star_draw
                0x00000000080025c0       0x98 APP/games/start_war.o
                0x00000000080025c0                star_draw
 .text.star_war_play
                0x0000000008002658      0x93c APP/games/start_war.o
                0x0000000008002658                star_war_play
 .text.MX_GPIO_Init
                0x0000000008002f94       0xcc Core/Src/gpio.o
                0x0000000008002f94                MX_GPIO_Init
 .text.MX_I2C1_Init
                0x0000000008003060       0x5c Core/Src/i2c.o
                0x0000000008003060                MX_I2C1_Init
 .text.MX_I2C2_Init
                0x00000000080030bc       0x5c Core/Src/i2c.o
                0x00000000080030bc                MX_I2C2_Init
 .text.HAL_I2C_MspInit
                0x0000000008003118       0xd8 Core/Src/i2c.o
                0x0000000008003118                HAL_I2C_MspInit
 .text.main     0x00000000080031f0       0x64 Core/Src/main.o
                0x00000000080031f0                main
 .text.SystemClock_Config
                0x0000000008003254       0xba Core/Src/main.o
                0x0000000008003254                SystemClock_Config
 .text.Error_Handler
                0x000000000800330e        0x8 Core/Src/main.o
                0x000000000800330e                Error_Handler
 *fill*         0x0000000008003316        0x2 
 .text.MX_RTC_Init
                0x0000000008003318      0x15c Core/Src/rtc.o
                0x0000000008003318                MX_RTC_Init
 .text.HAL_RTC_MspInit
                0x0000000008003474       0x58 Core/Src/rtc.o
                0x0000000008003474                HAL_RTC_MspInit
 .text.SaveTimeToBackup
                0x00000000080034cc      0x110 Core/Src/rtc.o
                0x00000000080034cc                SaveTimeToBackup
 .text.HAL_MspInit
                0x00000000080035dc       0x64 Core/Src/stm32f1xx_hal_msp.o
                0x00000000080035dc                HAL_MspInit
 .text.NMI_Handler
                0x0000000008003640        0x6 Core/Src/stm32f1xx_it.o
                0x0000000008003640                NMI_Handler
 .text.HardFault_Handler
                0x0000000008003646        0x6 Core/Src/stm32f1xx_it.o
                0x0000000008003646                HardFault_Handler
 .text.MemManage_Handler
                0x000000000800364c        0x6 Core/Src/stm32f1xx_it.o
                0x000000000800364c                MemManage_Handler
 .text.BusFault_Handler
                0x0000000008003652        0x6 Core/Src/stm32f1xx_it.o
                0x0000000008003652                BusFault_Handler
 .text.UsageFault_Handler
                0x0000000008003658        0x6 Core/Src/stm32f1xx_it.o
                0x0000000008003658                UsageFault_Handler
 .text.SVC_Handler
                0x000000000800365e        0xc Core/Src/stm32f1xx_it.o
                0x000000000800365e                SVC_Handler
 .text.DebugMon_Handler
                0x000000000800366a        0xc Core/Src/stm32f1xx_it.o
                0x000000000800366a                DebugMon_Handler
 .text.PendSV_Handler
                0x0000000008003676        0xc Core/Src/stm32f1xx_it.o
                0x0000000008003676                PendSV_Handler
 .text.SysTick_Handler
                0x0000000008003682        0xc Core/Src/stm32f1xx_it.o
                0x0000000008003682                SysTick_Handler
 *fill*         0x000000000800368e        0x2 
 .text.RTC_IRQHandler
                0x0000000008003690       0x14 Core/Src/stm32f1xx_it.o
                0x0000000008003690                RTC_IRQHandler
 .text._sbrk    0x00000000080036a4       0x6c Core/Src/sysmem.o
                0x00000000080036a4                _sbrk
 .text.SystemInit
                0x0000000008003710        0xc Core/Src/system_stm32f1xx.o
                0x0000000008003710                SystemInit
 .text.Reset_Handler
                0x000000000800371c       0x48 Core/Startup/startup_stm32f103c8tx.o
                0x000000000800371c                Reset_Handler
 .text.Default_Handler
                0x0000000008003764        0x2 Core/Startup/startup_stm32f103c8tx.o
                0x0000000008003764                RTC_Alarm_IRQHandler
                0x0000000008003764                EXTI2_IRQHandler
                0x0000000008003764                TIM1_CC_IRQHandler
                0x0000000008003764                PVD_IRQHandler
                0x0000000008003764                EXTI3_IRQHandler
                0x0000000008003764                EXTI0_IRQHandler
                0x0000000008003764                I2C2_EV_IRQHandler
                0x0000000008003764                ADC1_2_IRQHandler
                0x0000000008003764                SPI1_IRQHandler
                0x0000000008003764                TAMPER_IRQHandler
                0x0000000008003764                DMA1_Channel4_IRQHandler
                0x0000000008003764                USART3_IRQHandler
                0x0000000008003764                DMA1_Channel7_IRQHandler
                0x0000000008003764                CAN1_RX1_IRQHandler
                0x0000000008003764                TIM4_IRQHandler
                0x0000000008003764                I2C1_EV_IRQHandler
                0x0000000008003764                DMA1_Channel6_IRQHandler
                0x0000000008003764                TIM3_IRQHandler
                0x0000000008003764                RCC_IRQHandler
                0x0000000008003764                TIM1_TRG_COM_IRQHandler
                0x0000000008003764                DMA1_Channel1_IRQHandler
                0x0000000008003764                Default_Handler
                0x0000000008003764                EXTI15_10_IRQHandler
                0x0000000008003764                EXTI9_5_IRQHandler
                0x0000000008003764                SPI2_IRQHandler
                0x0000000008003764                DMA1_Channel5_IRQHandler
                0x0000000008003764                EXTI4_IRQHandler
                0x0000000008003764                USB_LP_CAN1_RX0_IRQHandler
                0x0000000008003764                USB_HP_CAN1_TX_IRQHandler
                0x0000000008003764                DMA1_Channel3_IRQHandler
                0x0000000008003764                TIM1_UP_IRQHandler
                0x0000000008003764                WWDG_IRQHandler
                0x0000000008003764                TIM2_IRQHandler
                0x0000000008003764                TIM1_BRK_IRQHandler
                0x0000000008003764                EXTI1_IRQHandler
                0x0000000008003764                USART2_IRQHandler
                0x0000000008003764                I2C2_ER_IRQHandler
                0x0000000008003764                DMA1_Channel2_IRQHandler
                0x0000000008003764                CAN1_SCE_IRQHandler
                0x0000000008003764                FLASH_IRQHandler
                0x0000000008003764                USART1_IRQHandler
                0x0000000008003764                I2C1_ER_IRQHandler
                0x0000000008003764                USBWakeUp_IRQHandler
 .text.bcd2dec  0x0000000008003766       0x30 Drivers/BSP/DS3231/ds3231.o
                0x0000000008003766                bcd2dec
 *fill*         0x0000000008003796        0x2 
 .text.dec2bcd  0x0000000008003798       0x44 Drivers/BSP/DS3231/ds3231.o
                0x0000000008003798                dec2bcd
 .text.DS3231_Read_All
                0x00000000080037dc       0x40 Drivers/BSP/DS3231/ds3231.o
                0x00000000080037dc                DS3231_Read_All
 .text.DS3231_Read_Time
                0x000000000800381c       0xc4 Drivers/BSP/DS3231/ds3231.o
                0x000000000800381c                DS3231_Read_Time
 .text.DS3231_Set_Time
                0x00000000080038e0       0xb4 Drivers/BSP/DS3231/ds3231.o
                0x00000000080038e0                DS3231_Set_Time
 .text.DS3231_Update
                0x0000000008003994       0x30 Drivers/BSP/DS3231/ds3231.o
                0x0000000008003994                DS3231_Update
 .text.Key_GetNum
                0x00000000080039c4       0xe0 Drivers/BSP/KEY/key.o
                0x00000000080039c4                Key_GetNum
 .text.Send     0x0000000008003aa4       0x30 Drivers/BSP/OLED/oled.o
                0x0000000008003aa4                Send
 .text.OLED_SendCmd
                0x0000000008003ad4       0x2a Drivers/BSP/OLED/oled.o
                0x0000000008003ad4                OLED_SendCmd
 .text.OLED_Init
                0x0000000008003afe       0xac Drivers/BSP/OLED/oled.o
                0x0000000008003afe                OLED_Init
 *fill*         0x0000000008003baa        0x2 
 .text.OLED_NewFrame
                0x0000000008003bac       0x18 Drivers/BSP/OLED/oled.o
                0x0000000008003bac                OLED_NewFrame
 .text.OLED_ShowFrame
                0x0000000008003bc4       0x64 Drivers/BSP/OLED/oled.o
                0x0000000008003bc4                OLED_ShowFrame
 .text.OLED_SetPixel
                0x0000000008003c28       0xb0 Drivers/BSP/OLED/oled.o
                0x0000000008003c28                OLED_SetPixel
 .text.OLED_SetByte_Fine
                0x0000000008003cd8       0xf8 Drivers/BSP/OLED/oled.o
                0x0000000008003cd8                OLED_SetByte_Fine
 .text.OLED_SetBits_Fine
                0x0000000008003dd0       0xbe Drivers/BSP/OLED/oled.o
                0x0000000008003dd0                OLED_SetBits_Fine
 .text.OLED_SetBits
                0x0000000008003e8e       0x82 Drivers/BSP/OLED/oled.o
                0x0000000008003e8e                OLED_SetBits
 .text.OLED_SetBlock
                0x0000000008003f10       0xe2 Drivers/BSP/OLED/oled.o
                0x0000000008003f10                OLED_SetBlock
 *fill*         0x0000000008003ff2        0x2 
 .text.OLED_DrawLine
                0x0000000008003ff4      0x1d4 Drivers/BSP/OLED/oled.o
                0x0000000008003ff4                OLED_DrawLine
 .text.OLED_DrawRectangle
                0x00000000080041c8       0xa2 Drivers/BSP/OLED/oled.o
                0x00000000080041c8                OLED_DrawRectangle
 .text.OLED_DrawFilledRectangle
                0x000000000800426a       0x62 Drivers/BSP/OLED/oled.o
                0x000000000800426a                OLED_DrawFilledRectangle
 .text.OLED_DrawCircle
                0x00000000080042cc      0x1b6 Drivers/BSP/OLED/oled.o
                0x00000000080042cc                OLED_DrawCircle
 .text.OLED_DrawImage
                0x0000000008004482       0x3c Drivers/BSP/OLED/oled.o
                0x0000000008004482                OLED_DrawImage
 .text.OLED_PrintASCIIChar
                0x00000000080044be       0x5e Drivers/BSP/OLED/oled.o
                0x00000000080044be                OLED_PrintASCIIChar
 .text.OLED_PrintASCIIChar_offset_mid_to_down
                0x000000000800451c       0x6c Drivers/BSP/OLED/oled.o
                0x000000000800451c                OLED_PrintASCIIChar_offset_mid_to_down
 .text.OLED_PrintASCIIChar_offset_up_to_down
                0x0000000008004588       0x6e Drivers/BSP/OLED/oled.o
                0x0000000008004588                OLED_PrintASCIIChar_offset_up_to_down
 .text.OLED_PrintASCIIString
                0x00000000080045f6       0x4c Drivers/BSP/OLED/oled.o
                0x00000000080045f6                OLED_PrintASCIIString
 .text.OLED_PrintASCIIString_offset_mid_to_down
                0x0000000008004642       0x52 Drivers/BSP/OLED/oled.o
                0x0000000008004642                OLED_PrintASCIIString_offset_mid_to_down
 .text.OLED_PrintASCIIString_offset_up_to_down
                0x0000000008004694       0x58 Drivers/BSP/OLED/oled.o
                0x0000000008004694                OLED_PrintASCIIString_offset_up_to_down
 .text._OLED_GetUTF8Len
                0x00000000080046ec       0x52 Drivers/BSP/OLED/oled.o
                0x00000000080046ec                _OLED_GetUTF8Len
 .text.OLED_PrintString
                0x000000000800473e      0x14c Drivers/BSP/OLED/oled.o
                0x000000000800473e                OLED_PrintString
 *fill*         0x000000000800488a        0x2 
 .text.OLED_DrawPoint
                0x000000000800488c       0x94 Drivers/BSP/OLED/oled.o
                0x000000000800488c                OLED_DrawPoint
 .text.HAL_Init
                0x0000000008004920       0x2c Drivers/STM32F1xx_HAL_Driver/Src/stm32f1xx_hal.o
                0x0000000008004920                HAL_Init
 .text.HAL_InitTick
                0x000000000800494c       0x60 Drivers/STM32F1xx_HAL_Driver/Src/stm32f1xx_hal.o
                0x000000000800494c                HAL_InitTick
 .text.HAL_IncTick
                0x00000000080049ac       0x24 Drivers/STM32F1xx_HAL_Driver/Src/stm32f1xx_hal.o
                0x00000000080049ac                HAL_IncTick
 .text.HAL_GetTick
                0x00000000080049d0       0x14 Drivers/STM32F1xx_HAL_Driver/Src/stm32f1xx_hal.o
                0x00000000080049d0                HAL_GetTick
 .text.HAL_Delay
                0x00000000080049e4       0x44 Drivers/STM32F1xx_HAL_Driver/Src/stm32f1xx_hal.o
                0x00000000080049e4                HAL_Delay
 .text.__NVIC_SetPriorityGrouping
                0x0000000008004a28       0x48 Drivers/STM32F1xx_HAL_Driver/Src/stm32f1xx_hal_cortex.o
 .text.__NVIC_GetPriorityGrouping
                0x0000000008004a70       0x1c Drivers/STM32F1xx_HAL_Driver/Src/stm32f1xx_hal_cortex.o
 .text.__NVIC_EnableIRQ
                0x0000000008004a8c       0x38 Drivers/STM32F1xx_HAL_Driver/Src/stm32f1xx_hal_cortex.o
 .text.__NVIC_SetPriority
                0x0000000008004ac4       0x54 Drivers/STM32F1xx_HAL_Driver/Src/stm32f1xx_hal_cortex.o
 .text.NVIC_EncodePriority
                0x0000000008004b18       0x64 Drivers/STM32F1xx_HAL_Driver/Src/stm32f1xx_hal_cortex.o
 .text.SysTick_Config
                0x0000000008004b7c       0x44 Drivers/STM32F1xx_HAL_Driver/Src/stm32f1xx_hal_cortex.o
 .text.HAL_NVIC_SetPriorityGrouping
                0x0000000008004bc0       0x16 Drivers/STM32F1xx_HAL_Driver/Src/stm32f1xx_hal_cortex.o
                0x0000000008004bc0                HAL_NVIC_SetPriorityGrouping
 .text.HAL_NVIC_SetPriority
                0x0000000008004bd6       0x38 Drivers/STM32F1xx_HAL_Driver/Src/stm32f1xx_hal_cortex.o
                0x0000000008004bd6                HAL_NVIC_SetPriority
 .text.HAL_NVIC_EnableIRQ
                0x0000000008004c0e       0x1c Drivers/STM32F1xx_HAL_Driver/Src/stm32f1xx_hal_cortex.o
                0x0000000008004c0e                HAL_NVIC_EnableIRQ
 .text.HAL_SYSTICK_Config
                0x0000000008004c2a       0x18 Drivers/STM32F1xx_HAL_Driver/Src/stm32f1xx_hal_cortex.o
                0x0000000008004c2a                HAL_SYSTICK_Config
 *fill*         0x0000000008004c42        0x2 
 .text.HAL_GPIO_Init
                0x0000000008004c44      0x2b4 Drivers/STM32F1xx_HAL_Driver/Src/stm32f1xx_hal_gpio.o
                0x0000000008004c44                HAL_GPIO_Init
 .text.HAL_GPIO_ReadPin
                0x0000000008004ef8       0x2e Drivers/STM32F1xx_HAL_Driver/Src/stm32f1xx_hal_gpio.o
                0x0000000008004ef8                HAL_GPIO_ReadPin
 .text.HAL_GPIO_WritePin
                0x0000000008004f26       0x30 Drivers/STM32F1xx_HAL_Driver/Src/stm32f1xx_hal_gpio.o
                0x0000000008004f26                HAL_GPIO_WritePin
 *fill*         0x0000000008004f56        0x2 
 .text.HAL_I2C_Init
                0x0000000008004f58      0x270 Drivers/STM32F1xx_HAL_Driver/Src/stm32f1xx_hal_i2c.o
                0x0000000008004f58                HAL_I2C_Init
 .text.HAL_I2C_Master_Transmit
                0x00000000080051c8      0x1fc Drivers/STM32F1xx_HAL_Driver/Src/stm32f1xx_hal_i2c.o
                0x00000000080051c8                HAL_I2C_Master_Transmit
 .text.HAL_I2C_Master_Receive
                0x00000000080053c4      0x4b4 Drivers/STM32F1xx_HAL_Driver/Src/stm32f1xx_hal_i2c.o
                0x00000000080053c4                HAL_I2C_Master_Receive
 .text.HAL_I2C_Mem_Write
                0x0000000008005878      0x1f4 Drivers/STM32F1xx_HAL_Driver/Src/stm32f1xx_hal_i2c.o
                0x0000000008005878                HAL_I2C_Mem_Write
 .text.I2C_MasterRequestWrite
                0x0000000008005a6c      0x104 Drivers/STM32F1xx_HAL_Driver/Src/stm32f1xx_hal_i2c.o
 .text.I2C_MasterRequestRead
                0x0000000008005b70      0x19c Drivers/STM32F1xx_HAL_Driver/Src/stm32f1xx_hal_i2c.o
 .text.I2C_RequestMemoryWrite
                0x0000000008005d0c      0x12c Drivers/STM32F1xx_HAL_Driver/Src/stm32f1xx_hal_i2c.o
 .text.I2C_WaitOnFlagUntilTimeout
                0x0000000008005e38       0xae Drivers/STM32F1xx_HAL_Driver/Src/stm32f1xx_hal_i2c.o
 .text.I2C_WaitOnMasterAddressFlagUntilTimeout
                0x0000000008005ee6       0xfe Drivers/STM32F1xx_HAL_Driver/Src/stm32f1xx_hal_i2c.o
 .text.I2C_WaitOnTXEFlagUntilTimeout
                0x0000000008005fe4       0x82 Drivers/STM32F1xx_HAL_Driver/Src/stm32f1xx_hal_i2c.o
 .text.I2C_WaitOnBTFFlagUntilTimeout
                0x0000000008006066       0x82 Drivers/STM32F1xx_HAL_Driver/Src/stm32f1xx_hal_i2c.o
 .text.I2C_WaitOnRXNEFlagUntilTimeout
                0x00000000080060e8       0xac Drivers/STM32F1xx_HAL_Driver/Src/stm32f1xx_hal_i2c.o
 .text.I2C_IsAcknowledgeFailed
                0x0000000008006194       0x5c Drivers/STM32F1xx_HAL_Driver/Src/stm32f1xx_hal_i2c.o
 .text.HAL_PWR_EnableBkUpAccess
                0x00000000080061f0       0x18 Drivers/STM32F1xx_HAL_Driver/Src/stm32f1xx_hal_pwr.o
                0x00000000080061f0                HAL_PWR_EnableBkUpAccess
 .text.HAL_PWR_DisableBkUpAccess
                0x0000000008006208       0x18 Drivers/STM32F1xx_HAL_Driver/Src/stm32f1xx_hal_pwr.o
                0x0000000008006208                HAL_PWR_DisableBkUpAccess
 .text.HAL_RCC_OscConfig
                0x0000000008006220      0x500 Drivers/STM32F1xx_HAL_Driver/Src/stm32f1xx_hal_rcc.o
                0x0000000008006220                HAL_RCC_OscConfig
 .text.HAL_RCC_ClockConfig
                0x0000000008006720      0x1d4 Drivers/STM32F1xx_HAL_Driver/Src/stm32f1xx_hal_rcc.o
                0x0000000008006720                HAL_RCC_ClockConfig
 .text.HAL_RCC_GetSysClockFreq
                0x00000000080068f4       0xc4 Drivers/STM32F1xx_HAL_Driver/Src/stm32f1xx_hal_rcc.o
                0x00000000080068f4                HAL_RCC_GetSysClockFreq
 .text.HAL_RCC_GetHCLKFreq
                0x00000000080069b8       0x14 Drivers/STM32F1xx_HAL_Driver/Src/stm32f1xx_hal_rcc.o
                0x00000000080069b8                HAL_RCC_GetHCLKFreq
 .text.HAL_RCC_GetPCLK1Freq
                0x00000000080069cc       0x28 Drivers/STM32F1xx_HAL_Driver/Src/stm32f1xx_hal_rcc.o
                0x00000000080069cc                HAL_RCC_GetPCLK1Freq
 .text.HAL_RCC_GetPCLK2Freq
                0x00000000080069f4       0x28 Drivers/STM32F1xx_HAL_Driver/Src/stm32f1xx_hal_rcc.o
                0x00000000080069f4                HAL_RCC_GetPCLK2Freq
 .text.RCC_Delay
                0x0000000008006a1c       0x3c Drivers/STM32F1xx_HAL_Driver/Src/stm32f1xx_hal_rcc.o
 .text.HAL_RCCEx_PeriphCLKConfig
                0x0000000008006a58      0x16c Drivers/STM32F1xx_HAL_Driver/Src/stm32f1xx_hal_rcc_ex.o
                0x0000000008006a58                HAL_RCCEx_PeriphCLKConfig
 .text.HAL_RCCEx_GetPeriphCLKFreq
                0x0000000008006bc4      0x178 Drivers/STM32F1xx_HAL_Driver/Src/stm32f1xx_hal_rcc_ex.o
                0x0000000008006bc4                HAL_RCCEx_GetPeriphCLKFreq
 .text.HAL_RTC_Init
                0x0000000008006d3c      0x12c Drivers/STM32F1xx_HAL_Driver/Src/stm32f1xx_hal_rtc.o
                0x0000000008006d3c                HAL_RTC_Init
 .text.HAL_RTC_SetTime
                0x0000000008006e68      0x12e Drivers/STM32F1xx_HAL_Driver/Src/stm32f1xx_hal_rtc.o
                0x0000000008006e68                HAL_RTC_SetTime
 *fill*         0x0000000008006f96        0x2 
 .text.HAL_RTC_GetTime
                0x0000000008006f98      0x1b0 Drivers/STM32F1xx_HAL_Driver/Src/stm32f1xx_hal_rtc.o
                0x0000000008006f98                HAL_RTC_GetTime
 .text.HAL_RTC_SetDate
                0x0000000008007148      0x16c Drivers/STM32F1xx_HAL_Driver/Src/stm32f1xx_hal_rtc.o
                0x0000000008007148                HAL_RTC_SetDate
 .text.HAL_RTC_GetDate
                0x00000000080072b4       0xa8 Drivers/STM32F1xx_HAL_Driver/Src/stm32f1xx_hal_rtc.o
                0x00000000080072b4                HAL_RTC_GetDate
 .text.HAL_RTC_WaitForSynchro
                0x000000000800735c       0x5a Drivers/STM32F1xx_HAL_Driver/Src/stm32f1xx_hal_rtc.o
                0x000000000800735c                HAL_RTC_WaitForSynchro
 .text.RTC_ReadTimeCounter
                0x00000000080073b6       0x60 Drivers/STM32F1xx_HAL_Driver/Src/stm32f1xx_hal_rtc.o
 .text.RTC_WriteTimeCounter
                0x0000000008007416       0x4e Drivers/STM32F1xx_HAL_Driver/Src/stm32f1xx_hal_rtc.o
 .text.RTC_ReadAlarmCounter
                0x0000000008007464       0x32 Drivers/STM32F1xx_HAL_Driver/Src/stm32f1xx_hal_rtc.o
 .text.RTC_WriteAlarmCounter
                0x0000000008007496       0x4e Drivers/STM32F1xx_HAL_Driver/Src/stm32f1xx_hal_rtc.o
 .text.RTC_EnterInitMode
                0x00000000080074e4       0x50 Drivers/STM32F1xx_HAL_Driver/Src/stm32f1xx_hal_rtc.o
 .text.RTC_ExitInitMode
                0x0000000008007534       0x50 Drivers/STM32F1xx_HAL_Driver/Src/stm32f1xx_hal_rtc.o
 .text.RTC_ByteToBcd2
                0x0000000008007584       0x3a Drivers/STM32F1xx_HAL_Driver/Src/stm32f1xx_hal_rtc.o
 .text.RTC_Bcd2ToByte
                0x00000000080075be       0x3a Drivers/STM32F1xx_HAL_Driver/Src/stm32f1xx_hal_rtc.o
 .text.RTC_DateUpdate
                0x00000000080075f8      0x152 Drivers/STM32F1xx_HAL_Driver/Src/stm32f1xx_hal_rtc.o
 *fill*         0x000000000800774a        0x2 
 .text.RTC_IsLeapYear
                0x000000000800774c       0x64 Drivers/STM32F1xx_HAL_Driver/Src/stm32f1xx_hal_rtc.o
 .text.RTC_WeekDayNum
                0x00000000080077b0       0xf0 Drivers/STM32F1xx_HAL_Driver/Src/stm32f1xx_hal_rtc.o
 .text.HAL_RTCEx_RTCIRQHandler
                0x00000000080078a0       0x6e Drivers/STM32F1xx_HAL_Driver/Src/stm32f1xx_hal_rtc_ex.o
                0x00000000080078a0                HAL_RTCEx_RTCIRQHandler
 .text.HAL_RTCEx_RTCEventCallback
                0x000000000800790e       0x12 Drivers/STM32F1xx_HAL_Driver/Src/stm32f1xx_hal_rtc_ex.o
                0x000000000800790e                HAL_RTCEx_RTCEventCallback
 .text.HAL_RTCEx_RTCEventErrorCallback
                0x0000000008007920       0x12 Drivers/STM32F1xx_HAL_Driver/Src/stm32f1xx_hal_rtc_ex.o
                0x0000000008007920                HAL_RTCEx_RTCEventErrorCallback
 *fill*         0x0000000008007932        0x2 
 .text.HAL_RTCEx_BKUPWrite
                0x0000000008007934       0x34 Drivers/STM32F1xx_HAL_Driver/Src/stm32f1xx_hal_rtc_ex.o
                0x0000000008007934                HAL_RTCEx_BKUPWrite
 .text.HAL_RTCEx_BKUPRead
                0x0000000008007968       0x38 Drivers/STM32F1xx_HAL_Driver/Src/stm32f1xx_hal_rtc_ex.o
                0x0000000008007968                HAL_RTCEx_BKUPRead
 .text.__errno  0x00000000080079a0        0xc d:/program files/stmicroelectronics/stm32cubeide_1.5.1/stm32cubeide/plugins/com.st.stm32cube.ide.mcu.externaltools.gnu-tools-for-stm32.7-2018-q2-update.win32_1.5.0.202011040924/tools/bin/../lib/gcc/arm-none-eabi/7.3.1/../../../../arm-none-eabi/lib/thumb/v7-m\libc_nano.a(lib_a-errno.o)
                0x00000000080079a0                __errno
 .text.__libc_init_array
                0x00000000080079ac       0x48 d:/program files/stmicroelectronics/stm32cubeide_1.5.1/stm32cubeide/plugins/com.st.stm32cube.ide.mcu.externaltools.gnu-tools-for-stm32.7-2018-q2-update.win32_1.5.0.202011040924/tools/bin/../lib/gcc/arm-none-eabi/7.3.1/../../../../arm-none-eabi/lib/thumb/v7-m\libc_nano.a(lib_a-init.o)
                0x00000000080079ac                __libc_init_array
 .text.memcmp   0x00000000080079f4       0x1e d:/program files/stmicroelectronics/stm32cubeide_1.5.1/stm32cubeide/plugins/com.st.stm32cube.ide.mcu.externaltools.gnu-tools-for-stm32.7-2018-q2-update.win32_1.5.0.202011040924/tools/bin/../lib/gcc/arm-none-eabi/7.3.1/../../../../arm-none-eabi/lib/thumb/v7-m\libc_nano.a(lib_a-memcmp.o)
                0x00000000080079f4                memcmp
 .text.memcpy   0x0000000008007a12       0x16 d:/program files/stmicroelectronics/stm32cubeide_1.5.1/stm32cubeide/plugins/com.st.stm32cube.ide.mcu.externaltools.gnu-tools-for-stm32.7-2018-q2-update.win32_1.5.0.202011040924/tools/bin/../lib/gcc/arm-none-eabi/7.3.1/../../../../arm-none-eabi/lib/thumb/v7-m\libc_nano.a(lib_a-memcpy-stub.o)
                0x0000000008007a12                memcpy
 .text.memset   0x0000000008007a28       0x10 d:/program files/stmicroelectronics/stm32cubeide_1.5.1/stm32cubeide/plugins/com.st.stm32cube.ide.mcu.externaltools.gnu-tools-for-stm32.7-2018-q2-update.win32_1.5.0.202011040924/tools/bin/../lib/gcc/arm-none-eabi/7.3.1/../../../../arm-none-eabi/lib/thumb/v7-m\libc_nano.a(lib_a-memset.o)
                0x0000000008007a28                memset
 .text.rand     0x0000000008007a38       0x68 d:/program files/stmicroelectronics/stm32cubeide_1.5.1/stm32cubeide/plugins/com.st.stm32cube.ide.mcu.externaltools.gnu-tools-for-stm32.7-2018-q2-update.win32_1.5.0.202011040924/tools/bin/../lib/gcc/arm-none-eabi/7.3.1/../../../../arm-none-eabi/lib/thumb/v7-m\libc_nano.a(lib_a-rand.o)
                0x0000000008007a38                rand
 .text.sprintf  0x0000000008007aa0       0x40 d:/program files/stmicroelectronics/stm32cubeide_1.5.1/stm32cubeide/plugins/com.st.stm32cube.ide.mcu.externaltools.gnu-tools-for-stm32.7-2018-q2-update.win32_1.5.0.202011040924/tools/bin/../lib/gcc/arm-none-eabi/7.3.1/../../../../arm-none-eabi/lib/thumb/v7-m\libc_nano.a(lib_a-sprintf.o)
                0x0000000008007aa0                siprintf
                0x0000000008007aa0                sprintf
 .text.malloc   0x0000000008007ae0       0x10 d:/program files/stmicroelectronics/stm32cubeide_1.5.1/stm32cubeide/plugins/com.st.stm32cube.ide.mcu.externaltools.gnu-tools-for-stm32.7-2018-q2-update.win32_1.5.0.202011040924/tools/bin/../lib/gcc/arm-none-eabi/7.3.1/../../../../arm-none-eabi/lib/thumb/v7-m\libc_nano.a(lib_a-malloc.o)
                0x0000000008007ae0                malloc
 .text._free_r  0x0000000008007af0       0x98 d:/program files/stmicroelectronics/stm32cubeide_1.5.1/stm32cubeide/plugins/com.st.stm32cube.ide.mcu.externaltools.gnu-tools-for-stm32.7-2018-q2-update.win32_1.5.0.202011040924/tools/bin/../lib/gcc/arm-none-eabi/7.3.1/../../../../arm-none-eabi/lib/thumb/v7-m\libc_nano.a(lib_a-nano-freer.o)
                0x0000000008007af0                _free_r
 .text._malloc_r
                0x0000000008007b88       0xb4 d:/program files/stmicroelectronics/stm32cubeide_1.5.1/stm32cubeide/plugins/com.st.stm32cube.ide.mcu.externaltools.gnu-tools-for-stm32.7-2018-q2-update.win32_1.5.0.202011040924/tools/bin/../lib/gcc/arm-none-eabi/7.3.1/../../../../arm-none-eabi/lib/thumb/v7-m\libc_nano.a(lib_a-nano-mallocr.o)
                0x0000000008007b88                _malloc_r
 .text.__ssputs_r
                0x0000000008007c3c       0xb4 d:/program files/stmicroelectronics/stm32cubeide_1.5.1/stm32cubeide/plugins/com.st.stm32cube.ide.mcu.externaltools.gnu-tools-for-stm32.7-2018-q2-update.win32_1.5.0.202011040924/tools/bin/../lib/gcc/arm-none-eabi/7.3.1/../../../../arm-none-eabi/lib/thumb/v7-m\libc_nano.a(lib_a-nano-svfprintf.o)
                0x0000000008007c3c                __ssputs_r
 .text._svfprintf_r
                0x0000000008007cf0      0x1f0 d:/program files/stmicroelectronics/stm32cubeide_1.5.1/stm32cubeide/plugins/com.st.stm32cube.ide.mcu.externaltools.gnu-tools-for-stm32.7-2018-q2-update.win32_1.5.0.202011040924/tools/bin/../lib/gcc/arm-none-eabi/7.3.1/../../../../arm-none-eabi/lib/thumb/v7-m\libc_nano.a(lib_a-nano-svfprintf.o)
                0x0000000008007cf0                _svfiprintf_r
                0x0000000008007cf0                _svfprintf_r
 .text._printf_common
                0x0000000008007ee0       0xec d:/program files/stmicroelectronics/stm32cubeide_1.5.1/stm32cubeide/plugins/com.st.stm32cube.ide.mcu.externaltools.gnu-tools-for-stm32.7-2018-q2-update.win32_1.5.0.202011040924/tools/bin/../lib/gcc/arm-none-eabi/7.3.1/../../../../arm-none-eabi/lib/thumb/v7-m\libc_nano.a(lib_a-nano-vfprintf_i.o)
                0x0000000008007ee0                _printf_common
 .text._printf_i
                0x0000000008007fcc      0x224 d:/program files/stmicroelectronics/stm32cubeide_1.5.1/stm32cubeide/plugins/com.st.stm32cube.ide.mcu.externaltools.gnu-tools-for-stm32.7-2018-q2-update.win32_1.5.0.202011040924/tools/bin/../lib/gcc/arm-none-eabi/7.3.1/../../../../arm-none-eabi/lib/thumb/v7-m\libc_nano.a(lib_a-nano-vfprintf_i.o)
                0x0000000008007fcc                _printf_i
 .text._sbrk_r  0x00000000080081f0       0x20 d:/program files/stmicroelectronics/stm32cubeide_1.5.1/stm32cubeide/plugins/com.st.stm32cube.ide.mcu.externaltools.gnu-tools-for-stm32.7-2018-q2-update.win32_1.5.0.202011040924/tools/bin/../lib/gcc/arm-none-eabi/7.3.1/../../../../arm-none-eabi/lib/thumb/v7-m\libc_nano.a(lib_a-sbrkr.o)
                0x00000000080081f0                _sbrk_r
 .text.memchr   0x0000000008008210       0x1c d:/program files/stmicroelectronics/stm32cubeide_1.5.1/stm32cubeide/plugins/com.st.stm32cube.ide.mcu.externaltools.gnu-tools-for-stm32.7-2018-q2-update.win32_1.5.0.202011040924/tools/bin/../lib/gcc/arm-none-eabi/7.3.1/../../../../arm-none-eabi/lib/thumb/v7-m\libc_nano.a(lib_a-memchr-stub.o)
                0x0000000008008210                memchr
 .text.memmove  0x000000000800822c       0x32 d:/program files/stmicroelectronics/stm32cubeide_1.5.1/stm32cubeide/plugins/com.st.stm32cube.ide.mcu.externaltools.gnu-tools-for-stm32.7-2018-q2-update.win32_1.5.0.202011040924/tools/bin/../lib/gcc/arm-none-eabi/7.3.1/../../../../arm-none-eabi/lib/thumb/v7-m\libc_nano.a(lib_a-memmove.o)
                0x000000000800822c                memmove
 .text.__malloc_lock
                0x000000000800825e        0x2 d:/program files/stmicroelectronics/stm32cubeide_1.5.1/stm32cubeide/plugins/com.st.stm32cube.ide.mcu.externaltools.gnu-tools-for-stm32.7-2018-q2-update.win32_1.5.0.202011040924/tools/bin/../lib/gcc/arm-none-eabi/7.3.1/../../../../arm-none-eabi/lib/thumb/v7-m\libc_nano.a(lib_a-mlock.o)
                0x000000000800825e                __malloc_lock
 .text.__malloc_unlock
                0x0000000008008260        0x2 d:/program files/stmicroelectronics/stm32cubeide_1.5.1/stm32cubeide/plugins/com.st.stm32cube.ide.mcu.externaltools.gnu-tools-for-stm32.7-2018-q2-update.win32_1.5.0.202011040924/tools/bin/../lib/gcc/arm-none-eabi/7.3.1/../../../../arm-none-eabi/lib/thumb/v7-m\libc_nano.a(lib_a-mlock.o)
                0x0000000008008260                __malloc_unlock
 .text._realloc_r
                0x0000000008008262       0x4c d:/program files/stmicroelectronics/stm32cubeide_1.5.1/stm32cubeide/plugins/com.st.stm32cube.ide.mcu.externaltools.gnu-tools-for-stm32.7-2018-q2-update.win32_1.5.0.202011040924/tools/bin/../lib/gcc/arm-none-eabi/7.3.1/../../../../arm-none-eabi/lib/thumb/v7-m\libc_nano.a(lib_a-nano-reallocr.o)
                0x0000000008008262                _realloc_r
 .text._malloc_usable_size_r
                0x00000000080082ae       0x10 d:/program files/stmicroelectronics/stm32cubeide_1.5.1/stm32cubeide/plugins/com.st.stm32cube.ide.mcu.externaltools.gnu-tools-for-stm32.7-2018-q2-update.win32_1.5.0.202011040924/tools/bin/../lib/gcc/arm-none-eabi/7.3.1/../../../../arm-none-eabi/lib/thumb/v7-m\libc_nano.a(lib_a-nano-msizer.o)
                0x00000000080082ae                _malloc_usable_size_r
 *(.glue_7)
 .glue_7        0x00000000080082be        0x0 linker stubs
 *(.glue_7t)
 .glue_7t       0x00000000080082be        0x0 linker stubs
 *(.eh_frame)
 *fill*         0x00000000080082be        0x2 
 .eh_frame      0x00000000080082c0        0x0 d:/program files/stmicroelectronics/stm32cubeide_1.5.1/stm32cubeide/plugins/com.st.stm32cube.ide.mcu.externaltools.gnu-tools-for-stm32.7-2018-q2-update.win32_1.5.0.202011040924/tools/bin/../lib/gcc/arm-none-eabi/7.3.1/thumb/v7-m/crtbegin.o
 *(.init)
 .init          0x00000000080082c0        0x4 d:/program files/stmicroelectronics/stm32cubeide_1.5.1/stm32cubeide/plugins/com.st.stm32cube.ide.mcu.externaltools.gnu-tools-for-stm32.7-2018-q2-update.win32_1.5.0.202011040924/tools/bin/../lib/gcc/arm-none-eabi/7.3.1/thumb/v7-m/crti.o
                0x00000000080082c0                _init
 .init          0x00000000080082c4        0x8 d:/program files/stmicroelectronics/stm32cubeide_1.5.1/stm32cubeide/plugins/com.st.stm32cube.ide.mcu.externaltools.gnu-tools-for-stm32.7-2018-q2-update.win32_1.5.0.202011040924/tools/bin/../lib/gcc/arm-none-eabi/7.3.1/thumb/v7-m/crtn.o
 *(.fini)
 .fini          0x00000000080082cc        0x4 d:/program files/stmicroelectronics/stm32cubeide_1.5.1/stm32cubeide/plugins/com.st.stm32cube.ide.mcu.externaltools.gnu-tools-for-stm32.7-2018-q2-update.win32_1.5.0.202011040924/tools/bin/../lib/gcc/arm-none-eabi/7.3.1/thumb/v7-m/crti.o
                0x00000000080082cc                _fini
 .fini          0x00000000080082d0        0x8 d:/program files/stmicroelectronics/stm32cubeide_1.5.1/stm32cubeide/plugins/com.st.stm32cube.ide.mcu.externaltools.gnu-tools-for-stm32.7-2018-q2-update.win32_1.5.0.202011040924/tools/bin/../lib/gcc/arm-none-eabi/7.3.1/thumb/v7-m/crtn.o
                0x00000000080082d8                . = ALIGN (0x4)
                0x00000000080082d8                _etext = .

.vfp11_veneer   0x00000000080082d8        0x0
 .vfp11_veneer  0x00000000080082d8        0x0 linker stubs

.v4_bx          0x00000000080082d8        0x0
 .v4_bx         0x00000000080082d8        0x0 linker stubs

.iplt           0x00000000080082d8        0x0
 .iplt          0x00000000080082d8        0x0 d:/program files/stmicroelectronics/stm32cubeide_1.5.1/stm32cubeide/plugins/com.st.stm32cube.ide.mcu.externaltools.gnu-tools-for-stm32.7-2018-q2-update.win32_1.5.0.202011040924/tools/bin/../lib/gcc/arm-none-eabi/7.3.1/thumb/v7-m/crtbegin.o

.rodata         0x00000000080082d8     0x210c
                0x00000000080082d8                . = ALIGN (0x4)
 *(.rodata)
 .rodata        0x00000000080082d8        0xa APP/clock.o
 *fill*         0x00000000080082e2        0x2 
 .rodata        0x00000000080082e4       0x20 APP/info.o
 .rodata        0x0000000008008304       0x71 APP/menu.o
 *fill*         0x0000000008008375        0x3 
 .rodata        0x0000000008008378       0x2d APP/games/Dino.o
 *fill*         0x00000000080083a5        0x3 
 .rodata        0x00000000080083a8       0x16 APP/games/flappy_bird.o
 *fill*         0x00000000080083be        0x2 
 .rodata        0x00000000080083c0       0x3f APP/games/start_war.o
 *fill*         0x00000000080083ff        0x1 
 .rodata        0x0000000008008400       0x12 Drivers/STM32F1xx_HAL_Driver/Src/stm32f1xx_hal_rcc.o
 *fill*         0x0000000008008412        0x2 
 .rodata        0x0000000008008414       0x12 Drivers/STM32F1xx_HAL_Driver/Src/stm32f1xx_hal_rcc_ex.o
 *(.rodata*)
 *fill*         0x0000000008008426        0x2 
 .rodata.dino_crashedData
                0x0000000008008428       0x3f APP/games/Dino.o
                0x0000000008008428                dino_crashedData
 *fill*         0x0000000008008467        0x1 
 .rodata.dino_crashedImg
                0x0000000008008468        0x8 APP/games/Dino.o
                0x0000000008008468                dino_crashedImg
 .rodata.dino_front_legData
                0x0000000008008470       0x3f APP/games/Dino.o
                0x0000000008008470                dino_front_legData
 *fill*         0x00000000080084af        0x1 
 .rodata.dino_front_legImg
                0x00000000080084b0        0x8 APP/games/Dino.o
                0x00000000080084b0                dino_front_legImg
 .rodata.dino_back_legData
                0x00000000080084b8       0x3f APP/games/Dino.o
                0x00000000080084b8                dino_back_legData
 *fill*         0x00000000080084f7        0x1 
 .rodata.dino_back_legImg
                0x00000000080084f8        0x8 APP/games/Dino.o
                0x00000000080084f8                dino_back_legImg
 .rodata.dino_jumpsData
                0x0000000008008500       0x3f APP/games/Dino.o
                0x0000000008008500                dino_jumpsData
 *fill*         0x000000000800853f        0x1 
 .rodata.dino_jumpsImg
                0x0000000008008540        0x8 APP/games/Dino.o
                0x0000000008008540                dino_jumpsImg
 .rodata.tree_smallData
                0x0000000008008548        0xc APP/games/Dino.o
                0x0000000008008548                tree_smallData
 .rodata.tree_smallImg
                0x0000000008008554        0x8 APP/games/Dino.o
                0x0000000008008554                tree_smallImg
 .rodata.tree_bigData
                0x000000000800855c       0x24 APP/games/Dino.o
                0x000000000800855c                tree_bigData
 .rodata.tree_bigImg
                0x0000000008008580        0x8 APP/games/Dino.o
                0x0000000008008580                tree_bigImg
 .rodata.time_distance
                0x0000000008008588       0x26 APP/games/Dino.o
                0x0000000008008588                time_distance
 *fill*         0x00000000080085ae        0x2 
 .rodata.game_over_Img
                0x00000000080085b0        0x8 APP/games/flappy_bird.o
                0x00000000080085b0                game_over_Img
 .rodata.bird_Img
                0x00000000080085b8        0x8 APP/games/flappy_bird.o
                0x00000000080085b8                bird_Img
 .rodata.image_Img
                0x00000000080085c0        0x8 APP/games/flappy_bird.o
                0x00000000080085c0                image_Img
 .rodata.spaceship
                0x00000000080085c8       0x20 APP/games/start_war.o
                0x00000000080085c8                spaceship
 .rodata.spaceship_Img
                0x00000000080085e8        0x8 APP/games/start_war.o
                0x00000000080085e8                spaceship_Img
 .rodata.AHBPrescTable
                0x00000000080085f0       0x10 Core/Src/system_stm32f1xx.o
                0x00000000080085f0                AHBPrescTable
 .rodata.APBPrescTable
                0x0000000008008600        0x8 Core/Src/system_stm32f1xx.o
                0x0000000008008600                APBPrescTable
 .rodata.ascii_8x6
                0x0000000008008608      0x228 Drivers/BSP/OLED/font.o
                0x0000000008008608                ascii_8x6
 .rodata.afont8x6
                0x0000000008008830        0x8 Drivers/BSP/OLED/font.o
                0x0000000008008830                afont8x6
 .rodata.ascii_12x6
                0x0000000008008838      0x474 Drivers/BSP/OLED/font.o
                0x0000000008008838                ascii_12x6
 .rodata.afont12x6
                0x0000000008008cac        0x8 Drivers/BSP/OLED/font.o
                0x0000000008008cac                afont12x6
 .rodata.ascii_16x8
                0x0000000008008cb4      0x5f0 Drivers/BSP/OLED/font.o
                0x0000000008008cb4                ascii_16x8
 .rodata.afont16x8
                0x00000000080092a4        0x8 Drivers/BSP/OLED/font.o
                0x00000000080092a4                afont16x8
 .rodata.ascii_24x19
                0x00000000080092ac      0x603 Drivers/BSP/OLED/font.o
                0x00000000080092ac                ascii_24x19
 *fill*         0x00000000080098af        0x1 
 .rodata.afont24x19
                0x00000000080098b0        0x8 Drivers/BSP/OLED/font.o
                0x00000000080098b0                afont24x19
 .rodata.ascii_16x11
                0x00000000080098b8      0x23c Drivers/BSP/OLED/font.o
                0x00000000080098b8                ascii_16x11
 .rodata.afont16x11
                0x0000000008009af4        0x8 Drivers/BSP/OLED/font.o
                0x0000000008009af4                afont16x11
 .rodata.zh16x16
                0x0000000008009afc      0x6c0 Drivers/BSP/OLED/font.o
                0x0000000008009afc                zh16x16
 .rodata.font16x16
                0x000000000800a1bc       0x10 Drivers/BSP/OLED/font.o
                0x000000000800a1bc                font16x16
 .rodata.zh12x12
                0x000000000800a1cc      0x1c0 Drivers/BSP/OLED/font.o
                0x000000000800a1cc                zh12x12
 .rodata.font12x12
                0x000000000800a38c       0x10 Drivers/BSP/OLED/font.o
                0x000000000800a38c                font12x12
 .rodata.Arrow_Data
                0x000000000800a39c       0x14 Drivers/BSP/OLED/font.o
                0x000000000800a39c                Arrow_Data
 .rodata._svfprintf_r.str1.1
                0x000000000800a3b0       0x11 d:/program files/stmicroelectronics/stm32cubeide_1.5.1/stm32cubeide/plugins/com.st.stm32cube.ide.mcu.externaltools.gnu-tools-for-stm32.7-2018-q2-update.win32_1.5.0.202011040924/tools/bin/../lib/gcc/arm-none-eabi/7.3.1/../../../../arm-none-eabi/lib/thumb/v7-m\libc_nano.a(lib_a-nano-svfprintf.o)
 .rodata._printf_i.str1.1
                0x000000000800a3c1       0x22 d:/program files/stmicroelectronics/stm32cubeide_1.5.1/stm32cubeide/plugins/com.st.stm32cube.ide.mcu.externaltools.gnu-tools-for-stm32.7-2018-q2-update.win32_1.5.0.202011040924/tools/bin/../lib/gcc/arm-none-eabi/7.3.1/../../../../arm-none-eabi/lib/thumb/v7-m\libc_nano.a(lib_a-nano-vfprintf_i.o)
                0x000000000800a3e4                . = ALIGN (0x4)
 *fill*         0x000000000800a3e3        0x1 

.rel.dyn        0x000000000800a3e4        0x0
 .rel.iplt      0x000000000800a3e4        0x0 d:/program files/stmicroelectronics/stm32cubeide_1.5.1/stm32cubeide/plugins/com.st.stm32cube.ide.mcu.externaltools.gnu-tools-for-stm32.7-2018-q2-update.win32_1.5.0.202011040924/tools/bin/../lib/gcc/arm-none-eabi/7.3.1/thumb/v7-m/crtbegin.o

.ARM.extab      0x000000000800a3e4        0x0
                0x000000000800a3e4                . = ALIGN (0x4)
 *(.ARM.extab* .gnu.linkonce.armextab.*)
                0x000000000800a3e4                . = ALIGN (0x4)

.ARM            0x000000000800a3e4        0x0
                0x000000000800a3e4                . = ALIGN (0x4)
                0x000000000800a3e4                __exidx_start = .
 *(.ARM.exidx*)
                0x000000000800a3e4                __exidx_end = .
                0x000000000800a3e4                . = ALIGN (0x4)

.preinit_array  0x000000000800a3e4        0x0
                0x000000000800a3e4                . = ALIGN (0x4)
                0x000000000800a3e4                PROVIDE (__preinit_array_start = .)
 *(.preinit_array*)
                0x000000000800a3e4                PROVIDE (__preinit_array_end = .)
                0x000000000800a3e4                . = ALIGN (0x4)

.init_array     0x000000000800a3e4        0x4
                0x000000000800a3e4                . = ALIGN (0x4)
                0x000000000800a3e4                PROVIDE (__init_array_start = .)
 *(SORT_BY_NAME(.init_array.*))
 *(.init_array*)
 .init_array    0x000000000800a3e4        0x4 d:/program files/stmicroelectronics/stm32cubeide_1.5.1/stm32cubeide/plugins/com.st.stm32cube.ide.mcu.externaltools.gnu-tools-for-stm32.7-2018-q2-update.win32_1.5.0.202011040924/tools/bin/../lib/gcc/arm-none-eabi/7.3.1/thumb/v7-m/crtbegin.o
                0x000000000800a3e8                PROVIDE (__init_array_end = .)
                0x000000000800a3e8                . = ALIGN (0x4)

.fini_array     0x000000000800a3e8        0x4
                0x000000000800a3e8                . = ALIGN (0x4)
                [!provide]                        PROVIDE (__fini_array_start = .)
 *(SORT_BY_NAME(.fini_array.*))
 *(.fini_array*)
 .fini_array    0x000000000800a3e8        0x4 d:/program files/stmicroelectronics/stm32cubeide_1.5.1/stm32cubeide/plugins/com.st.stm32cube.ide.mcu.externaltools.gnu-tools-for-stm32.7-2018-q2-update.win32_1.5.0.202011040924/tools/bin/../lib/gcc/arm-none-eabi/7.3.1/thumb/v7-m/crtbegin.o
                [!provide]                        PROVIDE (__fini_array_end = .)
                0x000000000800a3ec                . = ALIGN (0x4)
                0x000000000800a3ec                _sidata = LOADADDR (.data)

.data           0x0000000020000000      0x36c load address 0x000000000800a3ec
                0x0000000020000000                . = ALIGN (0x4)
                0x0000000020000000                _sdata = .
 *(.data)
 *(.data*)
 .data.flag.6278
                0x0000000020000000        0x1 APP/menu.o
 .data.flag.6289
                0x0000000020000001        0x1 APP/menu.o
 *fill*         0x0000000020000002        0x2 
 .data.game_over
                0x0000000020000004      0x200 APP/games/flappy_bird.o
                0x0000000020000004                game_over
 .data.image    0x0000000020000204       0xb4 APP/games/flappy_bird.o
                0x0000000020000204                image
 .data.bird     0x00000000200002b8        0xb APP/games/flappy_bird.o
                0x00000000200002b8                bird
 *fill*         0x00000000200002c3        0x1 
 .data.flying_saucer_center_position_x
                0x00000000200002c4        0x4 APP/games/start_war.o
                0x00000000200002c4                flying_saucer_center_position_x
 .data.flying_saucer_center_position_y
                0x00000000200002c8        0x4 APP/games/start_war.o
                0x00000000200002c8                flying_saucer_center_position_y
 .data.rx       0x00000000200002cc        0x4 APP/games/start_war.o
                0x00000000200002cc                rx
 .data.rx2      0x00000000200002d0        0x4 APP/games/start_war.o
                0x00000000200002d0                rx2
 .data.rx3      0x00000000200002d4        0x4 APP/games/start_war.o
                0x00000000200002d4                rx3
 .data.rx4      0x00000000200002d8        0x4 APP/games/start_war.o
                0x00000000200002d8                rx4
 .data.flying_saucer_bullet_speed
                0x00000000200002dc        0x4 APP/games/start_war.o
                0x00000000200002dc                flying_saucer_bullet_speed
 .data.flying_saucer_move_step
                0x00000000200002e0        0x4 APP/games/start_war.o
                0x00000000200002e0                flying_saucer_move_step
 .data.flying_saucer_radius
                0x00000000200002e4        0x4 APP/games/start_war.o
                0x00000000200002e4                flying_saucer_radius
 .data.life_count
                0x00000000200002e8        0x4 APP/games/start_war.o
                0x00000000200002e8                life_count
 .data.level    0x00000000200002ec        0x4 APP/games/start_war.o
                0x00000000200002ec                level
 .data.spaceship_position_y
                0x00000000200002f0        0x4 APP/games/start_war.o
                0x00000000200002f0                spaceship_position_y
 .data.SystemCoreClock
                0x00000000200002f4        0x4 Core/Src/system_stm32f1xx.o
                0x00000000200002f4                SystemCoreClock
 .data.Arrow_Data_Img
                0x00000000200002f8        0x8 Drivers/BSP/OLED/font.o
                0x00000000200002f8                Arrow_Data_Img
 .data.uwTickPrio
                0x0000000020000300        0x4 Drivers/STM32F1xx_HAL_Driver/Src/stm32f1xx_hal.o
                0x0000000020000300                uwTickPrio
 .data.uwTickFreq
                0x0000000020000304        0x1 Drivers/STM32F1xx_HAL_Driver/Src/stm32f1xx_hal.o
                0x0000000020000304                uwTickFreq
 *fill*         0x0000000020000305        0x3 
 .data._impure_ptr
                0x0000000020000308        0x4 d:/program files/stmicroelectronics/stm32cubeide_1.5.1/stm32cubeide/plugins/com.st.stm32cube.ide.mcu.externaltools.gnu-tools-for-stm32.7-2018-q2-update.win32_1.5.0.202011040924/tools/bin/../lib/gcc/arm-none-eabi/7.3.1/../../../../arm-none-eabi/lib/thumb/v7-m\libc_nano.a(lib_a-impure.o)
                0x0000000020000308                _impure_ptr
 .data.impure_data
                0x000000002000030c       0x60 d:/program files/stmicroelectronics/stm32cubeide_1.5.1/stm32cubeide/plugins/com.st.stm32cube.ide.mcu.externaltools.gnu-tools-for-stm32.7-2018-q2-update.win32_1.5.0.202011040924/tools/bin/../lib/gcc/arm-none-eabi/7.3.1/../../../../arm-none-eabi/lib/thumb/v7-m\libc_nano.a(lib_a-impure.o)
 *(.RamFunc)
 *(.RamFunc*)
                0x000000002000036c                . = ALIGN (0x4)
                0x000000002000036c                _edata = .

.igot.plt       0x000000002000036c        0x0 load address 0x000000000800a758
 .igot.plt      0x000000002000036c        0x0 d:/program files/stmicroelectronics/stm32cubeide_1.5.1/stm32cubeide/plugins/com.st.stm32cube.ide.mcu.externaltools.gnu-tools-for-stm32.7-2018-q2-update.win32_1.5.0.202011040924/tools/bin/../lib/gcc/arm-none-eabi/7.3.1/thumb/v7-m/crtbegin.o
                0x000000002000036c                . = ALIGN (0x4)

.bss            0x000000002000036c      0x660 load address 0x000000000800a758
                0x000000002000036c                _sbss = .
                0x000000002000036c                __bss_start__ = _sbss
 *(.bss)
 .bss           0x000000002000036c       0x1c d:/program files/stmicroelectronics/stm32cubeide_1.5.1/stm32cubeide/plugins/com.st.stm32cube.ide.mcu.externaltools.gnu-tools-for-stm32.7-2018-q2-update.win32_1.5.0.202011040924/tools/bin/../lib/gcc/arm-none-eabi/7.3.1/thumb/v7-m/crtbegin.o
 *(.bss*)
 .bss.hour_dec_old.7277
                0x0000000020000388        0x1 APP/clock.o
 .bss.hour_dec_offset.7278
                0x0000000020000389        0x1 APP/clock.o
 .bss.hour_dig_old.7279
                0x000000002000038a        0x1 APP/clock.o
 .bss.hour_dig_offset.7280
                0x000000002000038b        0x1 APP/clock.o
 .bss.min_dec_old.7281
                0x000000002000038c        0x1 APP/clock.o
 .bss.min_dec_offset.7282
                0x000000002000038d        0x1 APP/clock.o
 .bss.min_dig_old.7283
                0x000000002000038e        0x1 APP/clock.o
 .bss.min_dig_offset.7284
                0x000000002000038f        0x1 APP/clock.o
 .bss.secs_dec_old.7285
                0x0000000020000390        0x1 APP/clock.o
 .bss.sec_dec_offset.7286
                0x0000000020000391        0x1 APP/clock.o
 .bss.secs_dig_old.7287
                0x0000000020000392        0x1 APP/clock.o
 .bss.sec_dec_moving.7288
                0x0000000020000393        0x1 APP/clock.o
 .bss.sec_dec_offset_up_to_down.7289
                0x0000000020000394        0x1 APP/clock.o
 .bss.hour_tens_add_val.7307
                0x0000000020000395        0x1 APP/clock.o
 .bss.hour_tens_val.7301
                0x0000000020000396        0x1 APP/clock.o
 .bss.hour_digit_add_val.7308
                0x0000000020000397        0x1 APP/clock.o
 .bss.hour_digit_val.7302
                0x0000000020000398        0x1 APP/clock.o
 .bss.min_tens_add_val.7309
                0x0000000020000399        0x1 APP/clock.o
 .bss.min_tens_val.7303
                0x000000002000039a        0x1 APP/clock.o
 .bss.min_digit_add_val.7310
                0x000000002000039b        0x1 APP/clock.o
 .bss.min_digit_val.7304
                0x000000002000039c        0x1 APP/clock.o
 .bss.sec_tens_add_val.7311
                0x000000002000039d        0x1 APP/clock.o
 .bss.sec_tens_val.7305
                0x000000002000039e        0x1 APP/clock.o
 .bss.sec_digit_add_val.7312
                0x000000002000039f        0x1 APP/clock.o
 .bss.sec_digit_val.7306
                0x00000000200003a0        0x1 APP/clock.o
 *fill*         0x00000000200003a1        0x3 
 .bss.last_blink_time.7295
                0x00000000200003a4        0x4 APP/clock.o
 .bss.blink_state.7296
                0x00000000200003a8        0x1 APP/clock.o
 *fill*         0x00000000200003a9        0x3 
 .bss.highest_score
                0x00000000200003ac        0x4 APP/games/Dino.o
                0x00000000200003ac                highest_score
 .bss.tmp.7525  0x00000000200003b0        0xf APP/games/Dino.o
 *fill*         0x00000000200003bf        0x1 
 .bss.interval.7557
                0x00000000200003c0        0x2 APP/games/Dino.o
 *fill*         0x00000000200003c2        0x2 
 .bss.metx      0x00000000200003c4        0x4 APP/games/start_war.o
                0x00000000200003c4                metx
 .bss.mety      0x00000000200003c8        0x4 APP/games/start_war.o
                0x00000000200003c8                mety
 .bss.bullet_exit
                0x00000000200003cc        0x4 APP/games/start_war.o
                0x00000000200003cc                bullet_exit
 .bss.direction
                0x00000000200003d0        0x4 APP/games/start_war.o
                0x00000000200003d0                direction
 .bss.gameover  0x00000000200003d4        0x4 APP/games/start_war.o
                0x00000000200003d4                gameover
 .bss.ry        0x00000000200003d8        0x4 APP/games/start_war.o
                0x00000000200003d8                ry
 .bss.ry2       0x00000000200003dc        0x4 APP/games/start_war.o
                0x00000000200003dc                ry2
 .bss.ry3       0x00000000200003e0        0x4 APP/games/start_war.o
                0x00000000200003e0                ry3
 .bss.ry4       0x00000000200003e4        0x4 APP/games/start_war.o
                0x00000000200003e4                ry4
 .bss.star_war_score
                0x00000000200003e8        0x4 APP/games/start_war.o
                0x00000000200003e8                star_war_score
 .bss.flying_saucer_bullet_size_level
                0x00000000200003ec        0x4 APP/games/start_war.o
                0x00000000200003ec                flying_saucer_bullet_size_level
 .bss.game_begin_time
                0x00000000200003f0        0x4 APP/games/start_war.o
                0x00000000200003f0                game_begin_time
 .bss.game_running_time
                0x00000000200003f4        0x4 APP/games/start_war.o
                0x00000000200003f4                game_running_time
 .bss.level_time
                0x00000000200003f8        0x4 APP/games/start_war.o
                0x00000000200003f8                level_time
 .bss.invincible
                0x00000000200003fc        0x4 APP/games/start_war.o
                0x00000000200003fc                invincible
 .bss.hit_time  0x0000000020000400        0x4 APP/games/start_war.o
                0x0000000020000400                hit_time
 .bss.bullet1_active
                0x0000000020000404        0x4 APP/games/start_war.o
                0x0000000020000404                bullet1_active
 .bss.bullet2_active
                0x0000000020000408        0x4 APP/games/start_war.o
                0x0000000020000408                bullet2_active
 .bss.bullet3_active
                0x000000002000040c        0x4 APP/games/start_war.o
                0x000000002000040c                bullet3_active
 .bss.bullet4_active
                0x0000000020000410        0x4 APP/games/start_war.o
                0x0000000020000410                bullet4_active
 .bss.__sbrk_heap_end
                0x0000000020000414        0x4 Core/Src/sysmem.o
 .bss.send_buf.7201
                0x0000000020000418       0x81 Drivers/BSP/OLED/oled.o
 .bss.temp.7219
                0x0000000020000499        0x1 Drivers/BSP/OLED/oled.o
 .bss.temp.7273
                0x000000002000049a        0x1 Drivers/BSP/OLED/oled.o
 *fill*         0x000000002000049b        0x1 
 .bss.__malloc_free_list
                0x000000002000049c        0x4 d:/program files/stmicroelectronics/stm32cubeide_1.5.1/stm32cubeide/plugins/com.st.stm32cube.ide.mcu.externaltools.gnu-tools-for-stm32.7-2018-q2-update.win32_1.5.0.202011040924/tools/bin/../lib/gcc/arm-none-eabi/7.3.1/../../../../arm-none-eabi/lib/thumb/v7-m\libc_nano.a(lib_a-nano-mallocr.o)
                0x000000002000049c                __malloc_free_list
 .bss.__malloc_sbrk_start
                0x00000000200004a0        0x4 d:/program files/stmicroelectronics/stm32cubeide_1.5.1/stm32cubeide/plugins/com.st.stm32cube.ide.mcu.externaltools.gnu-tools-for-stm32.7-2018-q2-update.win32_1.5.0.202011040924/tools/bin/../lib/gcc/arm-none-eabi/7.3.1/../../../../arm-none-eabi/lib/thumb/v7-m\libc_nano.a(lib_a-nano-mallocr.o)
                0x00000000200004a0                __malloc_sbrk_start
 *(COMMON)
 COMMON         0x00000000200004a4       0x10 APP/clock.o
                0x00000000200004a4                time_data
                0x00000000200004ac                MyRTC_Time
                0x00000000200004b0                MyRTC_Date
 COMMON         0x00000000200004b4        0x1 APP/menu.o
                0x00000000200004b4                KeyNum
 *fill*         0x00000000200004b5        0x3 
 COMMON         0x00000000200004b8       0x1c APP/games/flappy_bird.o
                0x00000000200004b8                global_x2
                0x00000000200004bc                global_bird_y
                0x00000000200004c0                global_y2
                0x00000000200004c4                global_bird_jump
                0x00000000200004c8                global_y1
                0x00000000200004cc                flappy_bird_score
                0x00000000200004d0                global_x1
 COMMON         0x00000000200004d4       0xa8 Core/Src/i2c.o
                0x00000000200004d4                hi2c1
                0x0000000020000528                hi2c2
 COMMON         0x000000002000057c       0x14 Core/Src/rtc.o
                0x000000002000057c                hrtc
 COMMON         0x0000000020000590       0x33 Drivers/BSP/DS3231/ds3231.o
                0x0000000020000590                DS3231_Register
                0x00000000200005a4                DS3231_Time
                0x00000000200005b0                DS3231_buffer
 *fill*         0x00000000200005c3        0x1 
 COMMON         0x00000000200005c4      0x400 Drivers/BSP/OLED/oled.o
                0x00000000200005c4                OLED_GRAM
 COMMON         0x00000000200009c4        0x4 Drivers/STM32F1xx_HAL_Driver/Src/stm32f1xx_hal.o
                0x00000000200009c4                uwTick
 COMMON         0x00000000200009c8        0x4 d:/program files/stmicroelectronics/stm32cubeide_1.5.1/stm32cubeide/plugins/com.st.stm32cube.ide.mcu.externaltools.gnu-tools-for-stm32.7-2018-q2-update.win32_1.5.0.202011040924/tools/bin/../lib/gcc/arm-none-eabi/7.3.1/../../../../arm-none-eabi/lib/thumb/v7-m\libc_nano.a(lib_a-reent.o)
                0x00000000200009c8                errno
                0x00000000200009cc                . = ALIGN (0x4)
                0x00000000200009cc                _ebss = .
                0x00000000200009cc                __bss_end__ = _ebss

._user_heap_stack
                0x00000000200009cc      0x604 load address 0x000000000800a758
                0x00000000200009d0                . = ALIGN (0x8)
 *fill*         0x00000000200009cc        0x4 
                [!provide]                        PROVIDE (end = .)
                0x00000000200009d0                PROVIDE (_end = .)
                0x0000000020000bd0                . = (. + _Min_Heap_Size)
 *fill*         0x00000000200009d0      0x200 
                0x0000000020000fd0                . = (. + _Min_Stack_Size)
 *fill*         0x0000000020000bd0      0x400 
                0x0000000020000fd0                . = ALIGN (0x8)

/DISCARD/
 libc.a(*)
 libm.a(*)
 libgcc.a(*)

.ARM.attributes
                0x0000000000000000       0x29
 *(.ARM.attributes)
 .ARM.attributes
                0x0000000000000000       0x1d d:/program files/stmicroelectronics/stm32cubeide_1.5.1/stm32cubeide/plugins/com.st.stm32cube.ide.mcu.externaltools.gnu-tools-for-stm32.7-2018-q2-update.win32_1.5.0.202011040924/tools/bin/../lib/gcc/arm-none-eabi/7.3.1/thumb/v7-m/crti.o
 .ARM.attributes
                0x000000000000001d       0x2d d:/program files/stmicroelectronics/stm32cubeide_1.5.1/stm32cubeide/plugins/com.st.stm32cube.ide.mcu.externaltools.gnu-tools-for-stm32.7-2018-q2-update.win32_1.5.0.202011040924/tools/bin/../lib/gcc/arm-none-eabi/7.3.1/thumb/v7-m/crtbegin.o
 .ARM.attributes
                0x000000000000004a       0x33 APP/clock.o
 .ARM.attributes
                0x000000000000007d       0x33 APP/info.o
 .ARM.attributes
                0x00000000000000b0       0x33 APP/menu.o
 .ARM.attributes
                0x00000000000000e3       0x33 APP/games/Dino.o
 .ARM.attributes
                0x0000000000000116       0x33 APP/games/flappy_bird.o
 .ARM.attributes
                0x0000000000000149       0x33 APP/games/start_war.o
 .ARM.attributes
                0x000000000000017c       0x33 Core/Src/gpio.o
 .ARM.attributes
                0x00000000000001af       0x33 Core/Src/i2c.o
 .ARM.attributes
                0x00000000000001e2       0x33 Core/Src/main.o
 .ARM.attributes
                0x0000000000000215       0x33 Core/Src/rtc.o
 .ARM.attributes
                0x0000000000000248       0x33 Core/Src/stm32f1xx_hal_msp.o
 .ARM.attributes
                0x000000000000027b       0x33 Core/Src/stm32f1xx_it.o
 .ARM.attributes
                0x00000000000002ae       0x33 Core/Src/sysmem.o
 .ARM.attributes
                0x00000000000002e1       0x33 Core/Src/system_stm32f1xx.o
 .ARM.attributes
                0x0000000000000314       0x21 Core/Startup/startup_stm32f103c8tx.o
 .ARM.attributes
                0x0000000000000335       0x33 Drivers/BSP/DS3231/ds3231.o
 .ARM.attributes
                0x0000000000000368       0x33 Drivers/BSP/KEY/key.o
 .ARM.attributes
                0x000000000000039b       0x33 Drivers/BSP/OLED/font.o
 .ARM.attributes
                0x00000000000003ce       0x33 Drivers/BSP/OLED/oled.o
 .ARM.attributes
                0x0000000000000401       0x33 Drivers/STM32F1xx_HAL_Driver/Src/stm32f1xx_hal.o
 .ARM.attributes
                0x0000000000000434       0x33 Drivers/STM32F1xx_HAL_Driver/Src/stm32f1xx_hal_cortex.o
 .ARM.attributes
                0x0000000000000467       0x33 Drivers/STM32F1xx_HAL_Driver/Src/stm32f1xx_hal_gpio.o
 .ARM.attributes
                0x000000000000049a       0x33 Drivers/STM32F1xx_HAL_Driver/Src/stm32f1xx_hal_i2c.o
 .ARM.attributes
                0x00000000000004cd       0x33 Drivers/STM32F1xx_HAL_Driver/Src/stm32f1xx_hal_pwr.o
 .ARM.attributes
                0x0000000000000500       0x33 Drivers/STM32F1xx_HAL_Driver/Src/stm32f1xx_hal_rcc.o
 .ARM.attributes
                0x0000000000000533       0x33 Drivers/STM32F1xx_HAL_Driver/Src/stm32f1xx_hal_rcc_ex.o
 .ARM.attributes
                0x0000000000000566       0x33 Drivers/STM32F1xx_HAL_Driver/Src/stm32f1xx_hal_rtc.o
 .ARM.attributes
                0x0000000000000599       0x33 Drivers/STM32F1xx_HAL_Driver/Src/stm32f1xx_hal_rtc_ex.o
 .ARM.attributes
                0x00000000000005cc       0x2d d:/program files/stmicroelectronics/stm32cubeide_1.5.1/stm32cubeide/plugins/com.st.stm32cube.ide.mcu.externaltools.gnu-tools-for-stm32.7-2018-q2-update.win32_1.5.0.202011040924/tools/bin/../lib/gcc/arm-none-eabi/7.3.1/../../../../arm-none-eabi/lib/thumb/v7-m\libc_nano.a(lib_a-errno.o)
 .ARM.attributes
                0x00000000000005f9       0x2d d:/program files/stmicroelectronics/stm32cubeide_1.5.1/stm32cubeide/plugins/com.st.stm32cube.ide.mcu.externaltools.gnu-tools-for-stm32.7-2018-q2-update.win32_1.5.0.202011040924/tools/bin/../lib/gcc/arm-none-eabi/7.3.1/../../../../arm-none-eabi/lib/thumb/v7-m\libc_nano.a(lib_a-impure.o)
 .ARM.attributes
                0x0000000000000626       0x2d d:/program files/stmicroelectronics/stm32cubeide_1.5.1/stm32cubeide/plugins/com.st.stm32cube.ide.mcu.externaltools.gnu-tools-for-stm32.7-2018-q2-update.win32_1.5.0.202011040924/tools/bin/../lib/gcc/arm-none-eabi/7.3.1/../../../../arm-none-eabi/lib/thumb/v7-m\libc_nano.a(lib_a-init.o)
 .ARM.attributes
                0x0000000000000653       0x2d d:/program files/stmicroelectronics/stm32cubeide_1.5.1/stm32cubeide/plugins/com.st.stm32cube.ide.mcu.externaltools.gnu-tools-for-stm32.7-2018-q2-update.win32_1.5.0.202011040924/tools/bin/../lib/gcc/arm-none-eabi/7.3.1/../../../../arm-none-eabi/lib/thumb/v7-m\libc_nano.a(lib_a-memcmp.o)
 .ARM.attributes
                0x0000000000000680       0x2d d:/program files/stmicroelectronics/stm32cubeide_1.5.1/stm32cubeide/plugins/com.st.stm32cube.ide.mcu.externaltools.gnu-tools-for-stm32.7-2018-q2-update.win32_1.5.0.202011040924/tools/bin/../lib/gcc/arm-none-eabi/7.3.1/../../../../arm-none-eabi/lib/thumb/v7-m\libc_nano.a(lib_a-memcpy-stub.o)
 .ARM.attributes
                0x00000000000006ad       0x2d d:/program files/stmicroelectronics/stm32cubeide_1.5.1/stm32cubeide/plugins/com.st.stm32cube.ide.mcu.externaltools.gnu-tools-for-stm32.7-2018-q2-update.win32_1.5.0.202011040924/tools/bin/../lib/gcc/arm-none-eabi/7.3.1/../../../../arm-none-eabi/lib/thumb/v7-m\libc_nano.a(lib_a-memset.o)
 .ARM.attributes
                0x00000000000006da       0x2d d:/program files/stmicroelectronics/stm32cubeide_1.5.1/stm32cubeide/plugins/com.st.stm32cube.ide.mcu.externaltools.gnu-tools-for-stm32.7-2018-q2-update.win32_1.5.0.202011040924/tools/bin/../lib/gcc/arm-none-eabi/7.3.1/../../../../arm-none-eabi/lib/thumb/v7-m\libc_nano.a(lib_a-rand.o)
 .ARM.attributes
                0x0000000000000707       0x2d d:/program files/stmicroelectronics/stm32cubeide_1.5.1/stm32cubeide/plugins/com.st.stm32cube.ide.mcu.externaltools.gnu-tools-for-stm32.7-2018-q2-update.win32_1.5.0.202011040924/tools/bin/../lib/gcc/arm-none-eabi/7.3.1/../../../../arm-none-eabi/lib/thumb/v7-m\libc_nano.a(lib_a-sprintf.o)
 .ARM.attributes
                0x0000000000000734       0x2d d:/program files/stmicroelectronics/stm32cubeide_1.5.1/stm32cubeide/plugins/com.st.stm32cube.ide.mcu.externaltools.gnu-tools-for-stm32.7-2018-q2-update.win32_1.5.0.202011040924/tools/bin/../lib/gcc/arm-none-eabi/7.3.1/../../../../arm-none-eabi/lib/thumb/v7-m\libc_nano.a(lib_a-malloc.o)
 .ARM.attributes
                0x0000000000000761       0x2d d:/program files/stmicroelectronics/stm32cubeide_1.5.1/stm32cubeide/plugins/com.st.stm32cube.ide.mcu.externaltools.gnu-tools-for-stm32.7-2018-q2-update.win32_1.5.0.202011040924/tools/bin/../lib/gcc/arm-none-eabi/7.3.1/../../../../arm-none-eabi/lib/thumb/v7-m\libc_nano.a(lib_a-nano-freer.o)
 .ARM.attributes
                0x000000000000078e       0x2d d:/program files/stmicroelectronics/stm32cubeide_1.5.1/stm32cubeide/plugins/com.st.stm32cube.ide.mcu.externaltools.gnu-tools-for-stm32.7-2018-q2-update.win32_1.5.0.202011040924/tools/bin/../lib/gcc/arm-none-eabi/7.3.1/../../../../arm-none-eabi/lib/thumb/v7-m\libc_nano.a(lib_a-nano-mallocr.o)
 .ARM.attributes
                0x00000000000007bb       0x2d d:/program files/stmicroelectronics/stm32cubeide_1.5.1/stm32cubeide/plugins/com.st.stm32cube.ide.mcu.externaltools.gnu-tools-for-stm32.7-2018-q2-update.win32_1.5.0.202011040924/tools/bin/../lib/gcc/arm-none-eabi/7.3.1/../../../../arm-none-eabi/lib/thumb/v7-m\libc_nano.a(lib_a-nano-svfprintf.o)
 .ARM.attributes
                0x00000000000007e8       0x2d d:/program files/stmicroelectronics/stm32cubeide_1.5.1/stm32cubeide/plugins/com.st.stm32cube.ide.mcu.externaltools.gnu-tools-for-stm32.7-2018-q2-update.win32_1.5.0.202011040924/tools/bin/../lib/gcc/arm-none-eabi/7.3.1/../../../../arm-none-eabi/lib/thumb/v7-m\libc_nano.a(lib_a-nano-vfprintf_i.o)
 .ARM.attributes
                0x0000000000000815       0x2d d:/program files/stmicroelectronics/stm32cubeide_1.5.1/stm32cubeide/plugins/com.st.stm32cube.ide.mcu.externaltools.gnu-tools-for-stm32.7-2018-q2-update.win32_1.5.0.202011040924/tools/bin/../lib/gcc/arm-none-eabi/7.3.1/../../../../arm-none-eabi/lib/thumb/v7-m\libc_nano.a(lib_a-sbrkr.o)
 .ARM.attributes
                0x0000000000000842       0x2d d:/program files/stmicroelectronics/stm32cubeide_1.5.1/stm32cubeide/plugins/com.st.stm32cube.ide.mcu.externaltools.gnu-tools-for-stm32.7-2018-q2-update.win32_1.5.0.202011040924/tools/bin/../lib/gcc/arm-none-eabi/7.3.1/../../../../arm-none-eabi/lib/thumb/v7-m\libc_nano.a(lib_a-memchr-stub.o)
 .ARM.attributes
                0x000000000000086f       0x2d d:/program files/stmicroelectronics/stm32cubeide_1.5.1/stm32cubeide/plugins/com.st.stm32cube.ide.mcu.externaltools.gnu-tools-for-stm32.7-2018-q2-update.win32_1.5.0.202011040924/tools/bin/../lib/gcc/arm-none-eabi/7.3.1/../../../../arm-none-eabi/lib/thumb/v7-m\libc_nano.a(lib_a-memmove.o)
 .ARM.attributes
                0x000000000000089c       0x2d d:/program files/stmicroelectronics/stm32cubeide_1.5.1/stm32cubeide/plugins/com.st.stm32cube.ide.mcu.externaltools.gnu-tools-for-stm32.7-2018-q2-update.win32_1.5.0.202011040924/tools/bin/../lib/gcc/arm-none-eabi/7.3.1/../../../../arm-none-eabi/lib/thumb/v7-m\libc_nano.a(lib_a-mlock.o)
 .ARM.attributes
                0x00000000000008c9       0x2d d:/program files/stmicroelectronics/stm32cubeide_1.5.1/stm32cubeide/plugins/com.st.stm32cube.ide.mcu.externaltools.gnu-tools-for-stm32.7-2018-q2-update.win32_1.5.0.202011040924/tools/bin/../lib/gcc/arm-none-eabi/7.3.1/../../../../arm-none-eabi/lib/thumb/v7-m\libc_nano.a(lib_a-nano-reallocr.o)
 .ARM.attributes
                0x00000000000008f6       0x2d d:/program files/stmicroelectronics/stm32cubeide_1.5.1/stm32cubeide/plugins/com.st.stm32cube.ide.mcu.externaltools.gnu-tools-for-stm32.7-2018-q2-update.win32_1.5.0.202011040924/tools/bin/../lib/gcc/arm-none-eabi/7.3.1/../../../../arm-none-eabi/lib/thumb/v7-m\libc_nano.a(lib_a-reent.o)
 .ARM.attributes
                0x0000000000000923       0x2d d:/program files/stmicroelectronics/stm32cubeide_1.5.1/stm32cubeide/plugins/com.st.stm32cube.ide.mcu.externaltools.gnu-tools-for-stm32.7-2018-q2-update.win32_1.5.0.202011040924/tools/bin/../lib/gcc/arm-none-eabi/7.3.1/../../../../arm-none-eabi/lib/thumb/v7-m\libc_nano.a(lib_a-nano-msizer.o)
 .ARM.attributes
                0x0000000000000950       0x1d d:/program files/stmicroelectronics/stm32cubeide_1.5.1/stm32cubeide/plugins/com.st.stm32cube.ide.mcu.externaltools.gnu-tools-for-stm32.7-2018-q2-update.win32_1.5.0.202011040924/tools/bin/../lib/gcc/arm-none-eabi/7.3.1/thumb/v7-m/crtn.o
OUTPUT(clock_for_F103C8T6.elf elf32-littlearm)

.debug_info     0x0000000000000000    0x13889
 .debug_info    0x0000000000000000     0x1916 APP/clock.o
 .debug_info    0x0000000000001916      0xbbe APP/info.o
 .debug_info    0x00000000000024d4      0xbf0 APP/menu.o
 .debug_info    0x00000000000030c4      0xfb3 APP/games/Dino.o
 .debug_info    0x0000000000004077      0xd7d APP/games/flappy_bird.o
 .debug_info    0x0000000000004df4      0xebf APP/games/start_war.o
 .debug_info    0x0000000000005cb3      0xcfa Core/Src/gpio.o
 .debug_info    0x00000000000069ad      0x8a3 Core/Src/i2c.o
 .debug_info    0x0000000000007250     0x1350 Core/Src/main.o
 .debug_info    0x00000000000085a0      0x6d8 Core/Src/rtc.o
 .debug_info    0x0000000000008c78      0x2d6 Core/Src/stm32f1xx_hal_msp.o
 .debug_info    0x0000000000008f4e      0x3e5 Core/Src/stm32f1xx_it.o
 .debug_info    0x0000000000009333      0x985 Core/Src/sysmem.o
 .debug_info    0x0000000000009cb8      0x29a Core/Src/system_stm32f1xx.o
 .debug_info    0x0000000000009f52       0x22 Core/Startup/startup_stm32f103c8tx.o
 .debug_info    0x0000000000009f74      0x935 Drivers/BSP/DS3231/ds3231.o
 .debug_info    0x000000000000a8a9      0x21c Drivers/BSP/KEY/key.o
 .debug_info    0x000000000000aac5      0xc21 Drivers/BSP/OLED/font.o
 .debug_info    0x000000000000b6e6     0x1b6e Drivers/BSP/OLED/oled.o
 .debug_info    0x000000000000d254      0x714 Drivers/STM32F1xx_HAL_Driver/Src/stm32f1xx_hal.o
 .debug_info    0x000000000000d968      0xb51 Drivers/STM32F1xx_HAL_Driver/Src/stm32f1xx_hal_cortex.o
 .debug_info    0x000000000000e4b9      0x69b Drivers/STM32F1xx_HAL_Driver/Src/stm32f1xx_hal_gpio.o
 .debug_info    0x000000000000eb54     0x256e Drivers/STM32F1xx_HAL_Driver/Src/stm32f1xx_hal_i2c.o
 .debug_info    0x00000000000110c2      0x6e2 Drivers/STM32F1xx_HAL_Driver/Src/stm32f1xx_hal_pwr.o
 .debug_info    0x00000000000117a4      0x80f Drivers/STM32F1xx_HAL_Driver/Src/stm32f1xx_hal_rcc.o
 .debug_info    0x0000000000011fb3      0x444 Drivers/STM32F1xx_HAL_Driver/Src/stm32f1xx_hal_rcc_ex.o
 .debug_info    0x00000000000123f7      0xd2f Drivers/STM32F1xx_HAL_Driver/Src/stm32f1xx_hal_rtc.o
 .debug_info    0x0000000000013126      0x763 Drivers/STM32F1xx_HAL_Driver/Src/stm32f1xx_hal_rtc_ex.o

.debug_abbrev   0x0000000000000000     0x3271
 .debug_abbrev  0x0000000000000000      0x271 APP/clock.o
 .debug_abbrev  0x0000000000000271      0x1a0 APP/info.o
 .debug_abbrev  0x0000000000000411      0x1d3 APP/menu.o
 .debug_abbrev  0x00000000000005e4      0x251 APP/games/Dino.o
 .debug_abbrev  0x0000000000000835      0x1ff APP/games/flappy_bird.o
 .debug_abbrev  0x0000000000000a34      0x233 APP/games/start_war.o
 .debug_abbrev  0x0000000000000c67      0x1c5 Core/Src/gpio.o
 .debug_abbrev  0x0000000000000e2c      0x199 Core/Src/i2c.o
 .debug_abbrev  0x0000000000000fc5      0x207 Core/Src/main.o
 .debug_abbrev  0x00000000000011cc      0x16b Core/Src/rtc.o
 .debug_abbrev  0x0000000000001337      0x109 Core/Src/stm32f1xx_hal_msp.o
 .debug_abbrev  0x0000000000001440      0x123 Core/Src/stm32f1xx_it.o
 .debug_abbrev  0x0000000000001563      0x19b Core/Src/sysmem.o
 .debug_abbrev  0x00000000000016fe      0x134 Core/Src/system_stm32f1xx.o
 .debug_abbrev  0x0000000000001832       0x12 Core/Startup/startup_stm32f103c8tx.o
 .debug_abbrev  0x0000000000001844      0x209 Drivers/BSP/DS3231/ds3231.o
 .debug_abbrev  0x0000000000001a4d       0xf7 Drivers/BSP/KEY/key.o
 .debug_abbrev  0x0000000000001b44      0x194 Drivers/BSP/OLED/font.o
 .debug_abbrev  0x0000000000001cd8      0x314 Drivers/BSP/OLED/oled.o
 .debug_abbrev  0x0000000000001fec      0x1c7 Drivers/STM32F1xx_HAL_Driver/Src/stm32f1xx_hal.o
 .debug_abbrev  0x00000000000021b3      0x2d5 Drivers/STM32F1xx_HAL_Driver/Src/stm32f1xx_hal_cortex.o
 .debug_abbrev  0x0000000000002488      0x1c0 Drivers/STM32F1xx_HAL_Driver/Src/stm32f1xx_hal_gpio.o
 .debug_abbrev  0x0000000000002648      0x258 Drivers/STM32F1xx_HAL_Driver/Src/stm32f1xx_hal_i2c.o
 .debug_abbrev  0x00000000000028a0      0x1f2 Drivers/STM32F1xx_HAL_Driver/Src/stm32f1xx_hal_pwr.o
 .debug_abbrev  0x0000000000002a92      0x243 Drivers/STM32F1xx_HAL_Driver/Src/stm32f1xx_hal_rcc.o
 .debug_abbrev  0x0000000000002cd5      0x175 Drivers/STM32F1xx_HAL_Driver/Src/stm32f1xx_hal_rcc_ex.o
 .debug_abbrev  0x0000000000002e4a      0x20a Drivers/STM32F1xx_HAL_Driver/Src/stm32f1xx_hal_rtc.o
 .debug_abbrev  0x0000000000003054      0x21d Drivers/STM32F1xx_HAL_Driver/Src/stm32f1xx_hal_rtc_ex.o

.debug_aranges  0x0000000000000000      0xc50
 .debug_aranges
                0x0000000000000000       0x58 APP/clock.o
 .debug_aranges
                0x0000000000000058       0x20 APP/info.o
 .debug_aranges
                0x0000000000000078       0x28 APP/menu.o
 .debug_aranges
                0x00000000000000a0       0x48 APP/games/Dino.o
 .debug_aranges
                0x00000000000000e8       0x30 APP/games/flappy_bird.o
 .debug_aranges
                0x0000000000000118       0x38 APP/games/start_war.o
 .debug_aranges
                0x0000000000000150       0x20 Core/Src/gpio.o
 .debug_aranges
                0x0000000000000170       0x38 Core/Src/i2c.o
 .debug_aranges
                0x00000000000001a8       0x30 Core/Src/main.o
 .debug_aranges
                0x00000000000001d8       0x38 Core/Src/rtc.o
 .debug_aranges
                0x0000000000000210       0x20 Core/Src/stm32f1xx_hal_msp.o
 .debug_aranges
                0x0000000000000230       0x68 Core/Src/stm32f1xx_it.o
 .debug_aranges
                0x0000000000000298       0x20 Core/Src/sysmem.o
 .debug_aranges
                0x00000000000002b8       0x28 Core/Src/system_stm32f1xx.o
 .debug_aranges
                0x00000000000002e0       0x28 Core/Startup/startup_stm32f103c8tx.o
 .debug_aranges
                0x0000000000000308       0x50 Drivers/BSP/DS3231/ds3231.o
 .debug_aranges
                0x0000000000000358       0x20 Drivers/BSP/KEY/key.o
 .debug_aranges
                0x0000000000000378       0x18 Drivers/BSP/OLED/font.o
 .debug_aranges
                0x0000000000000390      0x100 Drivers/BSP/OLED/oled.o
 .debug_aranges
                0x0000000000000490       0xe0 Drivers/STM32F1xx_HAL_Driver/Src/stm32f1xx_hal.o
 .debug_aranges
                0x0000000000000570      0x100 Drivers/STM32F1xx_HAL_Driver/Src/stm32f1xx_hal_cortex.o
 .debug_aranges
                0x0000000000000670       0x58 Drivers/STM32F1xx_HAL_Driver/Src/stm32f1xx_hal_gpio.o
 .debug_aranges
                0x00000000000006c8      0x2a0 Drivers/STM32F1xx_HAL_Driver/Src/stm32f1xx_hal_i2c.o
 .debug_aranges
                0x0000000000000968       0xa8 Drivers/STM32F1xx_HAL_Driver/Src/stm32f1xx_hal_pwr.o
 .debug_aranges
                0x0000000000000a10       0x90 Drivers/STM32F1xx_HAL_Driver/Src/stm32f1xx_hal_rcc.o
 .debug_aranges
                0x0000000000000aa0       0x30 Drivers/STM32F1xx_HAL_Driver/Src/stm32f1xx_hal_rcc_ex.o
 .debug_aranges
                0x0000000000000ad0       0xf8 Drivers/STM32F1xx_HAL_Driver/Src/stm32f1xx_hal_rtc.o
 .debug_aranges
                0x0000000000000bc8       0x88 Drivers/STM32F1xx_HAL_Driver/Src/stm32f1xx_hal_rtc_ex.o

.debug_ranges   0x0000000000000000      0xae8
 .debug_ranges  0x0000000000000000       0x48 APP/clock.o
 .debug_ranges  0x0000000000000048       0x10 APP/info.o
 .debug_ranges  0x0000000000000058       0x18 APP/menu.o
 .debug_ranges  0x0000000000000070       0x50 APP/games/Dino.o
 .debug_ranges  0x00000000000000c0       0x20 APP/games/flappy_bird.o
 .debug_ranges  0x00000000000000e0       0x28 APP/games/start_war.o
 .debug_ranges  0x0000000000000108       0x10 Core/Src/gpio.o
 .debug_ranges  0x0000000000000118       0x28 Core/Src/i2c.o
 .debug_ranges  0x0000000000000140       0x20 Core/Src/main.o
 .debug_ranges  0x0000000000000160       0x28 Core/Src/rtc.o
 .debug_ranges  0x0000000000000188       0x10 Core/Src/stm32f1xx_hal_msp.o
 .debug_ranges  0x0000000000000198       0x58 Core/Src/stm32f1xx_it.o
 .debug_ranges  0x00000000000001f0       0x10 Core/Src/sysmem.o
 .debug_ranges  0x0000000000000200       0x18 Core/Src/system_stm32f1xx.o
 .debug_ranges  0x0000000000000218       0x20 Core/Startup/startup_stm32f103c8tx.o
 .debug_ranges  0x0000000000000238       0x40 Drivers/BSP/DS3231/ds3231.o
 .debug_ranges  0x0000000000000278       0x10 Drivers/BSP/KEY/key.o
 .debug_ranges  0x0000000000000288      0x108 Drivers/BSP/OLED/oled.o
 .debug_ranges  0x0000000000000390       0xd0 Drivers/STM32F1xx_HAL_Driver/Src/stm32f1xx_hal.o
 .debug_ranges  0x0000000000000460       0xf0 Drivers/STM32F1xx_HAL_Driver/Src/stm32f1xx_hal_cortex.o
 .debug_ranges  0x0000000000000550       0x48 Drivers/STM32F1xx_HAL_Driver/Src/stm32f1xx_hal_gpio.o
 .debug_ranges  0x0000000000000598      0x2b8 Drivers/STM32F1xx_HAL_Driver/Src/stm32f1xx_hal_i2c.o
 .debug_ranges  0x0000000000000850       0x98 Drivers/STM32F1xx_HAL_Driver/Src/stm32f1xx_hal_pwr.o
 .debug_ranges  0x00000000000008e8       0x80 Drivers/STM32F1xx_HAL_Driver/Src/stm32f1xx_hal_rcc.o
 .debug_ranges  0x0000000000000968       0x20 Drivers/STM32F1xx_HAL_Driver/Src/stm32f1xx_hal_rcc_ex.o
 .debug_ranges  0x0000000000000988       0xe8 Drivers/STM32F1xx_HAL_Driver/Src/stm32f1xx_hal_rtc.o
 .debug_ranges  0x0000000000000a70       0x78 Drivers/STM32F1xx_HAL_Driver/Src/stm32f1xx_hal_rtc_ex.o

.debug_macro    0x0000000000000000    0x1a4a1
 .debug_macro   0x0000000000000000      0x3b5 APP/clock.o
 .debug_macro   0x00000000000003b5      0xa5a APP/clock.o
 .debug_macro   0x0000000000000e0f       0x22 APP/clock.o
 .debug_macro   0x0000000000000e31       0x40 APP/clock.o
 .debug_macro   0x0000000000000e71       0x18 APP/clock.o
 .debug_macro   0x0000000000000e89       0x94 APP/clock.o
 .debug_macro   0x0000000000000f1d       0x3c APP/clock.o
 .debug_macro   0x0000000000000f59       0x34 APP/clock.o
 .debug_macro   0x0000000000000f8d       0x57 APP/clock.o
 .debug_macro   0x0000000000000fe4      0x174 APP/clock.o
 .debug_macro   0x0000000000001158      0x330 APP/clock.o
 .debug_macro   0x0000000000001488       0x52 APP/clock.o
 .debug_macro   0x00000000000014da       0x1f APP/clock.o
 .debug_macro   0x00000000000014f9       0x43 APP/clock.o
 .debug_macro   0x000000000000153c       0x20 APP/clock.o
 .debug_macro   0x000000000000155c      0x1a3 APP/clock.o
 .debug_macro   0x00000000000016ff       0x10 APP/clock.o
 .debug_macro   0x000000000000170f       0x35 APP/clock.o
 .debug_macro   0x0000000000001744       0x10 APP/clock.o
 .debug_macro   0x0000000000001754       0x10 APP/clock.o
 .debug_macro   0x0000000000001764       0x10 APP/clock.o
 .debug_macro   0x0000000000001774       0x6a APP/clock.o
 .debug_macro   0x00000000000017de       0x1c APP/clock.o
 .debug_macro   0x00000000000017fa       0x52 APP/clock.o
 .debug_macro   0x000000000000184c       0x40 APP/clock.o
 .debug_macro   0x000000000000188c       0x10 APP/clock.o
 .debug_macro   0x000000000000189c       0x40 APP/clock.o
 .debug_macro   0x00000000000018dc       0xd7 APP/clock.o
 .debug_macro   0x00000000000019b3       0x1c APP/clock.o
 .debug_macro   0x00000000000019cf       0x3d APP/clock.o
 .debug_macro   0x0000000000001a0c       0x35 APP/clock.o
 .debug_macro   0x0000000000001a41       0x1c APP/clock.o
 .debug_macro   0x0000000000001a5d       0x10 APP/clock.o
 .debug_macro   0x0000000000001a6d       0x10 APP/clock.o
 .debug_macro   0x0000000000001a7d       0x16 APP/clock.o
 .debug_macro   0x0000000000001a93      0x145 APP/clock.o
 .debug_macro   0x0000000000001bd8       0x10 APP/clock.o
 .debug_macro   0x0000000000001be8       0x20 APP/clock.o
 .debug_macro   0x0000000000001c08      0x21b APP/clock.o
 .debug_macro   0x0000000000001e23       0x2e APP/clock.o
 .debug_macro   0x0000000000001e51       0x22 APP/clock.o
 .debug_macro   0x0000000000001e73       0xef APP/clock.o
 .debug_macro   0x0000000000001f62      0x1df APP/clock.o
 .debug_macro   0x0000000000002141       0x1c APP/clock.o
 .debug_macro   0x000000000000215d       0x22 APP/clock.o
 .debug_macro   0x000000000000217f       0xbd APP/clock.o
 .debug_macro   0x000000000000223c      0xd23 APP/clock.o
 .debug_macro   0x0000000000002f5f     0xe09e APP/clock.o
 .debug_macro   0x0000000000010ffd       0x6d APP/clock.o
 .debug_macro   0x000000000001106a     0x3468 APP/clock.o
 .debug_macro   0x00000000000144d2       0x56 APP/clock.o
 .debug_macro   0x0000000000014528      0x5be APP/clock.o
 .debug_macro   0x0000000000014ae6      0x289 APP/clock.o
 .debug_macro   0x0000000000014d6f      0x1cb APP/clock.o
 .debug_macro   0x0000000000014f3a      0x114 APP/clock.o
 .debug_macro   0x000000000001504e      0x1b2 APP/clock.o
 .debug_macro   0x0000000000015200       0x27 APP/clock.o
 .debug_macro   0x0000000000015227      0x136 APP/clock.o
 .debug_macro   0x000000000001535d      0x1bc APP/clock.o
 .debug_macro   0x0000000000015519       0x34 APP/clock.o
 .debug_macro   0x000000000001554d       0x3c APP/clock.o
 .debug_macro   0x0000000000015589       0x57 APP/clock.o
 .debug_macro   0x00000000000155e0       0x88 APP/clock.o
 .debug_macro   0x0000000000015668      0x241 APP/clock.o
 .debug_macro   0x00000000000158a9      0x287 APP/clock.o
 .debug_macro   0x0000000000015b30      0x141 APP/clock.o
 .debug_macro   0x0000000000015c71      0x1ef APP/clock.o
 .debug_macro   0x0000000000015e60       0xec APP/clock.o
 .debug_macro   0x0000000000015f4c       0x83 APP/clock.o
 .debug_macro   0x0000000000015fcf       0x40 APP/clock.o
 .debug_macro   0x000000000001600f       0x88 APP/clock.o
 .debug_macro   0x0000000000016097       0x22 APP/clock.o
 .debug_macro   0x00000000000160b9      0x299 APP/info.o
 .debug_macro   0x0000000000016352       0x8e APP/info.o
 .debug_macro   0x00000000000163e0       0x51 APP/info.o
 .debug_macro   0x0000000000016431       0xc3 APP/info.o
 .debug_macro   0x00000000000164f4       0x5c APP/info.o
 .debug_macro   0x0000000000016550       0x46 APP/info.o
 .debug_macro   0x0000000000016596      0x32a APP/info.o
 .debug_macro   0x00000000000168c0      0x2b9 APP/menu.o
 .debug_macro   0x0000000000016b79       0x1c APP/menu.o
 .debug_macro   0x0000000000016b95       0x10 APP/menu.o
 .debug_macro   0x0000000000016ba5      0x3ca APP/games/Dino.o
 .debug_macro   0x0000000000016f6f       0x16 APP/games/Dino.o
 .debug_macro   0x0000000000016f85       0x16 APP/games/Dino.o
 .debug_macro   0x0000000000016f9b       0x16 APP/games/Dino.o
 .debug_macro   0x0000000000016fb1       0x29 APP/games/Dino.o
 .debug_macro   0x0000000000016fda      0x39a APP/games/flappy_bird.o
 .debug_macro   0x0000000000017374       0x97 APP/games/flappy_bird.o
 .debug_macro   0x000000000001740b       0xfd APP/games/flappy_bird.o
 .debug_macro   0x0000000000017508       0x16 APP/games/flappy_bird.o
 .debug_macro   0x000000000001751e       0x1c APP/games/flappy_bird.o
 .debug_macro   0x000000000001753a      0x3ba APP/games/start_war.o
 .debug_macro   0x00000000000178f4       0x16 APP/games/start_war.o