Archive member included to satisfy reference by file (symbol)

D:/Program Files (x86)/STM32CubeIDE_1.19.0/STM32CubeIDE/plugins/com.st.stm32cube.ide.mcu.externaltools.gnu-tools-for-stm32.13.3.rel1.win32_1.0.0.202411081344/tools/bin/../lib/gcc/arm-none-eabi/13.3.1/../../../../arm-none-eabi/lib/thumb/v7-m/nofp\libc_nano.a(libc_a-exit.o)
                              D:/Program Files (x86)/STM32CubeIDE_1.19.0/STM32CubeIDE/plugins/com.st.stm32cube.ide.mcu.externaltools.gnu-tools-for-stm32.13.3.rel1.win32_1.0.0.202411081344/tools/bin/../lib/gcc/arm-none-eabi/13.3.1/../../../../arm-none-eabi/lib/thumb/v7-m/nofp/crt0.o (exit)
D:/Program Files (x86)/STM32CubeIDE_1.19.0/STM32CubeIDE/plugins/com.st.stm32cube.ide.mcu.externaltools.gnu-tools-for-stm32.13.3.rel1.win32_1.0.0.202411081344/tools/bin/../lib/gcc/arm-none-eabi/13.3.1/../../../../arm-none-eabi/lib/thumb/v7-m/nofp\libc_nano.a(libc_a-rand.o)
                              ./APP/games/flappy_bird.o (rand)
D:/Program Files (x86)/STM32CubeIDE_1.19.0/STM32CubeIDE/plugins/com.st.stm32cube.ide.mcu.externaltools.gnu-tools-for-stm32.13.3.rel1.win32_1.0.0.202411081344/tools/bin/../lib/gcc/arm-none-eabi/13.3.1/../../../../arm-none-eabi/lib/thumb/v7-m/nofp\libc_nano.a(libc_a-findfp.o)
                              D:/Program Files (x86)/STM32CubeIDE_1.19.0/STM32CubeIDE/plugins/com.st.stm32cube.ide.mcu.externaltools.gnu-tools-for-stm32.13.3.rel1.win32_1.0.0.202411081344/tools/bin/../lib/gcc/arm-none-eabi/13.3.1/../../../../arm-none-eabi/lib/thumb/v7-m/nofp\libc_nano.a(libc_a-exit.o) (__stdio_exit_handler)
D:/Program Files (x86)/STM32CubeIDE_1.19.0/STM32CubeIDE/plugins/com.st.stm32cube.ide.mcu.externaltools.gnu-tools-for-stm32.13.3.rel1.win32_1.0.0.202411081344/tools/bin/../lib/gcc/arm-none-eabi/13.3.1/../../../../arm-none-eabi/lib/thumb/v7-m/nofp\libc_nano.a(libc_a-fwalk.o)
                              D:/Program Files (x86)/STM32CubeIDE_1.19.0/STM32CubeIDE/plugins/com.st.stm32cube.ide.mcu.externaltools.gnu-tools-for-stm32.13.3.rel1.win32_1.0.0.202411081344/tools/bin/../lib/gcc/arm-none-eabi/13.3.1/../../../../arm-none-eabi/lib/thumb/v7-m/nofp\libc_nano.a(libc_a-findfp.o) (_fwalk_sglue)
D:/Program Files (x86)/STM32CubeIDE_1.19.0/STM32CubeIDE/plugins/com.st.stm32cube.ide.mcu.externaltools.gnu-tools-for-stm32.13.3.rel1.win32_1.0.0.202411081344/tools/bin/../lib/gcc/arm-none-eabi/13.3.1/../../../../arm-none-eabi/lib/thumb/v7-m/nofp\libc_nano.a(libc_a-sprintf.o)
                              ./APP/clock.o (sprintf)
D:/Program Files (x86)/STM32CubeIDE_1.19.0/STM32CubeIDE/plugins/com.st.stm32cube.ide.mcu.externaltools.gnu-tools-for-stm32.13.3.rel1.win32_1.0.0.202411081344/tools/bin/../lib/gcc/arm-none-eabi/13.3.1/../../../../arm-none-eabi/lib/thumb/v7-m/nofp\libc_nano.a(libc_a-stdio.o)
                              D:/Program Files (x86)/STM32CubeIDE_1.19.0/STM32CubeIDE/plugins/com.st.stm32cube.ide.mcu.externaltools.gnu-tools-for-stm32.13.3.rel1.win32_1.0.0.202411081344/tools/bin/../lib/gcc/arm-none-eabi/13.3.1/../../../../arm-none-eabi/lib/thumb/v7-m/nofp\libc_nano.a(libc_a-findfp.o) (__sread)
D:/Program Files (x86)/STM32CubeIDE_1.19.0/STM32CubeIDE/plugins/com.st.stm32cube.ide.mcu.externaltools.gnu-tools-for-stm32.13.3.rel1.win32_1.0.0.202411081344/tools/bin/../lib/gcc/arm-none-eabi/13.3.1/../../../../arm-none-eabi/lib/thumb/v7-m/nofp\libc_nano.a(libc_a-memcmp.o)
                              ./Drivers/BSP/OLED/oled.o (memcmp)
D:/Program Files (x86)/STM32CubeIDE_1.19.0/STM32CubeIDE/plugins/com.st.stm32cube.ide.mcu.externaltools.gnu-tools-for-stm32.13.3.rel1.win32_1.0.0.202411081344/tools/bin/../lib/gcc/arm-none-eabi/13.3.1/../../../../arm-none-eabi/lib/thumb/v7-m/nofp\libc_nano.a(libc_a-memset.o)
                              D:/Program Files (x86)/STM32CubeIDE_1.19.0/STM32CubeIDE/plugins/com.st.stm32cube.ide.mcu.externaltools.gnu-tools-for-stm32.13.3.rel1.win32_1.0.0.202411081344/tools/bin/../lib/gcc/arm-none-eabi/13.3.1/../../../../arm-none-eabi/lib/thumb/v7-m/nofp/crt0.o (memset)
D:/Program Files (x86)/STM32CubeIDE_1.19.0/STM32CubeIDE/plugins/com.st.stm32cube.ide.mcu.externaltools.gnu-tools-for-stm32.13.3.rel1.win32_1.0.0.202411081344/tools/bin/../lib/gcc/arm-none-eabi/13.3.1/../../../../arm-none-eabi/lib/thumb/v7-m/nofp\libc_nano.a(libc_a-closer.o)
                              D:/Program Files (x86)/STM32CubeIDE_1.19.0/STM32CubeIDE/plugins/com.st.stm32cube.ide.mcu.externaltools.gnu-tools-for-stm32.13.3.rel1.win32_1.0.0.202411081344/tools/bin/../lib/gcc/arm-none-eabi/13.3.1/../../../../arm-none-eabi/lib/thumb/v7-m/nofp\libc_nano.a(libc_a-stdio.o) (_close_r)
D:/Program Files (x86)/STM32CubeIDE_1.19.0/STM32CubeIDE/plugins/com.st.stm32cube.ide.mcu.externaltools.gnu-tools-for-stm32.13.3.rel1.win32_1.0.0.202411081344/tools/bin/../lib/gcc/arm-none-eabi/13.3.1/../../../../arm-none-eabi/lib/thumb/v7-m/nofp\libc_nano.a(libc_a-reent.o)
[...]
Memory Configuration

Name             Origin             Length             Attributes
RAM              0x20000000         0x00005000         xrw
FLASH            0x08000000         0x00010000         xr
*default*        0x00000000         0xffffffff

Linker script and memory map

LOAD D:/Program Files (x86)/STM32CubeIDE_1.19.0/STM32CubeIDE/plugins/com.st.stm32cube.ide.mcu.externaltools.gnu-tools-for-stm32.13.3.rel1.win32_1.0.0.202411081344/tools/bin/../lib/gcc/arm-none-eabi/13.3.1/thumb/v7-m/nofp/crti.o
LOAD D:/Program Files (x86)/STM32CubeIDE_1.19.0/STM32CubeIDE/plugins/com.st.stm32cube.ide.mcu.externaltools.gnu-tools-for-stm32.13.3.rel1.win32_1.0.0.202411081344/tools/bin/../lib/gcc/arm-none-eabi/13.3.1/thumb/v7-m/nofp/crtbegin.o
LOAD D:/Program Files (x86)/STM32CubeIDE_1.19.0/STM32CubeIDE/plugins/com.st.stm32cube.ide.mcu.externaltools.gnu-tools-for-stm32.13.3.rel1.win32_1.0.0.202411081344/tools/bin/../lib/gcc/arm-none-eabi/13.3.1/../../../../arm-none-eabi/lib/thumb/v7-m/nofp/crt0.o
LOAD ./APP/clock.o
LOAD ./APP/info.o
LOAD ./APP/menu.o
LOAD ./APP/games/Dino.o
LOAD ./APP/games/flappy_bird.o
LOAD ./APP/games/start_war.o
LOAD ./Core/Src/gpio.o
LOAD ./Core/Src/i2c.o
LOAD ./Core/Src/main.o
LOAD ./Core/Src/rtc.o
LOAD ./Core/Src/stm32f1xx_hal_msp.o
LOAD ./Core/Src/stm32f1xx_it.o
LOAD ./Core/Src/syscalls.o
LOAD ./Core/Src/sysmem.o
LOAD ./Core/Src/system_stm32f1xx.o
LOAD ./Core/Startup/startup_stm32f103c8tx.o
LOAD ./Drivers/BSP/KEY/key.o
LOAD ./Drivers/BSP/LED/led.o
LOAD ./Drivers/BSP/OLED/font.o
LOAD ./Drivers/BSP/OLED/oled.o
LOAD ./Drivers/STM32F1xx_HAL_Driver/Src/stm32f1xx_hal.o
LOAD ./Drivers/STM32F1xx_HAL_Driver/Src/stm32f1xx_hal_cortex.o
LOAD ./Drivers/STM32F1xx_HAL_Driver/Src/stm32f1xx_hal_dma.o
LOAD ./Drivers/STM32F1xx_HAL_Driver/Src/stm32f1xx_hal_exti.o
LOAD ./Drivers/STM32F1xx_HAL_Driver/Src/stm32f1xx_hal_flash.o
LOAD ./Drivers/STM32F1xx_HAL_Driver/Src/stm32f1xx_hal_flash_ex.o
LOAD ./Drivers/STM32F1xx_HAL_Driver/Src/stm32f1xx_hal_gpio.o
LOAD ./Drivers/STM32F1xx_HAL_Driver/Src/stm32f1xx_hal_gpio_ex.o
LOAD ./Drivers/STM32F1xx_HAL_Driver/Src/stm32f1xx_hal_i2c.o
LOAD ./Drivers/STM32F1xx_HAL_Driver/Src/stm32f1xx_hal_pwr.o
LOAD ./Drivers/STM32F1xx_HAL_Driver/Src/stm32f1xx_hal_rcc.o
LOAD ./Drivers/STM32F1xx_HAL_Driver/Src/stm32f1xx_hal_rcc_ex.o
LOAD ./Drivers/STM32F1xx_HAL_Driver/Src/stm32f1xx_hal_rtc.o
LOAD ./Drivers/STM32F1xx_HAL_Driver/Src/stm32f1xx_hal_rtc_ex.o
LOAD ./Drivers/STM32F1xx_HAL_Driver/Src/stm32f1xx_hal_tim.o
LOAD ./Drivers/STM32F1xx_HAL_Driver/Src/stm32f1xx_hal_tim_ex.o
START GROUP
LOAD D:/Program Files (x86)/STM32CubeIDE_1.19.0/STM32CubeIDE/plugins/com.st.stm32cube.ide.mcu.externaltools.gnu-tools-for-stm32.13.3.rel1.win32_1.0.0.202411081344/tools/bin/../lib/gcc/arm-none-eabi/13.3.1/../../../../arm-none-eabi/lib/thumb/v7-m/nofp\libc_nano.a
LOAD D:/Program Files (x86)/STM32CubeIDE_1.19.0/STM32CubeIDE/plugins/com.st.stm32cube.ide.mcu.externaltools.gnu-tools-for-stm32.13.3.rel1.win32_1.0.0.202411081344/tools/bin/../lib/gcc/arm-none-eabi/13.3.1/../../../../arm-none-eabi/lib/thumb/v7-m/nofp\libm.a
END GROUP
START GROUP
LOAD D:/Program Files (x86)/STM32CubeIDE_1.19.0/STM32CubeIDE/plugins/com.st.stm32cube.ide.mcu.externaltools.gnu-tools-for-stm32.13.3.rel1.win32_1.0.0.202411081344/tools/bin/../lib/gcc/arm-none-eabi/13.3.1/thumb/v7-m/nofp\libgcc.a
LOAD D:/Program Files (x86)/STM32CubeIDE_1.19.0/STM32CubeIDE/plugins/com.st.stm32cube.ide.mcu.externaltools.gnu-tools-for-stm32.13.3.rel1.win32_1.0.0.202411081344/tools/bin/../lib/gcc/arm-none-eabi/13.3.1/../../../../arm-none-eabi/lib/thumb/v7-m/nofp\libc_nano.a
END GROUP
START GROUP
LOAD D:/Program Files (x86)/STM32CubeIDE_1.19.0/STM32CubeIDE/plugins/com.st.stm32cube.ide.mcu.externaltools.gnu-tools-for-stm32.13.3.rel1.win32_1.0.0.202411081344/tools/bin/../lib/gcc/arm-none-eabi/13.3.1/thumb/v7-m/nofp\libgcc.a
LOAD D:/Program Files (x86)/STM32CubeIDE_1.19.0/STM32CubeIDE/plugins/com.st.stm32cube.ide.mcu.externaltools.gnu-tools-for-stm32.13.3.rel1.win32_1.0.0.202411081344/tools/bin/../lib/gcc/arm-none-eabi/13.3.1/../../../../arm-none-eabi/lib/thumb/v7-m/nofp\libc_nano.a
LOAD D:/Program Files (x86)/STM32CubeIDE_1.19.0/STM32CubeIDE/plugins/com.st.stm32cube.ide.mcu.externaltools.gnu-tools-for-stm32.13.3.rel1.win32_1.0.0.202411081344/tools/bin/../lib/gcc/arm-none-eabi/13.3.1/../../../../arm-none-eabi/lib/thumb/v7-m/nofp\libnosys.a
END GROUP
START GROUP
LOAD D:/Program Files (x86)/STM32CubeIDE_1.19.0/STM32CubeIDE/plugins/com.st.stm32cube.ide.mcu.externaltools.gnu-tools-for-stm32.13.3.rel1.win32_1.0.0.202411081344/tools/bin/../lib/gcc/arm-none-eabi/13.3.1/thumb/v7-m/nofp\libgcc.a
LOAD D:/Program Files (x86)/STM32CubeIDE_1.19.0/STM32CubeIDE/plugins/com.st.stm32cube.ide.mcu.externaltools.gnu-tools-for-stm32.13.3.rel1.win32_1.0.0.202411081344/tools/bin/../lib/gcc/arm-none-eabi/13.3.1/../../../../arm-none-eabi/lib/thumb/v7-m/nofp\libc_nano.a
LOAD D:/Program Files (x86)/STM32CubeIDE_1.19.0/STM32CubeIDE/plugins/com.st.stm32cube.ide.mcu.externaltools.gnu-tools-for-stm32.13.3.rel1.win32_1.0.0.202411081344/tools/bin/../lib/gcc/arm-none-eabi/13.3.1/../../../../arm-none-eabi/lib/thumb/v7-m/nofp\libnosys.a
END GROUP
LOAD D:/Program Files (x86)/STM32CubeIDE_1.19.0/STM32CubeIDE/plugins/com.st.stm32cube.ide.mcu.externaltools.gnu-tools-for-stm32.13.3.rel1.win32_1.0.0.202411081344/tools/bin/../lib/gcc/arm-none-eabi/13.3.1/thumb/v7-m/nofp/crtend.o
LOAD D:/Program Files (x86)/STM32CubeIDE_1.19.0/STM32CubeIDE/plugins/com.st.stm32cube.ide.mcu.externaltools.gnu-tools-for-stm32.13.3.rel1.win32_1.0.0.202411081344/tools/bin/../lib/gcc/arm-none-eabi/13.3.1/thumb/v7-m/nofp/crtn.o
                0x20005000                        _estack = (ORIGIN (RAM) + LENGTH (RAM))
                0x00000200                        _Min_Heap_Size = 0x200
                0x00000400                        _Min_Stack_Size = 0x400

.isr_vector     0x08000000      0x10c
                0x08000000                        . = ALIGN (0x4)
 *(.isr_vector)
 .isr_vector    0x08000000      0x10c ./Core/Startup/startup_stm32f103c8tx.o
                0x08000000                g_pfnVectors
                0x0800010c                        . = ALIGN (0x4)

.text           0x0800010c     0x6da4
                0x0800010c                        . = ALIGN (0x4)
 *(.text)
 .text          0x0800010c       0x40 D:/Program Files (x86)/STM32CubeIDE_1.19.0/STM32CubeIDE/plugins/com.st.stm32cube.ide.mcu.externaltools.gnu-tools-for-stm32.13.3.rel1.win32_1.0.0.202411081344/tools/bin/../lib/gcc/arm-none-eabi/13.3.1/thumb/v7-m/nofp/crtbegin.o
 *(.text*)
 .text.check_key_press
                0x0800014c       0x38 ./APP/clock.o
                0x0800014c                check_key_press
 .text.my_RTC_settime
                0x08000184        0xc ./APP/clock.o
                0x08000184                my_RTC_settime
 .text.clock_UI
                0x08000190      0x1ac ./APP/clock.o
                0x08000190                clock_UI
 .text.info_message
                0x0800033c       0x58 ./APP/info.o
                0x0800033c                info_message
 .text.menu2_games
                0x08000394      0x24c ./APP/menu.o
                0x08000394                menu2_games
 .text.menu1    0x080005e0      0x2cc ./APP/menu.o
                0x080005e0                menu1
 .text.show_line
                0x080008ac       0x64 ./APP/games/Dino.o
                0x080008ac                show_line
 .text.move_dino
                0x08000910       0x80 ./APP/games/Dino.o
                0x08000910                move_dino
 .text.move_tree
                0x08000990       0x3c ./APP/games/Dino.o
                0x08000990                move_tree
 .text.display_score
                0x080009cc       0x90 ./APP/games/Dino.o
                0x080009cc                display_score
 .text.tree_collision_judge
                0x08000a5c       0x94 ./APP/games/Dino.o
                0x08000a5c                tree_collision_judge
 .text.dino_play
                0x08000af0      0x374 ./APP/games/Dino.o
                0x08000af0                dino_play
 .text.get_button_status
                0x08000e64       0x24 ./APP/games/flappy_bird.o
                0x08000e64                get_button_status
 .text.draw     0x08000e88      0x174 ./APP/games/flappy_bird.o
                0x08000e88                draw
 .text.flappy_bird_play
                0x08000ffc      0x33c ./APP/games/flappy_bird.o
                0x08000ffc                flappy_bird_play
 .text.game_init
                0x08001338      0x130 ./APP/games/start_war.o
                0x08001338                game_init
 .text.get_key_status
                0x08001468       0x4c ./APP/games/start_war.o
                0x08001468                get_key_status
 .text.star_draw
                0x080014b4       0x98 ./APP/games/start_war.o
                0x080014b4                star_draw
 .text.star_war_play
                0x0800154c      0x940 ./APP/games/start_war.o
                0x0800154c                star_war_play
 .text.MX_GPIO_Init
                0x08001e8c       0xcc ./Core/Src/gpio.o
                0x08001e8c                MX_GPIO_Init
 .text.MX_I2C1_Init
                0x08001f58       0x5c ./Core/Src/i2c.o
                0x08001f58                MX_I2C1_Init
 .text.HAL_I2C_MspInit
                0x08001fb4       0x7c ./Core/Src/i2c.o
                0x08001fb4                HAL_I2C_MspInit
 .text.main     0x08002030       0x50 ./Core/Src/main.o
                0x08002030                main
 .text.SystemClock_Config
                0x08002080       0xba ./Core/Src/main.o
                0x08002080                SystemClock_Config
 .text.Error_Handler
                0x0800213a        0xc ./Core/Src/main.o
                0x0800213a                Error_Handler
 *fill*         0x08002146        0x2 
 .text.MX_RTC_Init
                0x08002148      0x15c ./Core/Src/rtc.o
                0x08002148                MX_RTC_Init
 .text.HAL_RTC_MspInit
                0x080022a4       0x58 ./Core/Src/rtc.o
                0x080022a4                HAL_RTC_MspInit
 .text.SaveTimeToBackup
                0x080022fc      0x100 ./Core/Src/rtc.o
                0x080022fc                SaveTimeToBackup
 .text.HAL_MspInit
                0x080023fc       0x64 ./Core/Src/stm32f1xx_hal_msp.o
                0x080023fc                HAL_MspInit
 .text.NMI_Handler
                0x08002460        0x8 ./Core/Src/stm32f1xx_it.o
                0x08002460                NMI_Handler
 .text.HardFault_Handler
                0x08002468        0x8 ./Core/Src/stm32f1xx_it.o
                0x08002468                HardFault_Handler
 .text.MemManage_Handler
                0x08002470        0x8 ./Core/Src/stm32f1xx_it.o
                0x08002470                MemManage_Handler
 .text.BusFault_Handler
                0x08002478        0x8 ./Core/Src/stm32f1xx_it.o
                0x08002478                BusFault_Handler
 .text.UsageFault_Handler
                0x08002480        0x8 ./Core/Src/stm32f1xx_it.o
                0x08002480                UsageFault_Handler
 .text.SVC_Handler
                0x08002488        0xc ./Core/Src/stm32f1xx_it.o
                0x08002488                SVC_Handler
 .text.DebugMon_Handler
                0x08002494        0xc ./Core/Src/stm32f1xx_it.o
                0x08002494                DebugMon_Handler
 .text.PendSV_Handler
                0x080024a0        0xc ./Core/Src/stm32f1xx_it.o
                0x080024a0                PendSV_Handler
 .text.SysTick_Handler
                0x080024ac        0xc ./Core/Src/stm32f1xx_it.o
                0x080024ac                SysTick_Handler
 .text.RTC_IRQHandler
                0x080024b8       0x14 ./Core/Src/stm32f1xx_it.o
                0x080024b8                RTC_IRQHandler
 .text._getpid  0x080024cc        0xe ./Core/Src/syscalls.o
                0x080024cc                _getpid
 .text._kill    0x080024da       0x20 ./Core/Src/syscalls.o
                0x080024da                _kill
 .text._exit    0x080024fa       0x16 ./Core/Src/syscalls.o
                0x080024fa                _exit
 .text._read    0x08002510       0x3a ./Core/Src/syscalls.o
                0x08002510                _read
 .text._write   0x0800254a       0x38 ./Core/Src/syscalls.o
                0x0800254a                _write
 .text._close   0x08002582       0x16 ./Core/Src/syscalls.o
                0x08002582                _close
 .text._fstat   0x08002598       0x1e ./Core/Src/syscalls.o
                0x08002598                _fstat
 .text._isatty  0x080025b6       0x14 ./Core/Src/syscalls.o
                0x080025b6                _isatty
 .text._lseek   0x080025ca       0x18 ./Core/Src/syscalls.o
                0x080025ca                _lseek
 *fill*         0x080025e2        0x2 
 .text._sbrk    0x080025e4       0x6c ./Core/Src/sysmem.o
                0x080025e4                _sbrk
 .text.SystemInit
                0x08002650        0xc ./Core/Src/system_stm32f1xx.o
                0x08002650                SystemInit
 .text.Reset_Handler
                0x0800265c       0x48 ./Core/Startup/startup_stm32f103c8tx.o
                0x0800265c                Reset_Handler
 .text.Default_Handler
                0x080026a4        0x2 ./Core/Startup/startup_stm32f103c8tx.o
                0x080026a4                RTC_Alarm_IRQHandler
                0x080026a4                EXTI2_IRQHandler
                0x080026a4                TIM1_CC_IRQHandler
                0x080026a4                PVD_IRQHandler
                0x080026a4                EXTI3_IRQHandler
                0x080026a4                EXTI0_IRQHandler
                0x080026a4                I2C2_EV_IRQHandler
                0x080026a4                ADC1_2_IRQHandler
                0x080026a4                SPI1_IRQHandler
                0x080026a4                TAMPER_IRQHandler
                0x080026a4                DMA1_Channel4_IRQHandler
                0x080026a4                USART3_IRQHandler
                0x080026a4                DMA1_Channel7_IRQHandler
                0x080026a4                CAN1_RX1_IRQHandler
                0x080026a4                TIM4_IRQHandler
                0x080026a4                I2C1_EV_IRQHandler
                0x080026a4                DMA1_Channel6_IRQHandler
                0x080026a4                TIM3_IRQHandler
                0x080026a4                RCC_IRQHandler
                0x080026a4                TIM1_TRG_COM_IRQHandler
                0x080026a4                DMA1_Channel1_IRQHandler
                0x080026a4                Default_Handler
                0x080026a4                EXTI15_10_IRQHandler
                0x080026a4                EXTI9_5_IRQHandler
                0x080026a4                SPI2_IRQHandler
                0x080026a4                DMA1_Channel5_IRQHandler
                0x080026a4                EXTI4_IRQHandler
                0x080026a4                USB_LP_CAN1_RX0_IRQHandler
                0x080026a4                USB_HP_CAN1_TX_IRQHandler
                0x080026a4                DMA1_Channel3_IRQHandler
                0x080026a4                TIM1_UP_IRQHandler
                0x080026a4                WWDG_IRQHandler
                0x080026a4                TIM2_IRQHandler
                0x080026a4                TIM1_BRK_IRQHandler
                0x080026a4                EXTI1_IRQHandler
                0x080026a4                USART2_IRQHandler
                0x080026a4                I2C2_ER_IRQHandler
                0x080026a4                DMA1_Channel2_IRQHandler
                0x080026a4                CAN1_SCE_IRQHandler
                0x080026a4                FLASH_IRQHandler
                0x080026a4                USART1_IRQHandler
                0x080026a4                I2C1_ER_IRQHandler
                0x080026a4                USBWakeUp_IRQHandler
 *fill*         0x080026a6        0x2 
 .text.Key_GetNum
                0x080026a8       0xe0 ./Drivers/BSP/KEY/key.o
                0x080026a8                Key_GetNum
 .text.Send     0x08002788       0x2c ./Drivers/BSP/OLED/oled.o
                0x08002788                Send
 .text.OLED_SendCmd
                0x080027b4       0x2a ./Drivers/BSP/OLED/oled.o
                0x080027b4                OLED_SendCmd
 .text.OLED_Init
                0x080027de       0xac ./Drivers/BSP/OLED/oled.o
                0x080027de                OLED_Init
 *fill*         0x0800288a        0x2 
 .text.OLED_NewFrame
                0x0800288c       0x18 ./Drivers/BSP/OLED/oled.o
                0x0800288c                OLED_NewFrame
 .text.OLED_ShowFrame
                0x080028a4       0x68 ./Drivers/BSP/OLED/oled.o
                0x080028a4                OLED_ShowFrame
 .text.OLED_SetPixel
                0x0800290c       0xb0 ./Drivers/BSP/OLED/oled.o
                0x0800290c                OLED_SetPixel
 .text.OLED_SetByte_Fine
                0x080029bc       0xf8 ./Drivers/BSP/OLED/oled.o
                0x080029bc                OLED_SetByte_Fine
 .text.OLED_SetBits_Fine
                0x08002ab4       0xbe ./Drivers/BSP/OLED/oled.o
                0x08002ab4                OLED_SetBits_Fine
 .text.OLED_SetBits
                0x08002b72       0x82 ./Drivers/BSP/OLED/oled.o
                0x08002b72                OLED_SetBits
 .text.OLED_SetBlock
                0x08002bf4       0xe2 ./Drivers/BSP/OLED/oled.o
                0x08002bf4                OLED_SetBlock
 *fill*         0x08002cd6        0x2 
 .text.OLED_DrawLine
                0x08002cd8      0x1d8 ./Drivers/BSP/OLED/oled.o
                0x08002cd8                OLED_DrawLine
 .text.OLED_DrawRectangle
                0x08002eb0       0xa2 ./Drivers/BSP/OLED/oled.o
                0x08002eb0                OLED_DrawRectangle
 .text.OLED_DrawCircle
                0x08002f52      0x1b8 ./Drivers/BSP/OLED/oled.o
                0x08002f52                OLED_DrawCircle
 .text.OLED_DrawImage
                0x0800310a       0x3c ./Drivers/BSP/OLED/oled.o
                0x0800310a                OLED_DrawImage
 .text.OLED_PrintASCIIChar
                0x08003146       0x5e ./Drivers/BSP/OLED/oled.o
                0x08003146                OLED_PrintASCIIChar
 .text.OLED_PrintASCIIString
                0x080031a4       0x4e ./Drivers/BSP/OLED/oled.o
                0x080031a4                OLED_PrintASCIIString
 .text._OLED_GetUTF8Len
                0x080031f2       0x52 ./Drivers/BSP/OLED/oled.o
                0x080031f2                _OLED_GetUTF8Len
 .text.OLED_PrintString
                0x08003244      0x14c ./Drivers/BSP/OLED/oled.o
                0x08003244                OLED_PrintString
 .text.OLED_DrawPoint
                0x08003390       0x94 ./Drivers/BSP/OLED/oled.o
                0x08003390                OLED_DrawPoint
 .text.HAL_Init
                0x08003424       0x2c ./Drivers/STM32F1xx_HAL_Driver/Src/stm32f1xx_hal.o
                0x08003424                HAL_Init
 .text.HAL_InitTick
                0x08003450       0x60 ./Drivers/STM32F1xx_HAL_Driver/Src/stm32f1xx_hal.o
                0x08003450                HAL_InitTick
 .text.HAL_IncTick
                0x080034b0       0x24 ./Drivers/STM32F1xx_HAL_Driver/Src/stm32f1xx_hal.o
                0x080034b0                HAL_IncTick
 .text.HAL_GetTick
                0x080034d4       0x14 ./Drivers/STM32F1xx_HAL_Driver/Src/stm32f1xx_hal.o
                0x080034d4                HAL_GetTick
 .text.HAL_Delay
                0x080034e8       0x48 ./Drivers/STM32F1xx_HAL_Driver/Src/stm32f1xx_hal.o
                0x080034e8                HAL_Delay
 .text.__NVIC_SetPriorityGrouping
                0x08003530       0x48 ./Drivers/STM32F1xx_HAL_Driver/Src/stm32f1xx_hal_cortex.o
 .text.__NVIC_GetPriorityGrouping
                0x08003578       0x1c ./Drivers/STM32F1xx_HAL_Driver/Src/stm32f1xx_hal_cortex.o
 .text.__NVIC_EnableIRQ
                0x08003594       0x38 ./Drivers/STM32F1xx_HAL_Driver/Src/stm32f1xx_hal_cortex.o
 .text.__NVIC_SetPriority
                0x080035cc       0x54 ./Drivers/STM32F1xx_HAL_Driver/Src/stm32f1xx_hal_cortex.o
 .text.NVIC_EncodePriority
                0x08003620       0x64 ./Drivers/STM32F1xx_HAL_Driver/Src/stm32f1xx_hal_cortex.o
 .text.SysTick_Config
                0x08003684       0x44 ./Drivers/STM32F1xx_HAL_Driver/Src/stm32f1xx_hal_cortex.o
 .text.HAL_NVIC_SetPriorityGrouping
                0x080036c8       0x16 ./Drivers/STM32F1xx_HAL_Driver/Src/stm32f1xx_hal_cortex.o
                0x080036c8                HAL_NVIC_SetPriorityGrouping
 .text.HAL_NVIC_SetPriority
                0x080036de       0x38 ./Drivers/STM32F1xx_HAL_Driver/Src/stm32f1xx_hal_cortex.o
                0x080036de                HAL_NVIC_SetPriority
 .text.HAL_NVIC_EnableIRQ
                0x08003716       0x1c ./Drivers/STM32F1xx_HAL_Driver/Src/stm32f1xx_hal_cortex.o
                0x08003716                HAL_NVIC_EnableIRQ
 .text.HAL_SYSTICK_Config
                0x08003732       0x18 ./Drivers/STM32F1xx_HAL_Driver/Src/stm32f1xx_hal_cortex.o
                0x08003732                HAL_SYSTICK_Config
 *fill*         0x0800374a        0x2 
 .text.HAL_GPIO_Init
                0x0800374c      0x308 ./Drivers/STM32F1xx_HAL_Driver/Src/stm32f1xx_hal_gpio.o
                0x0800374c                HAL_GPIO_Init
 .text.HAL_GPIO_ReadPin
                0x08003a54       0x2e ./Drivers/STM32F1xx_HAL_Driver/Src/stm32f1xx_hal_gpio.o
                0x08003a54                HAL_GPIO_ReadPin
 .text.HAL_GPIO_WritePin
                0x08003a82       0x30 ./Drivers/STM32F1xx_HAL_Driver/Src/stm32f1xx_hal_gpio.o
                0x08003a82                HAL_GPIO_WritePin
 *fill*         0x08003ab2        0x2 
 .text.HAL_I2C_Init
                0x08003ab4      0x288 ./Drivers/STM32F1xx_HAL_Driver/Src/stm32f1xx_hal_i2c.o
                0x08003ab4                HAL_I2C_Init
 .text.HAL_I2C_Master_Transmit
                0x08003d3c      0x1fc ./Drivers/STM32F1xx_HAL_Driver/Src/stm32f1xx_hal_i2c.o
                0x08003d3c                HAL_I2C_Master_Transmit
 .text.I2C_MasterRequestWrite
                0x08003f38      0x104 ./Drivers/STM32F1xx_HAL_Driver/Src/stm32f1xx_hal_i2c.o
 .text.I2C_WaitOnFlagUntilTimeout
                0x0800403c       0xae ./Drivers/STM32F1xx_HAL_Driver/Src/stm32f1xx_hal_i2c.o
 .text.I2C_WaitOnMasterAddressFlagUntilTimeout
                0x080040ea       0xfe ./Drivers/STM32F1xx_HAL_Driver/Src/stm32f1xx_hal_i2c.o
 .text.I2C_WaitOnTXEFlagUntilTimeout
                0x080041e8       0x82 ./Drivers/STM32F1xx_HAL_Driver/Src/stm32f1xx_hal_i2c.o
 .text.I2C_WaitOnBTFFlagUntilTimeout
                0x0800426a       0x82 ./Drivers/STM32F1xx_HAL_Driver/Src/stm32f1xx_hal_i2c.o
 .text.I2C_IsAcknowledgeFailed
                0x080042ec       0x5c ./Drivers/STM32F1xx_HAL_Driver/Src/stm32f1xx_hal_i2c.o
 .text.HAL_PWR_EnableBkUpAccess
                0x08004348       0x18 ./Drivers/STM32F1xx_HAL_Driver/Src/stm32f1xx_hal_pwr.o
                0x08004348                HAL_PWR_EnableBkUpAccess
 .text.HAL_PWR_DisableBkUpAccess
                0x08004360       0x18 ./Drivers/STM32F1xx_HAL_Driver/Src/stm32f1xx_hal_pwr.o
                0x08004360                HAL_PWR_DisableBkUpAccess
 .text.HAL_RCC_OscConfig
                0x08004378      0x504 ./Drivers/STM32F1xx_HAL_Driver/Src/stm32f1xx_hal_rcc.o
                0x08004378                HAL_RCC_OscConfig
 .text.HAL_RCC_ClockConfig
                0x0800487c      0x1d4 ./Drivers/STM32F1xx_HAL_Driver/Src/stm32f1xx_hal_rcc.o
                0x0800487c                HAL_RCC_ClockConfig
 .text.HAL_RCC_GetSysClockFreq
                0x08004a50       0xbc ./Drivers/STM32F1xx_HAL_Driver/Src/stm32f1xx_hal_rcc.o
                0x08004a50                HAL_RCC_GetSysClockFreq
 .text.HAL_RCC_GetHCLKFreq
                0x08004b0c       0x14 ./Drivers/STM32F1xx_HAL_Driver/Src/stm32f1xx_hal_rcc.o
                0x08004b0c                HAL_RCC_GetHCLKFreq
 .text.HAL_RCC_GetPCLK1Freq
                0x08004b20       0x28 ./Drivers/STM32F1xx_HAL_Driver/Src/stm32f1xx_hal_rcc.o
                0x08004b20                HAL_RCC_GetPCLK1Freq
 .text.HAL_RCC_GetPCLK2Freq
                0x08004b48       0x28 ./Drivers/STM32F1xx_HAL_Driver/Src/stm32f1xx_hal_rcc.o
                0x08004b48                HAL_RCC_GetPCLK2Freq
 .text.RCC_Delay
                0x08004b70       0x3c ./Drivers/STM32F1xx_HAL_Driver/Src/stm32f1xx_hal_rcc.o
 .text.HAL_RCCEx_PeriphCLKConfig
                0x08004bac      0x16c ./Drivers/STM32F1xx_HAL_Driver/Src/stm32f1xx_hal_rcc_ex.o
                0x08004bac                HAL_RCCEx_PeriphCLKConfig
 .text.HAL_RCCEx_GetPeriphCLKFreq
                0x08004d18      0x180 ./Drivers/STM32F1xx_HAL_Driver/Src/stm32f1xx_hal_rcc_ex.o
                0x08004d18                HAL_RCCEx_GetPeriphCLKFreq
 .text.HAL_RTC_Init
                0x08004e98      0x12c ./Drivers/STM32F1xx_HAL_Driver/Src/stm32f1xx_hal_rtc.o
                0x08004e98                HAL_RTC_Init
 .text.HAL_RTC_SetTime
                0x08004fc4      0x12e ./Drivers/STM32F1xx_HAL_Driver/Src/stm32f1xx_hal_rtc.o
                0x08004fc4                HAL_RTC_SetTime
 *fill*         0x080050f2        0x2 
 .text.HAL_RTC_GetTime
                0x080050f4      0x1b0 ./Drivers/STM32F1xx_HAL_Driver/Src/stm32f1xx_hal_rtc.o
                0x080050f4                HAL_RTC_GetTime
 .text.HAL_RTC_SetDate
                0x080052a4      0x16c ./Drivers/STM32F1xx_HAL_Driver/Src/stm32f1xx_hal_rtc.o
                0x080052a4                HAL_RTC_SetDate
 .text.HAL_RTC_GetDate
                0x08005410       0xa8 ./Drivers/STM32F1xx_HAL_Driver/Src/stm32f1xx_hal_rtc.o
                0x08005410                HAL_RTC_GetDate
 .text.HAL_RTC_WaitForSynchro
                0x080054b8       0x5a ./Drivers/STM32F1xx_HAL_Driver/Src/stm32f1xx_hal_rtc.o
                0x080054b8                HAL_RTC_WaitForSynchro
 .text.RTC_ReadTimeCounter
                0x08005512       0x60 ./Drivers/STM32F1xx_HAL_Driver/Src/stm32f1xx_hal_rtc.o
 .text.RTC_WriteTimeCounter
                0x08005572       0x4e ./Drivers/STM32F1xx_HAL_Driver/Src/stm32f1xx_hal_rtc.o
 .text.RTC_ReadAlarmCounter
                0x080055c0       0x32 ./Drivers/STM32F1xx_HAL_Driver/Src/stm32f1xx_hal_rtc.o
 .text.RTC_WriteAlarmCounter
                0x080055f2       0x4e ./Drivers/STM32F1xx_HAL_Driver/Src/stm32f1xx_hal_rtc.o
 .text.RTC_EnterInitMode
                0x08005640       0x50 ./Drivers/STM32F1xx_HAL_Driver/Src/stm32f1xx_hal_rtc.o
 .text.RTC_ExitInitMode
                0x08005690       0x50 ./Drivers/STM32F1xx_HAL_Driver/Src/stm32f1xx_hal_rtc.o
 .text.RTC_ByteToBcd2
                0x080056e0       0x3a ./Drivers/STM32F1xx_HAL_Driver/Src/stm32f1xx_hal_rtc.o
 .text.RTC_Bcd2ToByte
                0x0800571a       0x3a ./Drivers/STM32F1xx_HAL_Driver/Src/stm32f1xx_hal_rtc.o
 .text.RTC_DateUpdate
                0x08005754      0x152 ./Drivers/STM32F1xx_HAL_Driver/Src/stm32f1xx_hal_rtc.o
 *fill*         0x080058a6        0x2 
 .text.RTC_IsLeapYear
                0x080058a8       0x64 ./Drivers/STM32F1xx_HAL_Driver/Src/stm32f1xx_hal_rtc.o
 .text.RTC_WeekDayNum
                0x0800590c       0xf0 ./Drivers/STM32F1xx_HAL_Driver/Src/stm32f1xx_hal_rtc.o
 .text.HAL_RTCEx_RTCIRQHandler
                0x080059fc       0x6e ./Drivers/STM32F1xx_HAL_Driver/Src/stm32f1xx_hal_rtc_ex.o
                0x080059fc                HAL_RTCEx_RTCIRQHandler
 .text.HAL_RTCEx_RTCEventCallback
                0x08005a6a       0x12 ./Drivers/STM32F1xx_HAL_Driver/Src/stm32f1xx_hal_rtc_ex.o
                0x08005a6a                HAL_RTCEx_RTCEventCallback
 .text.HAL_RTCEx_RTCEventErrorCallback
                0x08005a7c       0x12 ./Drivers/STM32F1xx_HAL_Driver/Src/stm32f1xx_hal_rtc_ex.o
                0x08005a7c                HAL_RTCEx_RTCEventErrorCallback
 *fill*         0x08005a8e        0x2 
 .text.HAL_RTCEx_BKUPWrite
                0x08005a90       0x34 ./Drivers/STM32F1xx_HAL_Driver/Src/stm32f1xx_hal_rtc_ex.o
                0x08005a90                HAL_RTCEx_BKUPWrite
 .text.HAL_RTCEx_BKUPRead
                0x08005ac4       0x38 ./Drivers/STM32F1xx_HAL_Driver/Src/stm32f1xx_hal_rtc_ex.o
                0x08005ac4                HAL_RTCEx_BKUPRead
 .text.rand     0x08005afc       0x7c D:/Program Files (x86)/STM32CubeIDE_1.19.0/STM32CubeIDE/plugins/com.st.stm32cube.ide.mcu.externaltools.gnu-tools-for-stm32.13.3.rel1.win32_1.0.0.202411081344/tools/bin/../lib/gcc/arm-none-eabi/13.3.1/../../../../arm-none-eabi/lib/thumb/v7-m/nofp\libc_nano.a(libc_a-rand.o)
                0x08005afc                rand
 .text.std      0x08005b78       0x6c D:/Program Files (x86)/STM32CubeIDE_1.19.0/STM32CubeIDE/plugins/com.st.stm32cube.ide.mcu.externaltools.gnu-tools-for-stm32.13.3.rel1.win32_1.0.0.202411081344/tools/bin/../lib/gcc/arm-none-eabi/13.3.1/../../../../arm-none-eabi/lib/thumb/v7-m/nofp\libc_nano.a(libc_a-findfp.o)
 .text.stdio_exit_handler
                0x08005be4       0x18 D:/Program Files (x86)/STM32CubeIDE_1.19.0/STM32CubeIDE/plugins/com.st.stm32cube.ide.mcu.externaltools.gnu-tools-for-stm32.13.3.rel1.win32_1.0.0.202411081344/tools/bin/../lib/gcc/arm-none-eabi/13.3.1/../../../../arm-none-eabi/lib/thumb/v7-m/nofp\libc_nano.a(libc_a-findfp.o)
 .text.cleanup_stdio
                0x08005bfc       0x40 D:/Program Files (x86)/STM32CubeIDE_1.19.0/STM32CubeIDE/plugins/com.st.stm32cube.ide.mcu.externaltools.gnu-tools-for-stm32.13.3.rel1.win32_1.0.0.202411081344/tools/bin/../lib/gcc/arm-none-eabi/13.3.1/../../../../arm-none-eabi/lib/thumb/v7-m/nofp\libc_nano.a(libc_a-findfp.o)
 .text.global_stdio_init.part.0
                0x08005c3c       0x3c D:/Program Files (x86)/STM32CubeIDE_1.19.0/STM32CubeIDE/plugins/com.st.stm32cube.ide.mcu.externaltools.gnu-tools-for-stm32.13.3.rel1.win32_1.0.0.202411081344/tools/bin/../lib/gcc/arm-none-eabi/13.3.1/../../../../arm-none-eabi/lib/thumb/v7-m/nofp\libc_nano.a(libc_a-findfp.o)
 .text.__sfp_lock_acquire
                0x08005c78        0xc D:/Program Files (x86)/STM32CubeIDE_1.19.0/STM32CubeIDE/plugins/com.st.stm32cube.ide.mcu.externaltools.gnu-tools-for-stm32.13.3.rel1.win32_1.0.0.202411081344/tools/bin/../lib/gcc/arm-none-eabi/13.3.1/../../../../arm-none-eabi/lib/thumb/v7-m/nofp\libc_nano.a(libc_a-findfp.o)
                0x08005c78                __sfp_lock_acquire
 .text.__sfp_lock_release
                0x08005c84        0xc D:/Program Files (x86)/STM32CubeIDE_1.19.0/STM32CubeIDE/plugins/com.st.stm32cube.ide.mcu.externaltools.gnu-tools-for-stm32.13.3.rel1.win32_1.0.0.202411081344/tools/bin/../lib/gcc/arm-none-eabi/13.3.1/../../../../arm-none-eabi/lib/thumb/v7-m/nofp\libc_nano.a(libc_a-findfp.o)
                0x08005c84                __sfp_lock_release
 .text.__sinit  0x08005c90       0x30 D:/Program Files (x86)/STM32CubeIDE_1.19.0/STM32CubeIDE/plugins/com.st.stm32cube.ide.mcu.externaltools.gnu-tools-for-stm32.13.3.rel1.win32_1.0.0.202411081344/tools/bin/../lib/gcc/arm-none-eabi/13.3.1/../../../../arm-none-eabi/lib/thumb/v7-m/nofp\libc_nano.a(libc_a-findfp.o)
                0x08005c90                __sinit
 .text._fwalk_sglue
                0x08005cc0       0x3c D:/Program Files (x86)/STM32CubeIDE_1.19.0/STM32CubeIDE/plugins/com.st.stm32cube.ide.mcu.externaltools.gnu-tools-for-stm32.13.3.rel1.win32_1.0.0.202411081344/tools/bin/../lib/gcc/arm-none-eabi/13.3.1/../../../../arm-none-eabi/lib/thumb/v7-m/nofp\libc_nano.a(libc_a-fwalk.o)
                0x08005cc0                _fwalk_sglue
 .text.sprintf  0x08005cfc       0x44 D:/Program Files (x86)/STM32CubeIDE_1.19.0/STM32CubeIDE/plugins/com.st.stm32cube.ide.mcu.externaltools.gnu-tools-for-stm32.13.3.rel1.win32_1.0.0.202411081344/tools/bin/../lib/gcc/arm-none-eabi/13.3.1/../../../../arm-none-eabi/lib/thumb/v7-m/nofp\libc_nano.a(libc_a-sprintf.o)
                0x08005cfc                siprintf
                0x08005cfc                sprintf
 .text.__sread  0x08005d40       0x22 D:/Program Files (x86)/STM32CubeIDE_1.19.0/STM32CubeIDE/plugins/com.st.stm32cube.ide.mcu.externaltools.gnu-tools-for-stm32.13.3.rel1.win32_1.0.0.202411081344/tools/bin/../lib/gcc/arm-none-eabi/13.3.1/../../../../arm-none-eabi/lib/thumb/v7-m/nofp\libc_nano.a(libc_a-stdio.o)
                0x08005d40                __sread
 .text.__swrite
                0x08005d62       0x38 D:/Program Files (x86)/STM32CubeIDE_1.19.0/STM32CubeIDE/plugins/com.st.stm32cube.ide.mcu.externaltools.gnu-tools-for-stm32.13.3.rel1.win32_1.0.0.202411081344/tools/bin/../lib/gcc/arm-none-eabi/13.3.1/../../../../arm-none-eabi/lib/thumb/v7-m/nofp\libc_nano.a(libc_a-stdio.o)
                0x08005d62                __swrite
 .text.__sseek  0x08005d9a       0x24 D:/Program Files (x86)/STM32CubeIDE_1.19.0/STM32CubeIDE/plugins/com.st.stm32cube.ide.mcu.externaltools.gnu-tools-for-stm32.13.3.rel1.win32_1.0.0.202411081344/tools/bin/../lib/gcc/arm-none-eabi/13.3.1/../../../../arm-none-eabi/lib/thumb/v7-m/nofp\libc_nano.a(libc_a-stdio.o)
                0x08005d9a                __sseek
 .text.__sclose
                0x08005dbe        0x8 D:/Program Files (x86)/STM32CubeIDE_1.19.0/STM32CubeIDE/plugins/com.st.stm32cube.ide.mcu.externaltools.gnu-tools-for-stm32.13.3.rel1.win32_1.0.0.202411081344/tools/bin/../lib/gcc/arm-none-eabi/13.3.1/../../../../arm-none-eabi/lib/thumb/v7-m/nofp\libc_nano.a(libc_a-stdio.o)
                0x08005dbe                __sclose
 .text.memcmp   0x08005dc6       0x20 D:/Program Files (x86)/STM32CubeIDE_1.19.0/STM32CubeIDE/plugins/com.st.stm32cube.ide.mcu.externaltools.gnu-tools-for-stm32.13.3.rel1.win32_1.0.0.202411081344/tools/bin/../lib/gcc/arm-none-eabi/13.3.1/../../../../arm-none-eabi/lib/thumb/v7-m/nofp\libc_nano.a(libc_a-memcmp.o)
                0x08005dc6                memcmp
 .text.memset   0x08005de6       0x10 D:/Program Files (x86)/STM32CubeIDE_1.19.0/STM32CubeIDE/plugins/com.st.stm32cube.ide.mcu.externaltools.gnu-tools-for-stm32.13.3.rel1.win32_1.0.0.202411081344/tools/bin/../lib/gcc/arm-none-eabi/13.3.1/../../../../arm-none-eabi/lib/thumb/v7-m/nofp\libc_nano.a(libc_a-memset.o)
                0x08005de6                memset
 *fill*         0x08005df6        0x2 
 .text._close_r
                0x08005df8       0x20 D:/Program Files (x86)/STM32CubeIDE_1.19.0/STM32CubeIDE/plugins/com.st.stm32cube.ide.mcu.externaltools.gnu-tools-for-stm32.13.3.rel1.win32_1.0.0.202411081344/tools/bin/../lib/gcc/arm-none-eabi/13.3.1/../../../../arm-none-eabi/lib/thumb/v7-m/nofp\libc_nano.a(libc_a-closer.o)
                0x08005df8                _close_r
 .text._lseek_r
                0x08005e18       0x24 D:/Program Files (x86)/STM32CubeIDE_1.19.0/STM32CubeIDE/plugins/com.st.stm32cube.ide.mcu.externaltools.gnu-tools-for-stm32.13.3.rel1.win32_1.0.0.202411081344/tools/bin/../lib/gcc/arm-none-eabi/13.3.1/../../../../arm-none-eabi/lib/thumb/v7-m/nofp\libc_nano.a(libc_a-lseekr.o)
                0x08005e18                _lseek_r
 .text._read_r  0x08005e3c       0x24 D:/Program Files (x86)/STM32CubeIDE_1.19.0/STM32CubeIDE/plugins/com.st.stm32cube.ide.mcu.externaltools.gnu-tools-for-stm32.13.3.rel1.win32_1.0.0.202411081344/tools/bin/../lib/gcc/arm-none-eabi/13.3.1/../../../../arm-none-eabi/lib/thumb/v7-m/nofp\libc_nano.a(libc_a-readr.o)
                0x08005e3c                _read_r
 .text._write_r
                0x08005e60       0x24 D:/Program Files (x86)/STM32CubeIDE_1.19.0/STM32CubeIDE/plugins/com.st.stm32cube.ide.mcu.externaltools.gnu-tools-for-stm32.13.3.rel1.win32_1.0.0.202411081344/tools/bin/../lib/gcc/arm-none-eabi/13.3.1/../../../../arm-none-eabi/lib/thumb/v7-m/nofp\libc_nano.a(libc_a-writer.o)
                0x08005e60                _write_r
 .text.__errno  0x08005e84        0xc D:/Program Files (x86)/STM32CubeIDE_1.19.0/STM32CubeIDE/plugins/com.st.stm32cube.ide.mcu.externaltools.gnu-tools-for-stm32.13.3.rel1.win32_1.0.0.202411081344/tools/bin/../lib/gcc/arm-none-eabi/13.3.1/../../../../arm-none-eabi/lib/thumb/v7-m/nofp\libc_nano.a(libc_a-errno.o)
                0x08005e84                __errno
 .text.__libc_init_array
                0x08005e90       0x48 D:/Program Files (x86)/STM32CubeIDE_1.19.0/STM32CubeIDE/plugins/com.st.stm32cube.ide.mcu.externaltools.gnu-tools-for-stm32.13.3.rel1.win32_1.0.0.202411081344/tools/bin/../lib/gcc/arm-none-eabi/13.3.1/../../../../arm-none-eabi/lib/thumb/v7-m/nofp\libc_nano.a(libc_a-init.o)
                0x08005e90                __libc_init_array
 .text.__retarget_lock_init_recursive
                0x08005ed8        0x2 D:/Program Files (x86)/STM32CubeIDE_1.19.0/STM32CubeIDE/plugins/com.st.stm32cube.ide.mcu.externaltools.gnu-tools-for-stm32.13.3.rel1.win32_1.0.0.202411081344/tools/bin/../lib/gcc/arm-none-eabi/13.3.1/../../../../arm-none-eabi/lib/thumb/v7-m/nofp\libc_nano.a(libc_a-lock.o)
                0x08005ed8                __retarget_lock_init_recursive
 .text.__retarget_lock_acquire_recursive
                0x08005eda        0x2 D:/Program Files (x86)/STM32CubeIDE_1.19.0/STM32CubeIDE/plugins/com.st.stm32cube.ide.mcu.externaltools.gnu-tools-for-stm32.13.3.rel1.win32_1.0.0.202411081344/tools/bin/../lib/gcc/arm-none-eabi/13.3.1/../../../../arm-none-eabi/lib/thumb/v7-m/nofp\libc_nano.a(libc_a-lock.o)
                0x08005eda                __retarget_lock_acquire_recursive
 .text.__retarget_lock_release_recursive
                0x08005edc        0x2 D:/Program Files (x86)/STM32CubeIDE_1.19.0/STM32CubeIDE/plugins/com.st.stm32cube.ide.mcu.externaltools.gnu-tools-for-stm32.13.3.rel1.win32_1.0.0.202411081344/tools/bin/../lib/gcc/arm-none-eabi/13.3.1/../../../../arm-none-eabi/lib/thumb/v7-m/nofp\libc_nano.a(libc_a-lock.o)
                0x08005edc                __retarget_lock_release_recursive
 .text.memcpy   0x08005ede       0x1c D:/Program Files (x86)/STM32CubeIDE_1.19.0/STM32CubeIDE/plugins/com.st.stm32cube.ide.mcu.externaltools.gnu-tools-for-stm32.13.3.rel1.win32_1.0.0.202411081344/tools/bin/../lib/gcc/arm-none-eabi/13.3.1/../../../../arm-none-eabi/lib/thumb/v7-m/nofp\libc_nano.a(libc_a-memcpy-stub.o)
                0x08005ede                memcpy
 *fill*         0x08005efa        0x2 
 .text.__assert_func
                0x08005efc       0x3c D:/Program Files (x86)/STM32CubeIDE_1.19.0/STM32CubeIDE/plugins/com.st.stm32cube.ide.mcu.externaltools.gnu-tools-for-stm32.13.3.rel1.win32_1.0.0.202411081344/tools/bin/../lib/gcc/arm-none-eabi/13.3.1/../../../../arm-none-eabi/lib/thumb/v7-m/nofp\libc_nano.a(libc_a-assert.o)
                0x08005efc                __assert_func
 .text._free_r  0x08005f38       0x90 D:/Program Files (x86)/STM32CubeIDE_1.19.0/STM32CubeIDE/plugins/com.st.stm32cube.ide.mcu.externaltools.gnu-tools-for-stm32.13.3.rel1.win32_1.0.0.202411081344/tools/bin/../lib/gcc/arm-none-eabi/13.3.1/../../../../arm-none-eabi/lib/thumb/v7-m/nofp\libc_nano.a(libc_a-freer.o)
                0x08005f38                _free_r
 .text.malloc   0x08005fc8       0x10 D:/Program Files (x86)/STM32CubeIDE_1.19.0/STM32CubeIDE/plugins/com.st.stm32cube.ide.mcu.externaltools.gnu-tools-for-stm32.13.3.rel1.win32_1.0.0.202411081344/tools/bin/../lib/gcc/arm-none-eabi/13.3.1/../../../../arm-none-eabi/lib/thumb/v7-m/nofp\libc_nano.a(libc_a-malloc.o)
                0x08005fc8                malloc
 .text.sbrk_aligned
                0x08005fd8       0x44 D:/Program Files (x86)/STM32CubeIDE_1.19.0/STM32CubeIDE/plugins/com.st.stm32cube.ide.mcu.externaltools.gnu-tools-for-stm32.13.3.rel1.win32_1.0.0.202411081344/tools/bin/../lib/gcc/arm-none-eabi/13.3.1/../../../../arm-none-eabi/lib/thumb/v7-m/nofp\libc_nano.a(libc_a-mallocr.o)
 .text._malloc_r
                0x0800601c      0x100 D:/Program Files (x86)/STM32CubeIDE_1.19.0/STM32CubeIDE/plugins/com.st.stm32cube.ide.mcu.externaltools.gnu-tools-for-stm32.13.3.rel1.win32_1.0.0.202411081344/tools/bin/../lib/gcc/arm-none-eabi/13.3.1/../../../../arm-none-eabi/lib/thumb/v7-m/nofp\libc_nano.a(libc_a-mallocr.o)
                0x0800601c                _malloc_r
 .text.__malloc_lock
                0x0800611c        0xc D:/Program Files (x86)/STM32CubeIDE_1.19.0/STM32CubeIDE/plugins/com.st.stm32cube.ide.mcu.externaltools.gnu-tools-for-stm32.13.3.rel1.win32_1.0.0.202411081344/tools/bin/../lib/gcc/arm-none-eabi/13.3.1/../../../../arm-none-eabi/lib/thumb/v7-m/nofp\libc_nano.a(libc_a-mlock.o)
                0x0800611c                __malloc_lock
 .text.__malloc_unlock
                0x08006128        0xc D:/Program Files (x86)/STM32CubeIDE_1.19.0/STM32CubeIDE/plugins/com.st.stm32cube.ide.mcu.externaltools.gnu-tools-for-stm32.13.3.rel1.win32_1.0.0.202411081344/tools/bin/../lib/gcc/arm-none-eabi/13.3.1/../../../../arm-none-eabi/lib/thumb/v7-m/nofp\libc_nano.a(libc_a-mlock.o)
                0x08006128                __malloc_unlock
 .text.__ssputs_r
                0x08006134       0xb6 D:/Program Files (x86)/STM32CubeIDE_1.19.0/STM32CubeIDE/plugins/com.st.stm32cube.ide.mcu.externaltools.gnu-tools-for-stm32.13.3.rel1.win32_1.0.0.202411081344/tools/bin/../lib/gcc/arm-none-eabi/13.3.1/../../../../arm-none-eabi/lib/thumb/v7-m/nofp\libc_nano.a(libc_a-nano-svfprintf.o)
                0x08006134                __ssputs_r
 *fill*         0x080061ea        0x2 
 .text._svfprintf_r
                0x080061ec      0x1f8 D:/Program Files (x86)/STM32CubeIDE_1.19.0/STM32CubeIDE/plugins/com.st.stm32cube.ide.mcu.externaltools.gnu-tools-for-stm32.13.3.rel1.win32_1.0.0.202411081344/tools/bin/../lib/gcc/arm-none-eabi/13.3.1/../../../../arm-none-eabi/lib/thumb/v7-m/nofp\libc_nano.a(libc_a-nano-svfprintf.o)
                0x080061ec                _svfiprintf_r
                0x080061ec                _svfprintf_r
 .text._printf_common
                0x080063e4       0xe4 D:/Program Files (x86)/STM32CubeIDE_1.19.0/STM32CubeIDE/plugins/com.st.stm32cube.ide.mcu.externaltools.gnu-tools-for-stm32.13.3.rel1.win32_1.0.0.202411081344/tools/bin/../lib/gcc/arm-none-eabi/13.3.1/../../../../arm-none-eabi/lib/thumb/v7-m/nofp\libc_nano.a(libc_a-nano-vfprintf_i.o)
                0x080063e4                _printf_common
 .text._printf_i
                0x080064c8      0x23c D:/Program Files (x86)/STM32CubeIDE_1.19.0/STM32CubeIDE/plugins/com.st.stm32cube.ide.mcu.externaltools.gnu-tools-for-stm32.13.3.rel1.win32_1.0.0.202411081344/tools/bin/../lib/gcc/arm-none-eabi/13.3.1/../../../../arm-none-eabi/lib/thumb/v7-m/nofp\libc_nano.a(libc_a-nano-vfprintf_i.o)
                0x080064c8                _printf_i
 .text.__sflush_r
                0x08006704      0x100 D:/Program Files (x86)/STM32CubeIDE_1.19.0/STM32CubeIDE/plugins/com.st.stm32cube.ide.mcu.externaltools.gnu-tools-for-stm32.13.3.rel1.win32_1.0.0.202411081344/tools/bin/../lib/gcc/arm-none-eabi/13.3.1/../../../../arm-none-eabi/lib/thumb/v7-m/nofp\libc_nano.a(libc_a-fflush.o)
                0x08006704                __sflush_r
 .text._fflush_r
                0x08006804       0x50 D:/Program Files (x86)/STM32CubeIDE_1.19.0/STM32CubeIDE/plugins/com.st.stm32cube.ide.mcu.externaltools.gnu-tools-for-stm32.13.3.rel1.win32_1.0.0.202411081344/tools/bin/../lib/gcc/arm-none-eabi/13.3.1/../../../../arm-none-eabi/lib/thumb/v7-m/nofp\libc_nano.a(libc_a-fflush.o)
                0x08006804                _fflush_r
 .text.fprintf  0x08006854       0x24 D:/Program Files (x86)/STM32CubeIDE_1.19.0/STM32CubeIDE/plugins/com.st.stm32cube.ide.mcu.externaltools.gnu-tools-for-stm32.13.3.rel1.win32_1.0.0.202411081344/tools/bin/../lib/gcc/arm-none-eabi/13.3.1/../../../../arm-none-eabi/lib/thumb/v7-m/nofp\libc_nano.a(libc_a-fprintf.o)
                0x08006854                fiprintf
                0x08006854                fprintf
 .text.memmove  0x08006878       0x34 D:/Program Files (x86)/STM32CubeIDE_1.19.0/STM32CubeIDE/plugins/com.st.stm32cube.ide.mcu.externaltools.gnu-tools-for-stm32.13.3.rel1.win32_1.0.0.202411081344/tools/bin/../lib/gcc/arm-none-eabi/13.3.1/../../../../arm-none-eabi/lib/thumb/v7-m/nofp\libc_nano.a(libc_a-memmove.o)
                0x08006878                memmove
 .text._sbrk_r  0x080068ac       0x20 D:/Program Files (x86)/STM32CubeIDE_1.19.0/STM32CubeIDE/plugins/com.st.stm32cube.ide.mcu.externaltools.gnu-tools-for-stm32.13.3.rel1.win32_1.0.0.202411081344/tools/bin/../lib/gcc/arm-none-eabi/13.3.1/../../../../arm-none-eabi/lib/thumb/v7-m/nofp\libc_nano.a(libc_a-sbrkr.o)
                0x080068ac                _sbrk_r
 .text.memchr   0x080068cc       0x1c D:/Program Files (x86)/STM32CubeIDE_1.19.0/STM32CubeIDE/plugins/com.st.stm32cube.ide.mcu.externaltools.gnu-tools-for-stm32.13.3.rel1.win32_1.0.0.202411081344/tools/bin/../lib/gcc/arm-none-eabi/13.3.1/../../../../arm-none-eabi/lib/thumb/v7-m/nofp\libc_nano.a(libc_a-memchr-stub.o)
                0x080068cc                memchr
 .text.abort    0x080068e8        0xe D:/Program Files (x86)/STM32CubeIDE_1.19.0/STM32CubeIDE/plugins/com.st.stm32cube.ide.mcu.externaltools.gnu-tools-for-stm32.13.3.rel1.win32_1.0.0.202411081344/tools/bin/../lib/gcc/arm-none-eabi/13.3.1/../../../../arm-none-eabi/lib/thumb/v7-m/nofp\libc_nano.a(libc_a-abort.o)
                0x080068e8                abort
 .text._realloc_r
                0x080068f6       0x5c D:/Program Files (x86)/STM32CubeIDE_1.19.0/STM32CubeIDE/plugins/com.st.stm32cube.ide.mcu.externaltools.gnu-tools-for-stm32.13.3.rel1.win32_1.0.0.202411081344/tools/bin/../lib/gcc/arm-none-eabi/13.3.1/../../../../arm-none-eabi/lib/thumb/v7-m/nofp\libc_nano.a(libc_a-reallocr.o)
                0x080068f6                _realloc_r
 .text.__sfputc_r
                0x08006952       0x2a D:/Program Files (x86)/STM32CubeIDE_1.19.0/STM32CubeIDE/plugins/com.st.stm32cube.ide.mcu.externaltools.gnu-tools-for-stm32.13.3.rel1.win32_1.0.0.202411081344/tools/bin/../lib/gcc/arm-none-eabi/13.3.1/../../../../arm-none-eabi/lib/thumb/v7-m/nofp\libc_nano.a(libc_a-nano-vfprintf.o)
 .text.__sfputs_r
                0x0800697c       0x24 D:/Program Files (x86)/STM32CubeIDE_1.19.0/STM32CubeIDE/plugins/com.st.stm32cube.ide.mcu.externaltools.gnu-tools-for-stm32.13.3.rel1.win32_1.0.0.202411081344/tools/bin/../lib/gcc/arm-none-eabi/13.3.1/../../../../arm-none-eabi/lib/thumb/v7-m/nofp\libc_nano.a(libc_a-nano-vfprintf.o)
                0x0800697c                __sfputs_r
 .text._vfprintf_r
                0x080069a0      0x230 D:/Program Files (x86)/STM32CubeIDE_1.19.0/STM32CubeIDE/plugins/com.st.stm32cube.ide.mcu.externaltools.gnu-tools-for-stm32.13.3.rel1.win32_1.0.0.202411081344/tools/bin/../lib/gcc/arm-none-eabi/13.3.1/../../../../arm-none-eabi/lib/thumb/v7-m/nofp\libc_nano.a(libc_a-nano-vfprintf.o)
                0x080069a0                _vfprintf_r
                0x080069a0                _vfiprintf_r
 .text.__swbuf_r
                0x08006bd0       0x7c D:/Program Files (x86)/STM32CubeIDE_1.19.0/STM32CubeIDE/plugins/com.st.stm32cube.ide.mcu.externaltools.gnu-tools-for-stm32.13.3.rel1.win32_1.0.0.202411081344/tools/bin/../lib/gcc/arm-none-eabi/13.3.1/../../../../arm-none-eabi/lib/thumb/v7-m/nofp\libc_nano.a(libc_a-wbuf.o)
                0x08006bd0                __swbuf_r
 .text.__swsetup_r
                0x08006c4c       0xac D:/Program Files (x86)/STM32CubeIDE_1.19.0/STM32CubeIDE/plugins/com.st.stm32cube.ide.mcu.externaltools.gnu-tools-for-stm32.13.3.rel1.win32_1.0.0.202411081344/tools/bin/../lib/gcc/arm-none-eabi/13.3.1/../../../../arm-none-eabi/lib/thumb/v7-m/nofp\libc_nano.a(libc_a-wsetup.o)
                0x08006c4c                __swsetup_r
 .text._raise_r
                0x08006cf8       0x50 D:/Program Files (x86)/STM32CubeIDE_1.19.0/STM32CubeIDE/plugins/com.st.stm32cube.ide.mcu.externaltools.gnu-tools-for-stm32.13.3.rel1.win32_1.0.0.202411081344/tools/bin/../lib/gcc/arm-none-eabi/13.3.1/../../../../arm-none-eabi/lib/thumb/v7-m/nofp\libc_nano.a(libc_a-signal.o)
                0x08006cf8                _raise_r
 .text.raise    0x08006d48       0x10 D:/Program Files (x86)/STM32CubeIDE_1.19.0/STM32CubeIDE/plugins/com.st.stm32cube.ide.mcu.externaltools.gnu-tools-for-stm32.13.3.rel1.win32_1.0.0.202411081344/tools/bin/../lib/gcc/arm-none-eabi/13.3.1/../../../../arm-none-eabi/lib/thumb/v7-m/nofp\libc_nano.a(libc_a-signal.o)
                0x08006d48                raise
 .text._kill_r  0x08006d58       0x24 D:/Program Files (x86)/STM32CubeIDE_1.19.0/STM32CubeIDE/plugins/com.st.stm32cube.ide.mcu.externaltools.gnu-tools-for-stm32.13.3.rel1.win32_1.0.0.202411081344/tools/bin/../lib/gcc/arm-none-eabi/13.3.1/../../../../arm-none-eabi/lib/thumb/v7-m/nofp\libc_nano.a(libc_a-signalr.o)
                0x08006d58                _kill_r
 .text._getpid_r
                0x08006d7c        0x4 D:/Program Files (x86)/STM32CubeIDE_1.19.0/STM32CubeIDE/plugins/com.st.stm32cube.ide.mcu.externaltools.gnu-tools-for-stm32.13.3.rel1.win32_1.0.0.202411081344/tools/bin/../lib/gcc/arm-none-eabi/13.3.1/../../../../arm-none-eabi/lib/thumb/v7-m/nofp\libc_nano.a(libc_a-signalr.o)
                0x08006d7c                _getpid_r
 .text._malloc_usable_size_r
                0x08006d80       0x10 D:/Program Files (x86)/STM32CubeIDE_1.19.0/STM32CubeIDE/plugins/com.st.stm32cube.ide.mcu.externaltools.gnu-tools-for-stm32.13.3.rel1.win32_1.0.0.202411081344/tools/bin/../lib/gcc/arm-none-eabi/13.3.1/../../../../arm-none-eabi/lib/thumb/v7-m/nofp\libc_nano.a(libc_a-msizer.o)
                0x08006d80                _malloc_usable_size_r
 .text.__swhatbuf_r
                0x08006d90       0x4a D:/Program Files (x86)/STM32CubeIDE_1.19.0/STM32CubeIDE/plugins/com.st.stm32cube.ide.mcu.externaltools.gnu-tools-for-stm32.13.3.rel1.win32_1.0.0.202411081344/tools/bin/../lib/gcc/arm-none-eabi/13.3.1/../../../../arm-none-eabi/lib/thumb/v7-m/nofp\libc_nano.a(libc_a-makebuf.o)
                0x08006d90                __swhatbuf_r
 .text.__smakebuf_r
                0x08006dda       0x78 D:/Program Files (x86)/STM32CubeIDE_1.19.0/STM32CubeIDE/plugins/com.st.stm32cube.ide.mcu.externaltools.gnu-tools-for-stm32.13.3.rel1.win32_1.0.0.202411081344/tools/bin/../lib/gcc/arm-none-eabi/13.3.1/../../../../arm-none-eabi/lib/thumb/v7-m/nofp\libc_nano.a(libc_a-makebuf.o)
                0x08006dda                __smakebuf_r
 *fill*         0x08006e52        0x2 
 .text._fstat_r
                0x08006e54       0x24 D:/Program Files (x86)/STM32CubeIDE_1.19.0/STM32CubeIDE/plugins/com.st.stm32cube.ide.mcu.externaltools.gnu-tools-for-stm32.13.3.rel1.win32_1.0.0.202411081344/tools/bin/../lib/gcc/arm-none-eabi/13.3.1/../../../../arm-none-eabi/lib/thumb/v7-m/nofp\libc_nano.a(libc_a-fstatr.o)
                0x08006e54                _fstat_r
 .text._isatty_r
                0x08006e78       0x20 D:/Program Files (x86)/STM32CubeIDE_1.19.0/STM32CubeIDE/plugins/com.st.stm32cube.ide.mcu.externaltools.gnu-tools-for-stm32.13.3.rel1.win32_1.0.0.202411081344/tools/bin/../lib/gcc/arm-none-eabi/13.3.1/../../../../arm-none-eabi/lib/thumb/v7-m/nofp\libc_nano.a(libc_a-isattyr.o)
                0x08006e78                _isatty_r
 *(.glue_7)
 .glue_7        0x08006e98        0x0 linker stubs
 *(.glue_7t)
 .glue_7t       0x08006e98        0x0 linker stubs
 *(.eh_frame)
 .eh_frame      0x08006e98        0x0 D:/Program Files (x86)/STM32CubeIDE_1.19.0/STM32CubeIDE/plugins/com.st.stm32cube.ide.mcu.externaltools.gnu-tools-for-stm32.13.3.rel1.win32_1.0.0.202411081344/tools/bin/../lib/gcc/arm-none-eabi/13.3.1/thumb/v7-m/nofp/crtbegin.o
 *(.init)
 .init          0x08006e98        0x4 D:/Program Files (x86)/STM32CubeIDE_1.19.0/STM32CubeIDE/plugins/com.st.stm32cube.ide.mcu.externaltools.gnu-tools-for-stm32.13.3.rel1.win32_1.0.0.202411081344/tools/bin/../lib/gcc/arm-none-eabi/13.3.1/thumb/v7-m/nofp/crti.o
                0x08006e98                _init
 .init          0x08006e9c        0x8 D:/Program Files (x86)/STM32CubeIDE_1.19.0/STM32CubeIDE/plugins/com.st.stm32cube.ide.mcu.externaltools.gnu-tools-for-stm32.13.3.rel1.win32_1.0.0.202411081344/tools/bin/../lib/gcc/arm-none-eabi/13.3.1/thumb/v7-m/nofp/crtn.o
 *(.fini)
 .fini          0x08006ea4        0x4 D:/Program Files (x86)/STM32CubeIDE_1.19.0/STM32CubeIDE/plugins/com.st.stm32cube.ide.mcu.externaltools.gnu-tools-for-stm32.13.3.rel1.win32_1.0.0.202411081344/tools/bin/../lib/gcc/arm-none-eabi/13.3.1/thumb/v7-m/nofp/crti.o
                0x08006ea4                _fini
 .fini          0x08006ea8        0x8 D:/Program Files (x86)/STM32CubeIDE_1.19.0/STM32CubeIDE/plugins/com.st.stm32cube.ide.mcu.externaltools.gnu-tools-for-stm32.13.3.rel1.win32_1.0.0.202411081344/tools/bin/../lib/gcc/arm-none-eabi/13.3.1/thumb/v7-m/nofp/crtn.o
                0x08006eb0                        . = ALIGN (0x4)
                0x08006eb0                        _etext = .

.vfp11_veneer   0x08006eb0        0x0
 .vfp11_veneer  0x08006eb0        0x0 linker stubs

.v4_bx          0x08006eb0        0x0
 .v4_bx         0x08006eb0        0x0 linker stubs

.iplt           0x08006eb0        0x0
 .iplt          0x08006eb0        0x0 D:/Program Files (x86)/STM32CubeIDE_1.19.0/STM32CubeIDE/plugins/com.st.stm32cube.ide.mcu.externaltools.gnu-tools-for-stm32.13.3.rel1.win32_1.0.0.202411081344/tools/bin/../lib/gcc/arm-none-eabi/13.3.1/thumb/v7-m/nofp/crtbegin.o

.rodata         0x08006eb0     0x220c
                0x08006eb0                        . = ALIGN (0x4)
 *(.rodata)
 .rodata        0x08006eb0       0x1e ./APP/clock.o
 *fill*         0x08006ece        0x2 
 .rodata        0x08006ed0       0x20 ./APP/info.o
 .rodata        0x08006ef0       0x95 ./APP/menu.o
 *fill*         0x08006f85        0x3 
 .rodata        0x08006f88       0x45 ./APP/games/Dino.o
 *fill*         0x08006fcd        0x3 
 .rodata        0x08006fd0       0x16 ./APP/games/flappy_bird.o
 *fill*         0x08006fe6        0x2 
 .rodata        0x08006fe8       0x3b ./APP/games/start_war.o
 *fill*         0x08007023        0x1 
 .rodata        0x08007024       0x10 ./Drivers/STM32F1xx_HAL_Driver/Src/stm32f1xx_hal_rcc.o
 .rodata        0x08007034       0x10 ./Drivers/STM32F1xx_HAL_Driver/Src/stm32f1xx_hal_rcc_ex.o
 *(.rodata*)
 .rodata.dino_crashedData
                0x08007044       0x3f ./APP/games/Dino.o
                0x08007044                dino_crashedData
 *fill*         0x08007083        0x1 
 .rodata.dino_crashedImg
                0x08007084        0x8 ./APP/games/Dino.o
                0x08007084                dino_crashedImg
 .rodata.dino_front_legData
                0x0800708c       0x3f ./APP/games/Dino.o
                0x0800708c                dino_front_legData
 *fill*         0x080070cb        0x1 
 .rodata.dino_front_legImg
                0x080070cc        0x8 ./APP/games/Dino.o
                0x080070cc                dino_front_legImg
 .rodata.dino_back_legData
                0x080070d4       0x3f ./APP/games/Dino.o
                0x080070d4                dino_back_legData
 *fill*         0x08007113        0x1 
 .rodata.dino_back_legImg
                0x08007114        0x8 ./APP/games/Dino.o
                0x08007114                dino_back_legImg
 .rodata.dino_jumpsData
                0x0800711c       0x3f ./APP/games/Dino.o
                0x0800711c                dino_jumpsData
 *fill*         0x0800715b        0x1 
 .rodata.dino_jumpsImg
                0x0800715c        0x8 ./APP/games/Dino.o
                0x0800715c                dino_jumpsImg
 .rodata.tree_smallData
                0x08007164        0xc ./APP/games/Dino.o
                0x08007164                tree_smallData
 .rodata.tree_smallImg
                0x08007170        0x8 ./APP/games/Dino.o
                0x08007170                tree_smallImg
 .rodata.tree_bigData
                0x08007178       0x24 ./APP/games/Dino.o
                0x08007178                tree_bigData
 .rodata.tree_bigImg
                0x0800719c        0x8 ./APP/games/Dino.o
                0x0800719c                tree_bigImg
 .rodata.time_distance
                0x080071a4       0x26 ./APP/games/Dino.o
                0x080071a4                time_distance
 *fill*         0x080071ca        0x2 
 .rodata.game_over_Img
                0x080071cc        0x8 ./APP/games/flappy_bird.o
                0x080071cc                game_over_Img
 .rodata.bird_Img
                0x080071d4        0x8 ./APP/games/flappy_bird.o
                0x080071d4                bird_Img
 .rodata.image_Img
                0x080071dc        0x8 ./APP/games/flappy_bird.o
                0x080071dc                image_Img
 .rodata.spaceship
                0x080071e4       0x20 ./APP/games/start_war.o
                0x080071e4                spaceship
 .rodata.spaceship_Img
                0x08007204        0x8 ./APP/games/start_war.o
                0x08007204                spaceship_Img
 .rodata.AHBPrescTable
                0x0800720c       0x10 ./Core/Src/system_stm32f1xx.o
                0x0800720c                AHBPrescTable
 .rodata.APBPrescTable
                0x0800721c        0x8 ./Core/Src/system_stm32f1xx.o
                0x0800721c                APBPrescTable
 .rodata.ascii_8x6
                0x08007224      0x228 ./Drivers/BSP/OLED/font.o
                0x08007224                ascii_8x6
 .rodata.afont8x6
                0x0800744c        0x8 ./Drivers/BSP/OLED/font.o
                0x0800744c                afont8x6
 .rodata.ascii_12x6
                0x08007454      0x474 ./Drivers/BSP/OLED/font.o
                0x08007454                ascii_12x6
 .rodata.afont12x6
                0x080078c8        0x8 ./Drivers/BSP/OLED/font.o
                0x080078c8                afont12x6
 .rodata.ascii_16x8
                0x080078d0      0x5f0 ./Drivers/BSP/OLED/font.o
                0x080078d0                ascii_16x8
 .rodata.afont16x8
                0x08007ec0        0x8 ./Drivers/BSP/OLED/font.o
                0x08007ec0                afont16x8
 .rodata.ascii_24x19
                0x08007ec8      0x603 ./Drivers/BSP/OLED/font.o
                0x08007ec8                ascii_24x19
 *fill*         0x080084cb        0x1 
 .rodata.afont24x19
                0x080084cc        0x8 ./Drivers/BSP/OLED/font.o
                0x080084cc                afont24x19
 .rodata.ascii_16x11
                0x080084d4      0x23c ./Drivers/BSP/OLED/font.o
                0x080084d4                ascii_16x11
 .rodata.afont16x11
                0x08008710        0x8 ./Drivers/BSP/OLED/font.o
                0x08008710                afont16x11
 .rodata.zh16x16
                0x08008718      0x6c0 ./Drivers/BSP/OLED/font.o
                0x08008718                zh16x16
 .rodata.font16x16
                0x08008dd8       0x10 ./Drivers/BSP/OLED/font.o
                0x08008dd8                font16x16
 .rodata.zh12x12
                0x08008de8      0x1c0 ./Drivers/BSP/OLED/font.o
                0x08008de8                zh12x12
 .rodata.font12x12
                0x08008fa8       0x10 ./Drivers/BSP/OLED/font.o
                0x08008fa8                font12x12
 .rodata.font8x6
                0x08008fb8       0x10 ./Drivers/BSP/OLED/font.o
                0x08008fb8                font8x6
 .rodata.Arrow_Data
                0x08008fc8       0x14 ./Drivers/BSP/OLED/font.o
                0x08008fc8                Arrow_Data
 .rodata.srand.str1.1
                0x08008fdc       0xde D:/Program Files (x86)/STM32CubeIDE_1.19.0/STM32CubeIDE/plugins/com.st.stm32cube.ide.mcu.externaltools.gnu-tools-for-stm32.13.3.rel1.win32_1.0.0.202411081344/tools/bin/../lib/gcc/arm-none-eabi/13.3.1/../../../../arm-none-eabi/lib/thumb/v7-m/nofp\libc_nano.a(libc_a-rand.o)
                                 0x6f (size before relaxing)
 .rodata.__assert_func.str1.1
                0x080090ba       0x3d D:/Program Files (x86)/STM32CubeIDE_1.19.0/STM32CubeIDE/plugins/com.st.stm32cube.ide.mcu.externaltools.gnu-tools-for-stm32.13.3.rel1.win32_1.0.0.202411081344/tools/bin/../lib/gcc/arm-none-eabi/13.3.1/../../../../arm-none-eabi/lib/thumb/v7-m/nofp\libc_nano.a(libc_a-assert.o)
 .rodata._svfprintf_r.str1.1
                0x080090ba       0x11 D:/Program Files (x86)/STM32CubeIDE_1.19.0/STM32CubeIDE/plugins/com.st.stm32cube.ide.mcu.externaltools.gnu-tools-for-stm32.13.3.rel1.win32_1.0.0.202411081344/tools/bin/../lib/gcc/arm-none-eabi/13.3.1/../../../../arm-none-eabi/lib/thumb/v7-m/nofp\libc_nano.a(libc_a-nano-svfprintf.o)
 .rodata._printf_i.str1.1
                0x080090ba       0x22 D:/Program Files (x86)/STM32CubeIDE_1.19.0/STM32CubeIDE/plugins/com.st.stm32cube.ide.mcu.externaltools.gnu-tools-for-stm32.13.3.rel1.win32_1.0.0.202411081344/tools/bin/../lib/gcc/arm-none-eabi/13.3.1/../../../../arm-none-eabi/lib/thumb/v7-m/nofp\libc_nano.a(libc_a-nano-vfprintf_i.o)
 .rodata._vfprintf_r.str1.1
                0x080090ba       0x11 D:/Program Files (x86)/STM32CubeIDE_1.19.0/STM32CubeIDE/plugins/com.st.stm32cube.ide.mcu.externaltools.gnu-tools-for-stm32.13.3.rel1.win32_1.0.0.202411081344/tools/bin/../lib/gcc/arm-none-eabi/13.3.1/../../../../arm-none-eabi/lib/thumb/v7-m/nofp\libc_nano.a(libc_a-nano-vfprintf.o)
                0x080090f8                        . = ALIGN (0x4)
 *fill*         0x080090ba        0x2 

.rel.dyn        0x080090bc        0x0
 .rel.iplt      0x080090bc        0x0 D:/Program Files (x86)/STM32CubeIDE_1.19.0/STM32CubeIDE/plugins/com.st.stm32cube.ide.mcu.externaltools.gnu-tools-for-stm32.13.3.rel1.win32_1.0.0.202411081344/tools/bin/../lib/gcc/arm-none-eabi/13.3.1/thumb/v7-m/nofp/crtbegin.o

.ARM.extab      0x080090bc        0x0
                0x080090bc                        . = ALIGN (0x4)
 *(.ARM.extab* .gnu.linkonce.armextab.*)
                0x080090bc                        . = ALIGN (0x4)

.ARM            0x080090bc        0x0
                0x080090bc                        . = ALIGN (0x4)
                0x080090bc                        __exidx_start = .
 *(.ARM.exidx*)
                0x080090bc                        __exidx_end = .
                0x080090bc                        . = ALIGN (0x4)

.preinit_array  0x080090bc        0x0
                0x080090bc                        . = ALIGN (0x4)
                0x080090bc                        PROVIDE (__preinit_array_start = .)
 *(.preinit_array*)
                0x080090bc                        PROVIDE (__preinit_array_end = .)
                0x080090bc                        . = ALIGN (0x4)

.init_array     0x080090bc        0x4
                0x080090bc                        . = ALIGN (0x4)
                0x080090bc                        PROVIDE (__init_array_start = .)
 *(SORT_BY_NAME(.init_array.*))
 *(.init_array*)
 .init_array    0x080090bc        0x4 D:/Program Files (x86)/STM32CubeIDE_1.19.0/STM32CubeIDE/plugins/com.st.stm32cube.ide.mcu.externaltools.gnu-tools-for-stm32.13.3.rel1.win32_1.0.0.202411081344/tools/bin/../lib/gcc/arm-none-eabi/13.3.1/thumb/v7-m/nofp/crtbegin.o
                0x080090c0                        PROVIDE (__init_array_end = .)
                0x080090c0                        . = ALIGN (0x4)

.fini_array     0x080090c0        0x4
                0x080090c0                        . = ALIGN (0x4)
                [!provide]                        PROVIDE (__fini_array_start = .)
 *(SORT_BY_NAME(.fini_array.*))
 *(.fini_array*)
 .fini_array    0x080090c0        0x4 D:/Program Files (x86)/STM32CubeIDE_1.19.0/STM32CubeIDE/plugins/com.st.stm32cube.ide.mcu.externaltools.gnu-tools-for-stm32.13.3.rel1.win32_1.0.0.202411081344/tools/bin/../lib/gcc/arm-none-eabi/13.3.1/thumb/v7-m/nofp/crtbegin.o
                [!provide]                        PROVIDE (__fini_array_end = .)
                0x080090c4                        . = ALIGN (0x4)
                0x080090c4                        _sidata = LOADADDR (.data)

.data           0x20000000      0x360 load address 0x080090c4
                0x20000000                        . = ALIGN (0x4)
                0x20000000                        _sdata = .
 *(.data)
 *(.data*)
 .data.game_over
                0x20000000      0x200 ./APP/games/flappy_bird.o
                0x20000000                game_over
 .data.image    0x20000200       0xb4 ./APP/games/flappy_bird.o
                0x20000200                image
 .data.bird     0x200002b4        0xb ./APP/games/flappy_bird.o
                0x200002b4                bird
 *fill*         0x200002bf        0x1 
 .data.flying_saucer_center_position_x
                0x200002c0        0x4 ./APP/games/start_war.o
                0x200002c0                flying_saucer_center_position_x
 .data.flying_saucer_center_position_y
                0x200002c4        0x4 ./APP/games/start_war.o
                0x200002c4                flying_saucer_center_position_y
 .data.rx       0x200002c8        0x4 ./APP/games/start_war.o
                0x200002c8                rx
 .data.rx2      0x200002cc        0x4 ./APP/games/start_war.o
                0x200002cc                rx2
 .data.rx3      0x200002d0        0x4 ./APP/games/start_war.o
                0x200002d0                rx3
 .data.rx4      0x200002d4        0x4 ./APP/games/start_war.o
                0x200002d4                rx4
 .data.flying_saucer_bullet_speed
                0x200002d8        0x4 ./APP/games/start_war.o
                0x200002d8                flying_saucer_bullet_speed
 .data.flying_saucer_move_step
                0x200002dc        0x4 ./APP/games/start_war.o
                0x200002dc                flying_saucer_move_step
 .data.flying_saucer_radius
                0x200002e0        0x4 ./APP/games/start_war.o
                0x200002e0                flying_saucer_radius
 .data.life_count
                0x200002e4        0x4 ./APP/games/start_war.o
                0x200002e4                life_count
 .data.level    0x200002e8        0x4 ./APP/games/start_war.o
                0x200002e8                level
 .data.spaceship_position_y
                0x200002ec        0x4 ./APP/games/start_war.o
                0x200002ec                spaceship_position_y
 .data.SystemCoreClock
                0x200002f0        0x4 ./Core/Src/system_stm32f1xx.o
                0x200002f0                SystemCoreClock
 .data.Arrow_Data_Img
                0x200002f4        0x8 ./Drivers/BSP/OLED/font.o
                0x200002f4                Arrow_Data_Img
 .data.uwTickPrio
                0x200002fc        0x4 ./Drivers/STM32F1xx_HAL_Driver/Src/stm32f1xx_hal.o
                0x200002fc                uwTickPrio
 .data.uwTickFreq
                0x20000300        0x1 ./Drivers/STM32F1xx_HAL_Driver/Src/stm32f1xx_hal.o
                0x20000300                uwTickFreq
 *fill*         0x20000301        0x3 
 .data.__sglue  0x20000304        0xc D:/Program Files (x86)/STM32CubeIDE_1.19.0/STM32CubeIDE/plugins/com.st.stm32cube.ide.mcu.externaltools.gnu-tools-for-stm32.13.3.rel1.win32_1.0.0.202411081344/tools/bin/../lib/gcc/arm-none-eabi/13.3.1/../../../../arm-none-eabi/lib/thumb/v7-m/nofp\libc_nano.a(libc_a-findfp.o)
                0x20000304                __sglue
 .data._impure_ptr
                0x20000310        0x4 D:/Program Files (x86)/STM32CubeIDE_1.19.0/STM32CubeIDE/plugins/com.st.stm32cube.ide.mcu.externaltools.gnu-tools-for-stm32.13.3.rel1.win32_1.0.0.202411081344/tools/bin/../lib/gcc/arm-none-eabi/13.3.1/../../../../arm-none-eabi/lib/thumb/v7-m/nofp\libc_nano.a(libc_a-impure.o)
                0x20000310                _impure_ptr
 .data._impure_data
                0x20000314       0x4c D:/Program Files (x86)/STM32CubeIDE_1.19.0/STM32CubeIDE/plugins/com.st.stm32cube.ide.mcu.externaltools.gnu-tools-for-stm32.13.3.rel1.win32_1.0.0.202411081344/tools/bin/../lib/gcc/arm-none-eabi/13.3.1/../../../../arm-none-eabi/lib/thumb/v7-m/nofp\libc_nano.a(libc_a-impure.o)
                0x20000314                _impure_data
 *(.RamFunc)
 *(.RamFunc*)
                0x20000360                        . = ALIGN (0x4)
                0x20000360                        _edata = .

.igot.plt       0x20000360        0x0 load address 0x08009424
 .igot.plt      0x20000360        0x0 D:/Program Files (x86)/STM32CubeIDE_1.19.0/STM32CubeIDE/plugins/com.st.stm32cube.ide.mcu.externaltools.gnu-tools-for-stm32.13.3.rel1.win32_1.0.0.202411081344/tools/bin/../lib/gcc/arm-none-eabi/13.3.1/thumb/v7-m/nofp/crtbegin.o
                0x20000360                        . = ALIGN (0x4)

.bss            0x20000360      0x6ec load address 0x08009424
                0x20000360                        _sbss = .
                0x20000360                        __bss_start__ = _sbss
 *(.bss)
 .bss           0x20000360       0x1c D:/Program Files (x86)/STM32CubeIDE_1.19.0/STM32CubeIDE/plugins/com.st.stm32cube.ide.mcu.externaltools.gnu-tools-for-stm32.13.3.rel1.win32_1.0.0.202411081344/tools/bin/../lib/gcc/arm-none-eabi/13.3.1/thumb/v7-m/nofp/crtbegin.o
 *(.bss*)
 .bss.MyRTC_Time
                0x2000037c        0x3 ./APP/clock.o
                0x2000037c                MyRTC_Time
 *fill*         0x2000037f        0x1 
 .bss.MyRTC_Date
                0x20000380        0x4 ./APP/clock.o
                0x20000380                MyRTC_Date
 .bss.KeyNum    0x20000384        0x1 ./APP/menu.o
                0x20000384                KeyNum
 *fill*         0x20000385        0x3 
 .bss.highest_score
                0x20000388        0x4 ./APP/games/Dino.o
                0x20000388                highest_score
 .bss.tmp.1     0x2000038c        0xf ./APP/games/Dino.o
 *fill*         0x2000039b        0x1 
 .bss.interval.0
                0x2000039c        0x2 ./APP/games/Dino.o
 *fill*         0x2000039e        0x2 
 .bss.x1        0x200003a0        0x4 ./APP/games/flappy_bird.o
                0x200003a0                x1
 .bss.y1        0x200003a4        0x4 ./APP/games/flappy_bird.o
                0x200003a4                y1
 .bss.x2        0x200003a8        0x4 ./APP/games/flappy_bird.o
                0x200003a8                x2
 .bss.y2        0x200003ac        0x4 ./APP/games/flappy_bird.o
                0x200003ac                y2
 .bss.bs        0x200003b0        0x4 ./APP/games/flappy_bird.o
                0x200003b0                bs
 .bss.bird_y    0x200003b4        0x4 ./APP/games/flappy_bird.o
                0x200003b4                bird_y
 .bss.flappy_bird_score
                0x200003b8        0x4 ./APP/games/flappy_bird.o
                0x200003b8                flappy_bird_score
 .bss.metx      0x200003bc        0x4 ./APP/games/start_war.o
                0x200003bc                metx
 .bss.mety      0x200003c0        0x4 ./APP/games/start_war.o
                0x200003c0                mety
 .bss.bullet_exit
                0x200003c4        0x4 ./APP/games/start_war.o
                0x200003c4                bullet_exit
 .bss.direction
                0x200003c8        0x4 ./APP/games/start_war.o
                0x200003c8                direction
 .bss.gameover  0x200003cc        0x4 ./APP/games/start_war.o
                0x200003cc                gameover
 .bss.ry        0x200003d0        0x4 ./APP/games/start_war.o
                0x200003d0                ry
 .bss.ry2       0x200003d4        0x4 ./APP/games/start_war.o
                0x200003d4                ry2
 .bss.ry3       0x200003d8        0x4 ./APP/games/start_war.o
                0x200003d8                ry3
 .bss.ry4       0x200003dc        0x4 ./APP/games/start_war.o
                0x200003dc                ry4
 .bss.star_war_score
                0x200003e0        0x4 ./APP/games/start_war.o
                0x200003e0                star_war_score
 .bss.flying_saucer_bullet_size_level
                0x200003e4        0x4 ./APP/games/start_war.o
                0x200003e4                flying_saucer_bullet_size_level
 .bss.game_begin_time
                0x200003e8        0x4 ./APP/games/start_war.o
                0x200003e8                game_begin_time
 .bss.game_running_time
                0x200003ec        0x4 ./APP/games/start_war.o
                0x200003ec                game_running_time
 .bss.level_time
                0x200003f0        0x4 ./APP/games/start_war.o
                0x200003f0                level_time
 .bss.invincible
                0x200003f4        0x4 ./APP/games/start_war.o
                0x200003f4                invincible
 .bss.hit_time  0x200003f8        0x4 ./APP/games/start_war.o
                0x200003f8                hit_time
 .bss.bullet1_active
                0x200003fc        0x4 ./APP/games/start_war.o
                0x200003fc                bullet1_active
 .bss.bullet2_active
                0x20000400        0x4 ./APP/games/start_war.o
                0x20000400                bullet2_active
 .bss.bullet3_active
                0x20000404        0x4 ./APP/games/start_war.o
                0x20000404                bullet3_active
 .bss.bullet4_active
                0x20000408        0x4 ./APP/games/start_war.o
                0x20000408                bullet4_active
 .bss.hi2c1     0x2000040c       0x54 ./Core/Src/i2c.o
                0x2000040c                hi2c1
 .bss.hrtc      0x20000460       0x14 ./Core/Src/rtc.o
                0x20000460                hrtc
 .bss.__sbrk_heap_end
                0x20000474        0x4 ./Core/Src/sysmem.o
 .bss.OLED_GRAM
                0x20000478      0x400 ./Drivers/BSP/OLED/oled.o
                0x20000478                OLED_GRAM
 .bss.send_buf.2
                0x20000878       0x81 ./Drivers/BSP/OLED/oled.o
 .bss.temp.1    0x200008f9        0x1 ./Drivers/BSP/OLED/oled.o
 .bss.temp.0    0x200008fa        0x1 ./Drivers/BSP/OLED/oled.o
 *fill*         0x200008fb        0x1 
 .bss.uwTick    0x200008fc        0x4 ./Drivers/STM32F1xx_HAL_Driver/Src/stm32f1xx_hal.o
                0x200008fc                uwTick
 .bss.__sf      0x20000900      0x138 D:/Program Files (x86)/STM32CubeIDE_1.19.0/STM32CubeIDE/plugins/com.st.stm32cube.ide.mcu.externaltools.gnu-tools-for-stm32.13.3.rel1.win32_1.0.0.202411081344/tools/bin/../lib/gcc/arm-none-eabi/13.3.1/../../../../arm-none-eabi/lib/thumb/v7-m/nofp\libc_nano.a(libc_a-findfp.o)
                0x20000900                __sf
 .bss.__stdio_exit_handler
                0x20000a38        0x4 D:/Program Files (x86)/STM32CubeIDE_1.19.0/STM32CubeIDE/plugins/com.st.stm32cube.ide.mcu.externaltools.gnu-tools-for-stm32.13.3.rel1.win32_1.0.0.202411081344/tools/bin/../lib/gcc/arm-none-eabi/13.3.1/../../../../arm-none-eabi/lib/thumb/v7-m/nofp\libc_nano.a(libc_a-findfp.o)
                0x20000a38                __stdio_exit_handler
 .bss.errno     0x20000a3c        0x4 D:/Program Files (x86)/STM32CubeIDE_1.19.0/STM32CubeIDE/plugins/com.st.stm32cube.ide.mcu.externaltools.gnu-tools-for-stm32.13.3.rel1.win32_1.0.0.202411081344/tools/bin/../lib/gcc/arm-none-eabi/13.3.1/../../../../arm-none-eabi/lib/thumb/v7-m/nofp\libc_nano.a(libc_a-reent.o)
                0x20000a3c                errno
 .bss.__lock___malloc_recursive_mutex
                0x20000a40        0x1 D:/Program Files (x86)/STM32CubeIDE_1.19.0/STM32CubeIDE/plugins/com.st.stm32cube.ide.mcu.externaltools.gnu-tools-for-stm32.13.3.rel1.win32_1.0.0.202411081344/tools/bin/../lib/gcc/arm-none-eabi/13.3.1/../../../../arm-none-eabi/lib/thumb/v7-m/nofp\libc_nano.a(libc_a-lock.o)
                0x20000a40                __lock___malloc_recursive_mutex
 .bss.__lock___sfp_recursive_mutex
                0x20000a41        0x1 D:/Program Files (x86)/STM32CubeIDE_1.19.0/STM32CubeIDE/plugins/com.st.stm32cube.ide.mcu.externaltools.gnu-tools-for-stm32.13.3.rel1.win32_1.0.0.202411081344/tools/bin/../lib/gcc/arm-none-eabi/13.3.1/../../../../arm-none-eabi/lib/thumb/v7-m/nofp\libc_nano.a(libc_a-lock.o)
                0x20000a41                __lock___sfp_recursive_mutex
 *fill*         0x20000a42        0x2 
 .bss.__malloc_sbrk_start
                0x20000a44        0x4 D:/Program Files (x86)/STM32CubeIDE_1.19.0/STM32CubeIDE/plugins/com.st.stm32cube.ide.mcu.externaltools.gnu-tools-for-stm32.13.3.rel1.win32_1.0.0.202411081344/tools/bin/../lib/gcc/arm-none-eabi/13.3.1/../../../../arm-none-eabi/lib/thumb/v7-m/nofp\libc_nano.a(libc_a-mallocr.o)
                0x20000a44                __malloc_sbrk_start
 .bss.__malloc_free_list
                0x20000a48        0x4 D:/Program Files (x86)/STM32CubeIDE_1.19.0/STM32CubeIDE/plugins/com.st.stm32cube.ide.mcu.externaltools.gnu-tools-for-stm32.13.3.rel1.win32_1.0.0.202411081344/tools/bin/../lib/gcc/arm-none-eabi/13.3.1/../../../../arm-none-eabi/lib/thumb/v7-m/nofp\libc_nano.a(libc_a-mallocr.o)
                0x20000a48                __malloc_free_list
 *(COMMON)
                0x20000a4c                        . = ALIGN (0x4)
                0x20000a4c                        _ebss = .
                0x20000a4c                        __bss_end__ = _ebss

._user_heap_stack
                0x20000a4c      0x604 load address 0x08009424
                0x20000a50                        . = ALIGN (0x8)
 *fill*         0x20000a4c        0x4 
                [!provide]                        PROVIDE (end = .)
                0x20000a50                        PROVIDE (_end = .)
                0x20000c50                        . = (. + _Min_Heap_Size)
 *fill*         0x20000a50      0x200 
                0x20001050                        . = (. + _Min_Stack_Size)
 *fill*         0x20000c50      0x400 
                0x20001050                        . = ALIGN (0x8)

/DISCARD/
 libc.a(*)
 libm.a(*)
 libgcc.a(*)

.ARM.attributes
                0x00000000       0x29
 *(.ARM.attributes)
 .ARM.attributes
                0x00000000       0x1d D:/Program Files (x86)/STM32CubeIDE_1.19.0/STM32CubeIDE/plugins/com.st.stm32cube.ide.mcu.externaltools.gnu-tools-for-stm32.13.3.rel1.win32_1.0.0.202411081344/tools/bin/../lib/gcc/arm-none-eabi/13.3.1/thumb/v7-m/nofp/crti.o
 .ARM.attributes
                0x0000001d       0x2d D:/Program Files (x86)/STM32CubeIDE_1.19.0/STM32CubeIDE/plugins/com.st.stm32cube.ide.mcu.externaltools.gnu-tools-for-stm32.13.3.rel1.win32_1.0.0.202411081344/tools/bin/../lib/gcc/arm-none-eabi/13.3.1/thumb/v7-m/nofp/crtbegin.o
 .ARM.attributes
                0x0000004a       0x2d ./APP/clock.o
 .ARM.attributes
                0x00000077       0x2d ./APP/info.o
 .ARM.attributes
                0x000000a4       0x2d ./APP/menu.o
 .ARM.attributes
                0x000000d1       0x2d ./APP/games/Dino.o
 .ARM.attributes
                0x000000fe       0x2d ./APP/games/flappy_bird.o
 .ARM.attributes
                0x0000012b       0x2d ./APP/games/start_war.o
 .ARM.attributes
                0x00000158       0x2d ./Core/Src/gpio.o
 .ARM.attributes
                0x00000185       0x2d ./Core/Src/i2c.o
 .ARM.attributes
                0x000001b2       0x2d ./Core/Src/main.o
 .ARM.attributes
                0x000001df       0x2d ./Core/Src/rtc.o
 .ARM.attributes
                0x0000020c       0x2d ./Core/Src/stm32f1xx_hal_msp.o
 .ARM.attributes
                0x00000239       0x2d ./Core/Src/stm32f1xx_it.o
 .ARM.attributes
                0x00000266       0x2d ./Core/Src/syscalls.o
 .ARM.attributes
                0x00000293       0x2d ./Core/Src/sysmem.o
 .ARM.attributes
                0x000002c0       0x2d ./Core/Src/system_stm32f1xx.o
 .ARM.attributes
                0x000002ed       0x21 ./Core/Startup/startup_stm32f103c8tx.o
 .ARM.attributes
                0x0000030e       0x2d ./Drivers/BSP/KEY/key.o
 .ARM.attributes
                0x0000033b       0x2d ./Drivers/BSP/OLED/font.o
 .ARM.attributes
                0x00000368       0x2d ./Drivers/BSP/OLED/oled.o
 .ARM.attributes
                0x00000395       0x2d ./Drivers/STM32F1xx_HAL_Driver/Src/stm32f1xx_hal.o
 .ARM.attributes
                0x000003c2       0x2d ./Drivers/STM32F1xx_HAL_Driver/Src/stm32f1xx_hal_cortex.o
 .ARM.attributes
                0x000003ef       0x2d ./Drivers/STM32F1xx_HAL_Driver/Src/stm32f1xx_hal_gpio.o
 .ARM.attributes
                0x0000041c       0x2d ./Drivers/STM32F1xx_HAL_Driver/Src/stm32f1xx_hal_i2c.o
 .ARM.attributes
                0x00000449       0x2d ./Drivers/STM32F1xx_HAL_Driver/Src/stm32f1xx_hal_pwr.o
 .ARM.attributes
                0x00000476       0x2d ./Drivers/STM32F1xx_HAL_Driver/Src/stm32f1xx_hal_rcc.o
 .ARM.attributes
                0x000004a3       0x2d ./Drivers/STM32F1xx_HAL_Driver/Src/stm32f1xx_hal_rcc_ex.o
 .ARM.attributes
                0x000004d0       0x2d ./Drivers/STM32F1xx_HAL_Driver/Src/stm32f1xx_hal_rtc.o
 .ARM.attributes
                0x000004fd       0x2d ./Drivers/STM32F1xx_HAL_Driver/Src/stm32f1xx_hal_rtc_ex.o
 .ARM.attributes
                0x0000052a       0x2d D:/Program Files (x86)/STM32CubeIDE_1.19.0/STM32CubeIDE/plugins/com.st.stm32cube.ide.mcu.externaltools.gnu-tools-for-stm32.13.3.rel1.win32_1.0.0.202411081344/tools/bin/../lib/gcc/arm-none-eabi/13.3.1/../../../../arm-none-eabi/lib/thumb/v7-m/nofp\libc_nano.a(libc_a-rand.o)
 .ARM.attributes
                0x00000557       0x2d D:/Program Files (x86)/STM32CubeIDE_1.19.0/STM32CubeIDE/plugins/com.st.stm32cube.ide.mcu.externaltools.gnu-tools-for-stm32.13.3.rel1.win32_1.0.0.202411081344/tools/bin/../lib/gcc/arm-none-eabi/13.3.1/../../../../arm-none-eabi/lib/thumb/v7-m/nofp\libc_nano.a(libc_a-findfp.o)
 .ARM.attributes
                0x00000584       0x2d D:/Program Files (x86)/STM32CubeIDE_1.19.0/STM32CubeIDE/plugins/com.st.stm32cube.ide.mcu.externaltools.gnu-tools-for-stm32.13.3.rel1.win32_1.0.0.202411081344/tools/bin/../lib/gcc/arm-none-eabi/13.3.1/../../../../arm-none-eabi/lib/thumb/v7-m/nofp\libc_nano.a(libc_a-fwalk.o)
 .ARM.attributes
                0x000005b1       0x2d D:/Program Files (x86)/STM32CubeIDE_1.19.0/STM32CubeIDE/plugins/com.st.stm32cube.ide.mcu.externaltools.gnu-tools-for-stm32.13.3.rel1.win32_1.0.0.202411081344/tools/bin/../lib/gcc/arm-none-eabi/13.3.1/../../../../arm-none-eabi/lib/thumb/v7-m/nofp\libc_nano.a(libc_a-sprintf.o)
 .ARM.attributes
                0x000005de       0x2d D:/Program Files (x86)/STM32CubeIDE_1.19.0/STM32CubeIDE/plugins/com.st.stm32cube.ide.mcu.externaltools.gnu-tools-for-stm32.13.3.rel1.win32_1.0.0.202411081344/tools/bin/../lib/gcc/arm-none-eabi/13.3.1/../../../../arm-none-eabi/lib/thumb/v7-m/nofp\libc_nano.a(libc_a-stdio.o)
 .ARM.attributes
                0x0000060b       0x2d D:/Program Files (x86)/STM32CubeIDE_1.19.0/STM32CubeIDE/plugins/com.st.stm32cube.ide.mcu.externaltools.gnu-tools-for-stm32.13.3.rel1.win32_1.0.0.202411081344/tools/bin/../lib/gcc/arm-none-eabi/13.3.1/../../../../arm-none-eabi/lib/thumb/v7-m/nofp\libc_nano.a(libc_a-memcmp.o)
 .ARM.attributes
                0x00000638       0x2d D:/Program Files (x86)/STM32CubeIDE_1.19.0/STM32CubeIDE/plugins/com.st.stm32cube.ide.mcu.externaltools.gnu-tools-for-stm32.13.3.rel1.win32_1.0.0.202411081344/tools/bin/../lib/gcc/arm-none-eabi/13.3.1/../../../../arm-none-eabi/lib/thumb/v7-m/nofp\libc_nano.a(libc_a-memset.o)
 .ARM.attributes
                0x00000665       0x2d D:/Program Files (x86)/STM32CubeIDE_1.19.0/STM32CubeIDE/plugins/com.st.stm32cube.ide.mcu.externaltools.gnu-tools-for-stm32.13.3.rel1.win32_1.0.0.202411081344/tools/bin/../lib/gcc/arm-none-eabi/13.3.1/../../../../arm-none-eabi/lib/thumb/v7-m/nofp\libc_nano.a(libc_a-closer.o)
 .ARM.attributes
                0x00000692       0x2d D:/Program Files (x86)/STM32CubeIDE_1.19.0/STM32CubeIDE/plugins/com.st.stm32cube.ide.mcu.externaltools.gnu-tools-for-stm32.13.3.rel1.win32_1.0.0.202411081344/tools/bin/../lib/gcc/arm-none-eabi/13.3.1/../../../../arm-none-eabi/lib/thumb/v7-m/nofp\libc_nano.a(libc_a-reent.o)
 .ARM.attributes
                0x000006bf       0x2d D:/Program Files (x86)/STM32CubeIDE_1.19.0/STM32CubeIDE/plugins/com.st.stm32cube.ide.mcu.externaltools.gnu-tools-for-stm32.13.3.rel1.win32_1.0.0.202411081344/tools/bin/../lib/gcc/arm-none-eabi/13.3.1/../../../../arm-none-eabi/lib/thumb/v7-m/nofp\libc_nano.a(libc_a-impure.o)
 .ARM.attributes
                0x000006ec       0x2d D:/Program Files (x86)/STM32CubeIDE_1.19.0/STM32CubeIDE/plugins/com.st.stm32cube.ide.mcu.externaltools.gnu-tools-for-stm32.13.3.rel1.win32_1.0.0.202411081344/tools/bin/../lib/gcc/arm-none-eabi/13.3.1/../../../../arm-none-eabi/lib/thumb/v7-m/nofp\libc_nano.a(libc_a-lseekr.o)
 .ARM.attributes
                0x00000719       0x2d D:/Program Files (x86)/STM32CubeIDE_1.19.0/STM32CubeIDE/plugins/com.st.stm32cube.ide.mcu.externaltools.gnu-tools-for-stm32.13.3.rel1.win32_1.0.0.202411081344/tools/bin/../lib/gcc/arm-none-eabi/13.3.1/../../../../arm-none-eabi/lib/thumb/v7-m/nofp\libc_nano.a(libc_a-readr.o)
 .ARM.attributes
                0x00000746       0x2d D:/Program Files (x86)/STM32CubeIDE_1.19.0/STM32CubeIDE/plugins/com.st.stm32cube.ide.mcu.externaltools.gnu-tools-for-stm32.13.3.rel1.win32_1.0.0.202411081344/tools/bin/../lib/gcc/arm-none-eabi/13.3.1/../../../../arm-none-eabi/lib/thumb/v7-m/nofp\libc_nano.a(libc_a-writer.o)
 .ARM.attributes
                0x00000773       0x2d D:/Program Files (x86)/STM32CubeIDE_1.19.0/STM32CubeIDE/plugins/com.st.stm32cube.ide.mcu.externaltools.gnu-tools-for-stm32.13.3.rel1.win32_1.0.0.202411081344/tools/bin/../lib/gcc/arm-none-eabi/13.3.1/../../../../arm-none-eabi/lib/thumb/v7-m/nofp\libc_nano.a(libc_a-errno.o)
 .ARM.attributes
                0x000007a0       0x2d D:/Program Files (x86)/STM32CubeIDE_1.19.0/STM32CubeIDE/plugins/com.st.stm32cube.ide.mcu.externaltools.gnu-tools-for-stm32.13.3.rel1.win32_1.0.0.202411081344/tools/bin/../lib/gcc/arm-none-eabi/13.3.1/../../../../arm-none-eabi/lib/thumb/v7-m/nofp\libc_nano.a(libc_a-init.o)
 .ARM.attributes
                0x000007cd       0x2d D:/Program Files (x86)/STM32CubeIDE_1.19.0/STM32CubeIDE/plugins/com.st.stm32cube.ide.mcu.externaltools.gnu-tools-for-stm32.13.3.rel1.win32_1.0.0.202411081344/tools/bin/../lib/gcc/arm-none-eabi/13.3.1/../../../../arm-none-eabi/lib/thumb/v7-m/nofp\libc_nano.a(libc_a-lock.o)
 .ARM.attributes
                0x000007fa       0x2d D:/Program Files (x86)/STM32CubeIDE_1.19.0/STM32CubeIDE/plugins/com.st.stm32cube.ide.mcu.externaltools.gnu-tools-for-stm32.13.3.rel1.win32_1.0.0.202411081344/tools/bin/../lib/gcc/arm-none-eabi/13.3.1/../../../../arm-none-eabi/lib/thumb/v7-m/nofp\libc_nano.a(libc_a-memcpy-stub.o)
 .ARM.attributes
                0x00000827       0x2d D:/Program Files (x86)/STM32CubeIDE_1.19.0/STM32CubeIDE/plugins/com.st.stm32cube.ide.mcu.externaltools.gnu-tools-for-stm32.13.3.rel1.win32_1.0.0.202411081344/tools/bin/../lib/gcc/arm-none-eabi/13.3.1/../../../../arm-none-eabi/lib/thumb/v7-m/nofp\libc_nano.a(libc_a-assert.o)
 .ARM.attributes
                0x00000854       0x2d D:/Program Files (x86)/STM32CubeIDE_1.19.0/STM32CubeIDE/plugins/com.st.stm32cube.ide.mcu.externaltools.gnu-tools-for-stm32.13.3.rel1.win32_1.0.0.202411081344/tools/bin/../lib/gcc/arm-none-eabi/13.3.1/../../../../arm-none-eabi/lib/thumb/v7-m/nofp\libc_nano.a(libc_a-freer.o)
 .ARM.attributes
                0x00000881       0x2d D:/Program Files (x86)/STM32CubeIDE_1.19.0/STM32CubeIDE/plugins/com.st.stm32cube.ide.mcu.externaltools.gnu-tools-for-stm32.13.3.rel1.win32_1.0.0.202411081344/tools/bin/../lib/gcc/arm-none-eabi/13.3.1/../../../../arm-none-eabi/lib/thumb/v7-m/nofp\libc_nano.a(libc_a-malloc.o)
 .ARM.attributes
                0x000008ae       0x2d D:/Program Files (x86)/STM32CubeIDE_1.19.0/STM32CubeIDE/plugins/com.st.stm32cube.ide.mcu.externaltools.gnu-tools-for-stm32.13.3.rel1.win32_1.0.0.202411081344/tools/bin/../lib/gcc/arm-none-eabi/13.3.1/../../../../arm-none-eabi/lib/thumb/v7-m/nofp\libc_nano.a(libc_a-mallocr.o)
 .ARM.attributes
                0x000008db       0x2d D:/Program Files (x86)/STM32CubeIDE_1.19.0/STM32CubeIDE/plugins/com.st.stm32cube.ide.mcu.externaltools.gnu-tools-for-stm32.13.3.rel1.win32_1.0.0.202411081344/tools/bin/../lib/gcc/arm-none-eabi/13.3.1/../../../../arm-none-eabi/lib/thumb/v7-m/nofp\libc_nano.a(libc_a-mlock.o)
 .ARM.attributes
                0x00000908       0x2d D:/Program Files (x86)/STM32CubeIDE_1.19.0/STM32CubeIDE/plugins/com.st.stm32cube.ide.mcu.externaltools.gnu-tools-for-stm32.13.3.rel1.win32_1.0.0.202411081344/tools/bin/../lib/gcc/arm-none-eabi/13.3.1/../../../../arm-none-eabi/lib/thumb/v7-m/nofp\libc_nano.a(libc_a-nano-svfprintf.o)
 .ARM.attributes
                0x00000935       0x2d D:/Program Files (x86)/STM32CubeIDE_1.19.0/STM32CubeIDE/plugins/com.st.stm32cube.ide.mcu.externaltools.gnu-tools-for-stm32.13.3.rel1.win32_1.0.0.202411081344/tools/bin/../lib/gcc/arm-none-eabi/13.3.1/../../../../arm-none-eabi/lib/thumb/v7-m/nofp\libc_nano.a(libc_a-nano-vfprintf_i.o)
 .ARM.attributes
                0x00000962       0x2d D:/Program Files (x86)/STM32CubeIDE_1.19.0/STM32CubeIDE/plugins/com.st.stm32cube.ide.mcu.externaltools.gnu-tools-for-stm32.13.3.rel1.win32_1.0.0.202411081344/tools/bin/../lib/gcc/arm-none-eabi/13.3.1/../../../../arm-none-eabi/lib/thumb/v7-m/nofp\libc_nano.a(libc_a-fflush.o)
 .ARM.attributes
                0x0000098f       0x2d D:/Program Files (x86)/STM32CubeIDE_1.19.0/STM32CubeIDE/plugins/com.st.stm32cube.ide.mcu.externaltools.gnu-tools-for-stm32.13.3.rel1.win32_1.0.0.202411081344/tools/bin/../lib/gcc/arm-none-eabi/13.3.1/../../../../arm-none-eabi/lib/thumb/v7-m/nofp\libc_nano.a(libc_a-fprintf.o)
 .ARM.attributes
                0x000009bc       0x2d D:/Program Files (x86)/STM32CubeIDE_1.19.0/STM32CubeIDE/plugins/com.st.stm32cube.ide.mcu.externaltools.gnu-tools-for-stm32.13.3.rel1.win32_1.0.0.202411081344/tools/bin/../lib/gcc/arm-none-eabi/13.3.1/../../../../arm-none-eabi/lib/thumb/v7-m/nofp\libc_nano.a(libc_a-memmove.o)
 .ARM.attributes
                0x000009e9       0x2d D:/Program Files (x86)/STM32CubeIDE_1.19.0/STM32CubeIDE/plugins/com.st.stm32cube.ide.mcu.externaltools.gnu-tools-for-stm32.13.3.rel1.win32_1.0.0.202411081344/tools/bin/../lib/gcc/arm-none-eabi/13.3.1/../../../../arm-none-eabi/lib/thumb/v7-m/nofp\libc_nano.a(libc_a-sbrkr.o)
 .ARM.attributes
                0x00000a16       0x2d D:/Program Files (x86)/STM32CubeIDE_1.19.0/STM32CubeIDE/plugins/com.st.stm32cube.ide.mcu.externaltools.gnu-tools-for-stm32.13.3.rel1.win32_1.0.0.202411081344/tools/bin/../lib/gcc/arm-none-eabi/13.3.1/../../../../arm-none-eabi/lib/thumb/v7-m/nofp\libc_nano.a(libc_a-memchr-stub.o)
 .ARM.attributes
                0x00000a43       0x2d D:/Program Files (x86)/STM32CubeIDE_1.19.0/STM32CubeIDE/plugins/com.st.stm32cube.ide.mcu.externaltools.gnu-tools-for-stm32.13.3.rel1.win32_1.0.0.202411081344/tools/bin/../lib/gcc/arm-none-eabi/13.3.1/../../../../arm-none-eabi/lib/thumb/v7-m/nofp\libc_nano.a(libc_a-abort.o)
 .ARM.attributes
                0x00000a70       0x2d D:/Program Files (x86)/STM32CubeIDE_1.19.0/STM32CubeIDE/plugins/com.st.stm32cube.ide.mcu.externaltools.gnu-tools-for-stm32.13.3.rel1.win32_1.0.0.202411081344/tools/bin/../lib/gcc/arm-none-eabi/13.3.1/../../../../arm-none-eabi/lib/thumb/v7-m/nofp\libc_nano.a(libc_a-reallocr.o)
 .ARM.attributes
                0x00000a9d       0x2d D:/Program Files (x86)/STM32CubeIDE_1.19.0/STM32CubeIDE/plugins/com.st.stm32cube.ide.mcu.externaltools.gnu-tools-for-stm32.13.3.rel1.win32_1.0.0.202411081344/tools/bin/../lib/gcc/arm-none-eabi/13.3.1/../../../../arm-none-eabi/lib/thumb/v7-m/nofp\libc_nano.a(libc_a-nano-vfprintf.o)
 .ARM.attributes
                0x00000aca       0x2d D:/Program Files (x86)/STM32CubeIDE_1.19.0/STM32CubeIDE/plugins/com.st.stm32cube.ide.mcu.externaltools.gnu-tools-for-stm32.13.3.rel1.win32_1.0.0.202411081344/tools/bin/../lib/gcc/arm-none-eabi/13.3.1/../../../../arm-none-eabi/lib/thumb/v7-m/nofp\libc_nano.a(libc_a-wbuf.o)
 .ARM.attributes
                0x00000af7       0x2d D:/Program Files (x86)/STM32CubeIDE_1.19.0/STM32CubeIDE/plugins/com.st.stm32cube.ide.mcu.externaltools.gnu-tools-for-stm32.13.3.rel1.win32_1.0.0.202411081344/tools/bin/../lib/gcc/arm-none-eabi/13.3.1/../../../../arm-none-eabi/lib/thumb/v7-m/nofp\libc_nano.a(libc_a-wsetup.o)
 .ARM.attributes
                0x00000b24       0x2d D:/Program Files (x86)/STM32CubeIDE_1.19.0/STM32CubeIDE/plugins/com.st.stm32cube.ide.mcu.externaltools.gnu-tools-for-stm32.13.3.rel1.win32_1.0.0.202411081344/tools/bin/../lib/gcc/arm-none-eabi/13.3.1/../../../../arm-none-eabi/lib/thumb/v7-m/nofp\libc_nano.a(libc_a-signal.o)
 .ARM.attributes
                0x00000b51       0x2d D:/Program Files (x86)/STM32CubeIDE_1.19.0/STM32CubeIDE/plugins/com.st.stm32cube.ide.mcu.externaltools.gnu-tools-for-stm32.13.3.rel1.win32_1.0.0.202411081344/tools/bin/../lib/gcc/arm-none-eabi/13.3.1/../../../../arm-none-eabi/lib/thumb/v7-m/nofp\libc_nano.a(libc_a-signalr.o)
 .ARM.attributes
                0x00000b7e       0x2d D:/Program Files (x86)/STM32CubeIDE_1.19.0/STM32CubeIDE/plugins/com.st.stm32cube.ide.mcu.externaltools.gnu-tools-for-stm32.13.3.rel1.win32_1.0.0.202411081344/tools/bin/../lib/gcc/arm-none-eabi/13.3.1/../../../../arm-none-eabi/lib/thumb/v7-m/nofp\libc_nano.a(libc_a-msizer.o)
 .ARM.attributes
                0x00000bab       0x2d D:/Program Files (x86)/STM32CubeIDE_1.19.0/STM32CubeIDE/plugins/com.st.stm32cube.ide.mcu.externaltools.gnu-tools-for-stm32.13.3.rel1.win32_1.0.0.202411081344/tools/bin/../lib/gcc/arm-none-eabi/13.3.1/../../../../arm-none-eabi/lib/thumb/v7-m/nofp\libc_nano.a(libc_a-makebuf.o)
 .ARM.attributes
                0x00000bd8       0x2d D:/Program Files (x86)/STM32CubeIDE_1.19.0/STM32CubeIDE/plugins/com.st.stm32cube.ide.mcu.externaltools.gnu-tools-for-stm32.13.3.rel1.win32_1.0.0.202411081344/tools/bin/../lib/gcc/arm-none-eabi/13.3.1/../../../../arm-none-eabi/lib/thumb/v7-m/nofp\libc_nano.a(libc_a-fstatr.o)
 .ARM.attributes
                0x00000c05       0x2d D:/Program Files (x86)/STM32CubeIDE_1.19.0/STM32CubeIDE/plugins/com.st.stm32cube.ide.mcu.externaltools.gnu-tools-for-stm32.13.3.rel1.win32_1.0.0.202411081344/tools/bin/../lib/gcc/arm-none-eabi/13.3.1/../../../../arm-none-eabi/lib/thumb/v7-m/nofp\libc_nano.a(libc_a-isattyr.o)
 .ARM.attributes
                0x00000c32       0x1d D:/Program Files (x86)/STM32CubeIDE_1.19.0/STM32CubeIDE/plugins/com.st.stm32cube.ide.mcu.externaltools.gnu-tools-for-stm32.13.3.rel1.win32_1.0.0.202411081344/tools/bin/../lib/gcc/arm-none-eabi/13.3.1/thumb/v7-m/nofp/crtn.o
OUTPUT(clock_for_F103C8T6.elf elf32-littlearm)
LOAD linker stubs
LOAD D:/Program Files (x86)/STM32CubeIDE_1.19.0/STM32CubeIDE/plugins/com.st.stm32cube.ide.mcu.externaltools.gnu-tools-for-stm32.13.3.rel1.win32_1.0.0.202411081344/tools/bin/../lib/gcc/arm-none-eabi/13.3.1/../../../../arm-none-eabi/lib/thumb/v7-m/nofp\libc.a
LOAD D:/Program Files (x86)/STM32CubeIDE_1.19.0/STM32CubeIDE/plugins/com.st.stm32cube.ide.mcu.externaltools.gnu-tools-for-stm32.13.3.rel1.win32_1.0.0.202411081344/tools/bin/../lib/gcc/arm-none-eabi/13.3.1/../../../../arm-none-eabi/lib/thumb/v7-m/nofp\libm.a
LOAD D:/Program Files (x86)/STM32CubeIDE_1.19.0/STM32CubeIDE/plugins/com.st.stm32cube.ide.mcu.externaltools.gnu-tools-for-stm32.13.3.rel1.win32_1.0.0.202411081344/tools/bin/../lib/gcc/arm-none-eabi/13.3.1/thumb/v7-m/nofp\libgcc.a

.debug_info     0x00000000     0xbc44
 .debug_info    0x00000000      0x656 ./APP/clock.o
 .debug_info    0x00000656      0x2a9 ./APP/info.o
 .debug_info    0x000008ff      0x398 ./APP/menu.o