Archive member included to satisfy reference by file (symbol)

D:/Program Files (x86)/STM32CubeIDE_1.19.0/STM32CubeIDE/plugins/com.st.stm32cube.ide.mcu.externaltools.gnu-tools-for-stm32.13.3.rel1.win32_1.0.0.202411081344/tools/bin/../lib/gcc/arm-none-eabi/13.3.1/../../../../arm-none-eabi/lib/thumb/v7-m/nofp\libc_nano.a(libc_a-exit.o)
                              D:/Program Files (x86)/STM32CubeIDE_1.19.0/STM32CubeIDE/plugins/com.st.stm32cube.ide.mcu.externaltools.gnu-tools-for-stm32.13.3.rel1.win32_1.0.0.202411081344/tools/bin/../lib/gcc/arm-none-eabi/13.3.1/../../../../arm-none-eabi/lib/thumb/v7-m/nofp/crt0.o (exit)
D:/Program Files (x86)/STM32CubeIDE_1.19.0/STM32CubeIDE/plugins/com.st.stm32cube.ide.mcu.externaltools.gnu-tools-for-stm32.13.3.rel1.win32_1.0.0.202411081344/tools/bin/../lib/gcc/arm-none-eabi/13.3.1/../../../../arm-none-eabi/lib/thumb/v7-m/nofp\libc_nano.a(libc_a-findfp.o)
                              D:/Program Files (x86)/STM32CubeIDE_1.19.0/STM32CubeIDE/plugins/com.st.stm32cube.ide.mcu.externaltools.gnu-tools-for-stm32.13.3.rel1.win32_1.0.0.202411081344/tools/bin/../lib/gcc/arm-none-eabi/13.3.1/../../../../arm-none-eabi/lib/thumb/v7-m/nofp\libc_nano.a(libc_a-exit.o) (__stdio_exit_handler)
D:/Program Files (x86)/STM32CubeIDE_1.19.0/STM32CubeIDE/plugins/com.st.stm32cube.ide.mcu.externaltools.gnu-tools-for-stm32.13.3.rel1.win32_1.0.0.202411081344/tools/bin/../lib/gcc/arm-none-eabi/13.3.1/../../../../arm-none-eabi/lib/thumb/v7-m/nofp\libc_nano.a(libc_a-fwalk.o)
                              D:/Program Files (x86)/STM32CubeIDE_1.19.0/STM32CubeIDE/plugins/com.st.stm32cube.ide.mcu.externaltools.gnu-tools-for-stm32.13.3.rel1.win32_1.0.0.202411081344/tools/bin/../lib/gcc/arm-none-eabi/13.3.1/../../../../arm-none-eabi/lib/thumb/v7-m/nofp\libc_nano.a(libc_a-findfp.o) (_fwalk_sglue)
D:/Program Files (x86)/STM32CubeIDE_1.19.0/STM32CubeIDE/plugins/com.st.stm32cube.ide.mcu.externaltools.gnu-tools-for-stm32.13.3.rel1.win32_1.0.0.202411081344/tools/bin/../lib/gcc/arm-none-eabi/13.3.1/../../../../arm-none-eabi/lib/thumb/v7-m/nofp\libc_nano.a(libc_a-sprintf.o)
                              ./APP/games/Dino.o (sprintf)
D:/Program Files (x86)/STM32CubeIDE_1.19.0/STM32CubeIDE/plugins/com.st.stm32cube.ide.mcu.externaltools.gnu-tools-for-stm32.13.3.rel1.win32_1.0.0.202411081344/tools/bin/../lib/gcc/arm-none-eabi/13.3.1/../../../../arm-none-eabi/lib/thumb/v7-m/nofp\libc_nano.a(libc_a-stdio.o)
                              D:/Program Files (x86)/STM32CubeIDE_1.19.0/STM32CubeIDE/plugins/com.st.stm32cube.ide.mcu.externaltools.gnu-tools-for-stm32.13.3.rel1.win32_1.0.0.202411081344/tools/bin/../lib/gcc/arm-none-eabi/13.3.1/../../../../arm-none-eabi/lib/thumb/v7-m/nofp\libc_nano.a(libc_a-findfp.o) (__sread)
D:/Program Files (x86)/STM32CubeIDE_1.19.0/STM32CubeIDE/plugins/com.st.stm32cube.ide.mcu.externaltools.gnu-tools-for-stm32.13.3.rel1.win32_1.0.0.202411081344/tools/bin/../lib/gcc/arm-none-eabi/13.3.1/../../../../arm-none-eabi/lib/thumb/v7-m/nofp\libc_nano.a(libc_a-memcmp.o)
                              ./Drivers/BSP/OLED/oled.o (memcmp)
D:/Program Files (x86)/STM32CubeIDE_1.19.0/STM32CubeIDE/plugins/com.st.stm32cube.ide.mcu.externaltools.gnu-tools-for-stm32.13.3.rel1.win32_1.0.0.202411081344/tools/bin/../lib/gcc/arm-none-eabi/13.3.1/../../../../arm-none-eabi/lib/thumb/v7-m/nofp\libc_nano.a(libc_a-memset.o)
                              D:/Program Files (x86)/STM32CubeIDE_1.19.0/STM32CubeIDE/plugins/com.st.stm32cube.ide.mcu.externaltools.gnu-tools-for-stm32.13.3.rel1.win32_1.0.0.202411081344/tools/bin/../lib/gcc/arm-none-eabi/13.3.1/../../../../arm-none-eabi/lib/thumb/v7-m/nofp/crt0.o (memset)
D:/Program Files (x86)/STM32CubeIDE_1.19.0/STM32CubeIDE/plugins/com.st.stm32cube.ide.mcu.externaltools.gnu-tools-for-stm32.13.3.rel1.win32_1.0.0.202411081344/tools/bin/../lib/gcc/arm-none-eabi/13.3.1/../../../../arm-none-eabi/lib/thumb/v7-m/nofp\libc_nano.a(libc_a-closer.o)
                              D:/Program Files (x86)/STM32CubeIDE_1.19.0/STM32CubeIDE/plugins/com.st.stm32cube.ide.mcu.externaltools.gnu-tools-for-stm32.13.3.rel1.win32_1.0.0.202411081344/tools/bin/../lib/gcc/arm-none-eabi/13.3.1/../../../../arm-none-eabi/lib/thumb/v7-m/nofp\libc_nano.a(libc_a-stdio.o) (_close_r)
D:/Program Files (x86)/STM32CubeIDE_1.19.0/STM32CubeIDE/plugins/com.st.stm32cube.ide.mcu.externaltools.gnu-tools-for-stm32.13.3.rel1.win32_1.0.0.202411081344/tools/bin/../lib/gcc/arm-none-eabi/13.3.1/../../../../arm-none-eabi/lib/thumb/v7-m/nofp\libc_nano.a(libc_a-reent.o)
                              D:/Program Files (x86)/STM32CubeIDE_1.19.0/STM32CubeIDE/plugins/com.st.stm32cube.ide.mcu.externaltools.gnu-tools-for-stm32.13.3.rel1.win32_1.0.0.202411081344/tools/bin/../lib/gcc/arm-none-eabi/13.3.1/../../../../arm-none-eabi/lib/thumb/v7-m/nofp\libc_nano.a(libc_a-closer.o) (errno)
[...]
Memory Configuration

Name             Origin             Length             Attributes
RAM              0x20000000         0x00005000         xrw
FLASH            0x08000000         0x00010000         xr
*default*        0x00000000         0xffffffff

Linker script and memory map

LOAD D:/Program Files (x86)/STM32CubeIDE_1.19.0/STM32CubeIDE/plugins/com.st.stm32cube.ide.mcu.externaltools.gnu-tools-for-stm32.13.3.rel1.win32_1.0.0.202411081344/tools/bin/../lib/gcc/arm-none-eabi/13.3.1/thumb/v7-m/nofp/crti.o
LOAD D:/Program Files (x86)/STM32CubeIDE_1.19.0/STM32CubeIDE/plugins/com.st.stm32cube.ide.mcu.externaltools.gnu-tools-for-stm32.13.3.rel1.win32_1.0.0.202411081344/tools/bin/../lib/gcc/arm-none-eabi/13.3.1/thumb/v7-m/nofp/crtbegin.o
LOAD D:/Program Files (x86)/STM32CubeIDE_1.19.0/STM32CubeIDE/plugins/com.st.stm32cube.ide.mcu.externaltools.gnu-tools-for-stm32.13.3.rel1.win32_1.0.0.202411081344/tools/bin/../lib/gcc/arm-none-eabi/13.3.1/../../../../arm-none-eabi/lib/thumb/v7-m/nofp/crt0.o
LOAD ./APP/games/Dino.o
LOAD ./APP/games/start_war.o
LOAD ./APP/info.o
LOAD ./APP/menu.o
LOAD ./Core/Src/gpio.o
LOAD ./Core/Src/i2c.o
LOAD ./Core/Src/main.o
LOAD ./Core/Src/rtc.o
LOAD ./Core/Src/stm32f1xx_hal_msp.o
LOAD ./Core/Src/stm32f1xx_it.o
LOAD ./Core/Src/syscalls.o
LOAD ./Core/Src/sysmem.o
LOAD ./Core/Src/system_stm32f1xx.o
LOAD ./Core/Startup/startup_stm32f103c8tx.o
LOAD ./Drivers/BSP/KEY/key.o
LOAD ./Drivers/BSP/LED/led.o
LOAD ./Drivers/BSP/OLED/font.o
LOAD ./Drivers/BSP/OLED/oled.o
LOAD ./Drivers/STM32F1xx_HAL_Driver/Src/stm32f1xx_hal.o
LOAD ./Drivers/STM32F1xx_HAL_Driver/Src/stm32f1xx_hal_cortex.o
LOAD ./Drivers/STM32F1xx_HAL_Driver/Src/stm32f1xx_hal_dma.o
LOAD ./Drivers/STM32F1xx_HAL_Driver/Src/stm32f1xx_hal_exti.o
LOAD ./Drivers/STM32F1xx_HAL_Driver/Src/stm32f1xx_hal_flash.o
LOAD ./Drivers/STM32F1xx_HAL_Driver/Src/stm32f1xx_hal_flash_ex.o
LOAD ./Drivers/STM32F1xx_HAL_Driver/Src/stm32f1xx_hal_gpio.o
LOAD ./Drivers/STM32F1xx_HAL_Driver/Src/stm32f1xx_hal_gpio_ex.o
LOAD ./Drivers/STM32F1xx_HAL_Driver/Src/stm32f1xx_hal_i2c.o
LOAD ./Drivers/STM32F1xx_HAL_Driver/Src/stm32f1xx_hal_pwr.o
LOAD ./Drivers/STM32F1xx_HAL_Driver/Src/stm32f1xx_hal_rcc.o
LOAD ./Drivers/STM32F1xx_HAL_Driver/Src/stm32f1xx_hal_rcc_ex.o
LOAD ./Drivers/STM32F1xx_HAL_Driver/Src/stm32f1xx_hal_rtc.o
LOAD ./Drivers/STM32F1xx_HAL_Driver/Src/stm32f1xx_hal_rtc_ex.o
LOAD ./Drivers/STM32F1xx_HAL_Driver/Src/stm32f1xx_hal_tim.o
LOAD ./Drivers/STM32F1xx_HAL_Driver/Src/stm32f1xx_hal_tim_ex.o
START GROUP
LOAD D:/Program Files (x86)/STM32CubeIDE_1.19.0/STM32CubeIDE/plugins/com.st.stm32cube.ide.mcu.externaltools.gnu-tools-for-stm32.13.3.rel1.win32_1.0.0.202411081344/tools/bin/../lib/gcc/arm-none-eabi/13.3.1/../../../../arm-none-eabi/lib/thumb/v7-m/nofp\libc_nano.a
LOAD D:/Program Files (x86)/STM32CubeIDE_1.19.0/STM32CubeIDE/plugins/com.st.stm32cube.ide.mcu.externaltools.gnu-tools-for-stm32.13.3.rel1.win32_1.0.0.202411081344/tools/bin/../lib/gcc/arm-none-eabi/13.3.1/../../../../arm-none-eabi/lib/thumb/v7-m/nofp\libm.a
END GROUP
START GROUP
LOAD D:/Program Files (x86)/STM32CubeIDE_1.19.0/STM32CubeIDE/plugins/com.st.stm32cube.ide.mcu.externaltools.gnu-tools-for-stm32.13.3.rel1.win32_1.0.0.202411081344/tools/bin/../lib/gcc/arm-none-eabi/13.3.1/thumb/v7-m/nofp\libgcc.a
LOAD D:/Program Files (x86)/STM32CubeIDE_1.19.0/STM32CubeIDE/plugins/com.st.stm32cube.ide.mcu.externaltools.gnu-tools-for-stm32.13.3.rel1.win32_1.0.0.202411081344/tools/bin/../lib/gcc/arm-none-eabi/13.3.1/../../../../arm-none-eabi/lib/thumb/v7-m/nofp\libc_nano.a
END GROUP
START GROUP
LOAD D:/Program Files (x86)/STM32CubeIDE_1.19.0/STM32CubeIDE/plugins/com.st.stm32cube.ide.mcu.externaltools.gnu-tools-for-stm32.13.3.rel1.win32_1.0.0.202411081344/tools/bin/../lib/gcc/arm-none-eabi/13.3.1/thumb/v7-m/nofp\libgcc.a
LOAD D:/Program Files (x86)/STM32CubeIDE_1.19.0/STM32CubeIDE/plugins/com.st.stm32cube.ide.mcu.externaltools.gnu-tools-for-stm32.13.3.rel1.win32_1.0.0.202411081344/tools/bin/../lib/gcc/arm-none-eabi/13.3.1/../../../../arm-none-eabi/lib/thumb/v7-m/nofp\libc_nano.a
LOAD D:/Program Files (x86)/STM32CubeIDE_1.19.0/STM32CubeIDE/plugins/com.st.stm32cube.ide.mcu.externaltools.gnu-tools-for-stm32.13.3.rel1.win32_1.0.0.202411081344/tools/bin/../lib/gcc/arm-none-eabi/13.3.1/../../../../arm-none-eabi/lib/thumb/v7-m/nofp\libnosys.a
END GROUP
START GROUP
LOAD D:/Program Files (x86)/STM32CubeIDE_1.19.0/STM32CubeIDE/plugins/com.st.stm32cube.ide.mcu.externaltools.gnu-tools-for-stm32.13.3.rel1.win32_1.0.0.202411081344/tools/bin/../lib/gcc/arm-none-eabi/13.3.1/thumb/v7-m/nofp\libgcc.a
LOAD D:/Program Files (x86)/STM32CubeIDE_1.19.0/STM32CubeIDE/plugins/com.st.stm32cube.ide.mcu.externaltools.gnu-tools-for-stm32.13.3.rel1.win32_1.0.0.202411081344/tools/bin/../lib/gcc/arm-none-eabi/13.3.1/../../../../arm-none-eabi/lib/thumb/v7-m/nofp\libc_nano.a
LOAD D:/Program Files (x86)/STM32CubeIDE_1.19.0/STM32CubeIDE/plugins/com.st.stm32cube.ide.mcu.externaltools.gnu-tools-for-stm32.13.3.rel1.win32_1.0.0.202411081344/tools/bin/../lib/gcc/arm-none-eabi/13.3.1/../../../../arm-none-eabi/lib/thumb/v7-m/nofp\libnosys.a
END GROUP
LOAD D:/Program Files (x86)/STM32CubeIDE_1.19.0/STM32CubeIDE/plugins/com.st.stm32cube.ide.mcu.externaltools.gnu-tools-for-stm32.13.3.rel1.win32_1.0.0.202411081344/tools/bin/../lib/gcc/arm-none-eabi/13.3.1/thumb/v7-m/nofp/crtend.o
LOAD D:/Program Files (x86)/STM32CubeIDE_1.19.0/STM32CubeIDE/plugins/com.st.stm32cube.ide.mcu.externaltools.gnu-tools-for-stm32.13.3.rel1.win32_1.0.0.202411081344/tools/bin/../lib/gcc/arm-none-eabi/13.3.1/thumb/v7-m/nofp/crtn.o
                0x20005000                        _estack = (ORIGIN (RAM) + LENGTH (RAM))
                0x00000200                        _Min_Heap_Size = 0x200
                0x00000400                        _Min_Stack_Size = 0x400

.isr_vector     0x08000000      0x10c
                0x08000000                        . = ALIGN (0x4)
 *(.isr_vector)
 .isr_vector    0x08000000      0x10c ./Core/Startup/startup_stm32f103c8tx.o
                0x08000000                g_pfnVectors
                0x0800010c                        . = ALIGN (0x4)

.text           0x0800010c     0x4a3c
                0x0800010c                        . = ALIGN (0x4)
 *(.text)
 .text          0x0800010c       0x40 D:/Program Files (x86)/STM32CubeIDE_1.19.0/STM32CubeIDE/plugins/com.st.stm32cube.ide.mcu.externaltools.gnu-tools-for-stm32.13.3.rel1.win32_1.0.0.202411081344/tools/bin/../lib/gcc/arm-none-eabi/13.3.1/thumb/v7-m/nofp/crtbegin.o
 *(.text*)
 .text.show_line
                0x0800014c       0x64 ./APP/games/Dino.o
                0x0800014c                show_line
 .text.move_dino
                0x080001b0       0x80 ./APP/games/Dino.o
                0x080001b0                move_dino
 .text.move_tree
                0x08000230       0x3c ./APP/games/Dino.o
                0x08000230                move_tree
 .text.display_score
                0x0800026c       0x90 ./APP/games/Dino.o
                0x0800026c                display_score
 .text.tree_collision_judge
                0x080002fc       0x94 ./APP/games/Dino.o
                0x080002fc                tree_collision_judge
 .text.dino_play
                0x08000390      0x374 ./APP/games/Dino.o
                0x08000390                dino_play
 .text.game_init
                0x08000704      0x110 ./APP/games/start_war.o
                0x08000704                game_init
 .text.get_key_status
                0x08000814       0x4c ./APP/games/start_war.o
                0x08000814                get_key_status
 .text.star_draw
                0x08000860       0x98 ./APP/games/start_war.o
                0x08000860                star_draw
 .text.star_war_play
                0x080008f8      0x1dc ./APP/games/start_war.o
                0x080008f8                star_war_play
 .text.info_message
                0x08000ad4       0x58 ./APP/info.o
                0x08000ad4                info_message
 .text.menu2_games
                0x08000b2c      0x1a8 ./APP/menu.o
                0x08000b2c                menu2_games
 .text.menu1    0x08000cd4      0x2cc ./APP/menu.o
                0x08000cd4                menu1
 .text.MX_GPIO_Init
                0x08000fa0       0xcc ./Core/Src/gpio.o
                0x08000fa0                MX_GPIO_Init
 .text.MX_I2C1_Init
                0x0800106c       0x5c ./Core/Src/i2c.o
                0x0800106c                MX_I2C1_Init
 .text.HAL_I2C_MspInit
                0x080010c8       0x7c ./Core/Src/i2c.o
                0x080010c8                HAL_I2C_MspInit
 .text.main     0x08001144       0x44 ./Core/Src/main.o
                0x08001144                main
 .text.SystemClock_Config
                0x08001188       0xba ./Core/Src/main.o
                0x08001188                SystemClock_Config
 .text.Error_Handler
                0x08001242        0xc ./Core/Src/main.o
                0x08001242                Error_Handler
 *fill*         0x0800124e        0x2 
 .text.MX_RTC_Init
                0x08001250       0x94 ./Core/Src/rtc.o
                0x08001250                MX_RTC_Init
 .text.HAL_RTC_MspInit
                0x080012e4       0x58 ./Core/Src/rtc.o
                0x080012e4                HAL_RTC_MspInit
 .text.HAL_MspInit
                0x0800133c       0x64 ./Core/Src/stm32f1xx_hal_msp.o
                0x0800133c                HAL_MspInit
 .text.NMI_Handler
                0x080013a0        0x8 ./Core/Src/stm32f1xx_it.o
                0x080013a0                NMI_Handler
 .text.HardFault_Handler
                0x080013a8        0x8 ./Core/Src/stm32f1xx_it.o
                0x080013a8                HardFault_Handler
 .text.MemManage_Handler
                0x080013b0        0x8 ./Core/Src/stm32f1xx_it.o
                0x080013b0                MemManage_Handler
 .text.BusFault_Handler
                0x080013b8        0x8 ./Core/Src/stm32f1xx_it.o
                0x080013b8                BusFault_Handler
 .text.UsageFault_Handler
                0x080013c0        0x8 ./Core/Src/stm32f1xx_it.o
                0x080013c0                UsageFault_Handler
 .text.SVC_Handler
                0x080013c8        0xc ./Core/Src/stm32f1xx_it.o
                0x080013c8                SVC_Handler
 .text.DebugMon_Handler
                0x080013d4        0xc ./Core/Src/stm32f1xx_it.o
                0x080013d4                DebugMon_Handler
 .text.PendSV_Handler
                0x080013e0        0xc ./Core/Src/stm32f1xx_it.o
                0x080013e0                PendSV_Handler
 .text.SysTick_Handler
                0x080013ec        0xc ./Core/Src/stm32f1xx_it.o
                0x080013ec                SysTick_Handler
 .text.RTC_IRQHandler
                0x080013f8       0x14 ./Core/Src/stm32f1xx_it.o
                0x080013f8                RTC_IRQHandler
 .text._sbrk    0x0800140c       0x6c ./Core/Src/sysmem.o
                0x0800140c                _sbrk
 .text.SystemInit
                0x08001478        0xc ./Core/Src/system_stm32f1xx.o
                0x08001478                SystemInit
 .text.Reset_Handler
                0x08001484       0x48 ./Core/Startup/startup_stm32f103c8tx.o
                0x08001484                Reset_Handler
 .text.Default_Handler
                0x080014cc        0x2 ./Core/Startup/startup_stm32f103c8tx.o
                0x080014cc                RTC_Alarm_IRQHandler
                0x080014cc                EXTI2_IRQHandler
                0x080014cc                TIM1_CC_IRQHandler
                0x080014cc                PVD_IRQHandler
                0x080014cc                EXTI3_IRQHandler
                0x080014cc                EXTI0_IRQHandler
                0x080014cc                I2C2_EV_IRQHandler
                0x080014cc                ADC1_2_IRQHandler
                0x080014cc                SPI1_IRQHandler
                0x080014cc                TAMPER_IRQHandler
                0x080014cc                DMA1_Channel4_IRQHandler
                0x080014cc                USART3_IRQHandler
                0x080014cc                DMA1_Channel7_IRQHandler
                0x080014cc                CAN1_RX1_IRQHandler
                0x080014cc                TIM4_IRQHandler
                0x080014cc                I2C1_EV_IRQHandler
                0x080014cc                DMA1_Channel6_IRQHandler
                0x080014cc                TIM3_IRQHandler
                0x080014cc                RCC_IRQHandler
                0x080014cc                TIM1_TRG_COM_IRQHandler
                0x080014cc                DMA1_Channel1_IRQHandler
                0x080014cc                Default_Handler
                0x080014cc                EXTI15_10_IRQHandler
                0x080014cc                EXTI9_5_IRQHandler
                0x080014cc                SPI2_IRQHandler
                0x080014cc                DMA1_Channel5_IRQHandler
                0x080014cc                EXTI4_IRQHandler
                0x080014cc                USB_LP_CAN1_RX0_IRQHandler
                0x080014cc                USB_HP_CAN1_TX_IRQHandler
                0x080014cc                DMA1_Channel3_IRQHandler
                0x080014cc                TIM1_UP_IRQHandler
                0x080014cc                WWDG_IRQHandler
                0x080014cc                TIM2_IRQHandler
                0x080014cc                TIM1_BRK_IRQHandler
                0x080014cc                EXTI1_IRQHandler
                0x080014cc                USART2_IRQHandler
                0x080014cc                I2C2_ER_IRQHandler
                0x080014cc                DMA1_Channel2_IRQHandler
                0x080014cc                CAN1_SCE_IRQHandler
                0x080014cc                FLASH_IRQHandler
                0x080014cc                USART1_IRQHandler
                0x080014cc                I2C1_ER_IRQHandler
                0x080014cc                USBWakeUp_IRQHandler
 *fill*         0x080014ce        0x2 
 .text.Key_GetNum
                0x080014d0       0xe0 ./Drivers/BSP/KEY/key.o
                0x080014d0                Key_GetNum
 .text.Send     0x080015b0       0x2c ./Drivers/BSP/OLED/oled.o
                0x080015b0                Send
 .text.OLED_SendCmd
                0x080015dc       0x2a ./Drivers/BSP/OLED/oled.o
                0x080015dc                OLED_SendCmd
 .text.OLED_Init
                0x08001606       0xac ./Drivers/BSP/OLED/oled.o
                0x08001606                OLED_Init
 *fill*         0x080016b2        0x2 
 .text.OLED_NewFrame
                0x080016b4       0x18 ./Drivers/BSP/OLED/oled.o
                0x080016b4                OLED_NewFrame
 .text.OLED_ShowFrame
                0x080016cc       0x68 ./Drivers/BSP/OLED/oled.o
                0x080016cc                OLED_ShowFrame
 .text.OLED_SetPixel
                0x08001734       0xb0 ./Drivers/BSP/OLED/oled.o
                0x08001734                OLED_SetPixel
 .text.OLED_SetByte_Fine
                0x080017e4       0xf8 ./Drivers/BSP/OLED/oled.o
                0x080017e4                OLED_SetByte_Fine
 .text.OLED_SetBits_Fine
                0x080018dc       0xbe ./Drivers/BSP/OLED/oled.o
                0x080018dc                OLED_SetBits_Fine
 .text.OLED_SetBits
                0x0800199a       0x82 ./Drivers/BSP/OLED/oled.o
                0x0800199a                OLED_SetBits
 .text.OLED_SetBlock
                0x08001a1c       0xe2 ./Drivers/BSP/OLED/oled.o
                0x08001a1c                OLED_SetBlock
 *fill*         0x08001afe        0x2 
 .text.OLED_DrawLine
                0x08001b00      0x1d8 ./Drivers/BSP/OLED/oled.o
                0x08001b00                OLED_DrawLine
 .text.OLED_DrawImage
                0x08001cd8       0x3c ./Drivers/BSP/OLED/oled.o
                0x08001cd8                OLED_DrawImage
 .text.OLED_PrintASCIIChar
                0x08001d14       0x5e ./Drivers/BSP/OLED/oled.o
                0x08001d14                OLED_PrintASCIIChar
 .text._OLED_GetUTF8Len
                0x08001d72       0x52 ./Drivers/BSP/OLED/oled.o
                0x08001d72                _OLED_GetUTF8Len
 .text.OLED_PrintString
                0x08001dc4      0x14c ./Drivers/BSP/OLED/oled.o
                0x08001dc4                OLED_PrintString
 .text.OLED_DrawPoint
                0x08001f10       0x94 ./Drivers/BSP/OLED/oled.o
                0x08001f10                OLED_DrawPoint
 .text.HAL_Init
                0x08001fa4       0x2c ./Drivers/STM32F1xx_HAL_Driver/Src/stm32f1xx_hal.o
                0x08001fa4                HAL_Init
 .text.HAL_InitTick
                0x08001fd0       0x60 ./Drivers/STM32F1xx_HAL_Driver/Src/stm32f1xx_hal.o
                0x08001fd0                HAL_InitTick
 .text.HAL_IncTick
                0x08002030       0x24 ./Drivers/STM32F1xx_HAL_Driver/Src/stm32f1xx_hal.o
                0x08002030                HAL_IncTick
 .text.HAL_GetTick
                0x08002054       0x14 ./Drivers/STM32F1xx_HAL_Driver/Src/stm32f1xx_hal.o
                0x08002054                HAL_GetTick
 .text.HAL_Delay
                0x08002068       0x48 ./Drivers/STM32F1xx_HAL_Driver/Src/stm32f1xx_hal.o
                0x08002068                HAL_Delay
 .text.__NVIC_SetPriorityGrouping
                0x080020b0       0x48 ./Drivers/STM32F1xx_HAL_Driver/Src/stm32f1xx_hal_cortex.o
 .text.__NVIC_GetPriorityGrouping
                0x080020f8       0x1c ./Drivers/STM32F1xx_HAL_Driver/Src/stm32f1xx_hal_cortex.o
 .text.__NVIC_EnableIRQ
                0x08002114       0x38 ./Drivers/STM32F1xx_HAL_Driver/Src/stm32f1xx_hal_cortex.o
 .text.__NVIC_SetPriority
                0x0800214c       0x54 ./Drivers/STM32F1xx_HAL_Driver/Src/stm32f1xx_hal_cortex.o
 .text.NVIC_EncodePriority
                0x080021a0       0x64 ./Drivers/STM32F1xx_HAL_Driver/Src/stm32f1xx_hal_cortex.o
 .text.SysTick_Config
                0x08002204       0x44 ./Drivers/STM32F1xx_HAL_Driver/Src/stm32f1xx_hal_cortex.o
 .text.HAL_NVIC_SetPriorityGrouping
                0x08002248       0x16 ./Drivers/STM32F1xx_HAL_Driver/Src/stm32f1xx_hal_cortex.o
                0x08002248                HAL_NVIC_SetPriorityGrouping
 .text.HAL_NVIC_SetPriority
                0x0800225e       0x38 ./Drivers/STM32F1xx_HAL_Driver/Src/stm32f1xx_hal_cortex.o
                0x0800225e                HAL_NVIC_SetPriority
 .text.HAL_NVIC_EnableIRQ
                0x08002296       0x1c ./Drivers/STM32F1xx_HAL_Driver/Src/stm32f1xx_hal_cortex.o
                0x08002296                HAL_NVIC_EnableIRQ
 .text.HAL_SYSTICK_Config
                0x080022b2       0x18 ./Drivers/STM32F1xx_HAL_Driver/Src/stm32f1xx_hal_cortex.o
                0x080022b2                HAL_SYSTICK_Config
 *fill*         0x080022ca        0x2 
 .text.HAL_GPIO_Init
                0x080022cc      0x308 ./Drivers/STM32F1xx_HAL_Driver/Src/stm32f1xx_hal_gpio.o
                0x080022cc                HAL_GPIO_Init
 .text.HAL_GPIO_ReadPin
                0x080025d4       0x2e ./Drivers/STM32F1xx_HAL_Driver/Src/stm32f1xx_hal_gpio.o
                0x080025d4                HAL_GPIO_ReadPin
 .text.HAL_GPIO_WritePin
                0x08002602       0x30 ./Drivers/STM32F1xx_HAL_Driver/Src/stm32f1xx_hal_gpio.o
                0x08002602                HAL_GPIO_WritePin
 *fill*         0x08002632        0x2 
 .text.HAL_I2C_Init
                0x08002634      0x288 ./Drivers/STM32F1xx_HAL_Driver/Src/stm32f1xx_hal_i2c.o
                0x08002634                HAL_I2C_Init
 .text.HAL_I2C_Master_Transmit
                0x080028bc      0x1fc ./Drivers/STM32F1xx_HAL_Driver/Src/stm32f1xx_hal_i2c.o
                0x080028bc                HAL_I2C_Master_Transmit
 .text.I2C_MasterRequestWrite
                0x08002ab8      0x104 ./Drivers/STM32F1xx_HAL_Driver/Src/stm32f1xx_hal_i2c.o
 .text.I2C_WaitOnFlagUntilTimeout
                0x08002bbc       0xae ./Drivers/STM32F1xx_HAL_Driver/Src/stm32f1xx_hal_i2c.o
 .text.I2C_WaitOnMasterAddressFlagUntilTimeout
                0x08002c6a       0xfe ./Drivers/STM32F1xx_HAL_Driver/Src/stm32f1xx_hal_i2c.o
 .text.I2C_WaitOnTXEFlagUntilTimeout
                0x08002d68       0x82 ./Drivers/STM32F1xx_HAL_Driver/Src/stm32f1xx_hal_i2c.o
 .text.I2C_WaitOnBTFFlagUntilTimeout
                0x08002dea       0x82 ./Drivers/STM32F1xx_HAL_Driver/Src/stm32f1xx_hal_i2c.o
 .text.I2C_IsAcknowledgeFailed
                0x08002e6c       0x5c ./Drivers/STM32F1xx_HAL_Driver/Src/stm32f1xx_hal_i2c.o
 .text.HAL_PWR_EnableBkUpAccess
                0x08002ec8       0x18 ./Drivers/STM32F1xx_HAL_Driver/Src/stm32f1xx_hal_pwr.o
                0x08002ec8                HAL_PWR_EnableBkUpAccess
 .text.HAL_RCC_OscConfig
                0x08002ee0      0x504 ./Drivers/STM32F1xx_HAL_Driver/Src/stm32f1xx_hal_rcc.o
                0x08002ee0                HAL_RCC_OscConfig
 .text.HAL_RCC_ClockConfig
                0x080033e4      0x1d4 ./Drivers/STM32F1xx_HAL_Driver/Src/stm32f1xx_hal_rcc.o
                0x080033e4                HAL_RCC_ClockConfig
 .text.HAL_RCC_GetSysClockFreq
                0x080035b8       0xbc ./Drivers/STM32F1xx_HAL_Driver/Src/stm32f1xx_hal_rcc.o
                0x080035b8                HAL_RCC_GetSysClockFreq
 .text.HAL_RCC_GetHCLKFreq
                0x08003674       0x14 ./Drivers/STM32F1xx_HAL_Driver/Src/stm32f1xx_hal_rcc.o
                0x08003674                HAL_RCC_GetHCLKFreq
 .text.HAL_RCC_GetPCLK1Freq
                0x08003688       0x28 ./Drivers/STM32F1xx_HAL_Driver/Src/stm32f1xx_hal_rcc.o
                0x08003688                HAL_RCC_GetPCLK1Freq
 .text.HAL_RCC_GetPCLK2Freq
                0x080036b0       0x28 ./Drivers/STM32F1xx_HAL_Driver/Src/stm32f1xx_hal_rcc.o
                0x080036b0                HAL_RCC_GetPCLK2Freq
 .text.RCC_Delay
                0x080036d8       0x3c ./Drivers/STM32F1xx_HAL_Driver/Src/stm32f1xx_hal_rcc.o
 .text.HAL_RCCEx_PeriphCLKConfig
                0x08003714      0x16c ./Drivers/STM32F1xx_HAL_Driver/Src/stm32f1xx_hal_rcc_ex.o
                0x08003714                HAL_RCCEx_PeriphCLKConfig
 .text.HAL_RCCEx_GetPeriphCLKFreq
                0x08003880      0x180 ./Drivers/STM32F1xx_HAL_Driver/Src/stm32f1xx_hal_rcc_ex.o
                0x08003880                HAL_RCCEx_GetPeriphCLKFreq
 .text.HAL_RTC_Init
                0x08003a00      0x12c ./Drivers/STM32F1xx_HAL_Driver/Src/stm32f1xx_hal_rtc.o
                0x08003a00                HAL_RTC_Init
 .text.HAL_RTC_SetTime
                0x08003b2c      0x12e ./Drivers/STM32F1xx_HAL_Driver/Src/stm32f1xx_hal_rtc.o
                0x08003b2c                HAL_RTC_SetTime
 *fill*         0x08003c5a        0x2 
 .text.HAL_RTC_SetDate
                0x08003c5c      0x16c ./Drivers/STM32F1xx_HAL_Driver/Src/stm32f1xx_hal_rtc.o
                0x08003c5c                HAL_RTC_SetDate
 .text.HAL_RTC_WaitForSynchro
                0x08003dc8       0x5a ./Drivers/STM32F1xx_HAL_Driver/Src/stm32f1xx_hal_rtc.o
                0x08003dc8                HAL_RTC_WaitForSynchro
 .text.RTC_ReadTimeCounter
                0x08003e22       0x60 ./Drivers/STM32F1xx_HAL_Driver/Src/stm32f1xx_hal_rtc.o
 .text.RTC_WriteTimeCounter
                0x08003e82       0x4e ./Drivers/STM32F1xx_HAL_Driver/Src/stm32f1xx_hal_rtc.o
 .text.RTC_ReadAlarmCounter
                0x08003ed0       0x32 ./Drivers/STM32F1xx_HAL_Driver/Src/stm32f1xx_hal_rtc.o
 .text.RTC_WriteAlarmCounter
                0x08003f02       0x4e ./Drivers/STM32F1xx_HAL_Driver/Src/stm32f1xx_hal_rtc.o
 .text.RTC_EnterInitMode
                0x08003f50       0x50 ./Drivers/STM32F1xx_HAL_Driver/Src/stm32f1xx_hal_rtc.o
 .text.RTC_ExitInitMode
                0x08003fa0       0x50 ./Drivers/STM32F1xx_HAL_Driver/Src/stm32f1xx_hal_rtc.o
 .text.RTC_Bcd2ToByte
                0x08003ff0       0x3a ./Drivers/STM32F1xx_HAL_Driver/Src/stm32f1xx_hal_rtc.o
 *fill*         0x0800402a        0x2 
 .text.RTC_WeekDayNum
                0x0800402c       0xf0 ./Drivers/STM32F1xx_HAL_Driver/Src/stm32f1xx_hal_rtc.o
 .text.HAL_RTCEx_RTCIRQHandler
                0x0800411c       0x6e ./Drivers/STM32F1xx_HAL_Driver/Src/stm32f1xx_hal_rtc_ex.o
                0x0800411c                HAL_RTCEx_RTCIRQHandler
 .text.HAL_RTCEx_RTCEventCallback
                0x0800418a       0x12 ./Drivers/STM32F1xx_HAL_Driver/Src/stm32f1xx_hal_rtc_ex.o
                0x0800418a                HAL_RTCEx_RTCEventCallback
 .text.HAL_RTCEx_RTCEventErrorCallback
                0x0800419c       0x12 ./Drivers/STM32F1xx_HAL_Driver/Src/stm32f1xx_hal_rtc_ex.o
                0x0800419c                HAL_RTCEx_RTCEventErrorCallback
 *fill*         0x080041ae        0x2 
 .text.sprintf  0x080041b0       0x44 D:/Program Files (x86)/STM32CubeIDE_1.19.0/STM32CubeIDE/plugins/com.st.stm32cube.ide.mcu.externaltools.gnu-tools-for-stm32.13.3.rel1.win32_1.0.0.202411081344/tools/bin/../lib/gcc/arm-none-eabi/13.3.1/../../../../arm-none-eabi/lib/thumb/v7-m/nofp\libc_nano.a(libc_a-sprintf.o)
                0x080041b0                siprintf
                0x080041b0                sprintf
 .text.memcmp   0x080041f4       0x20 D:/Program Files (x86)/STM32CubeIDE_1.19.0/STM32CubeIDE/plugins/com.st.stm32cube.ide.mcu.externaltools.gnu-tools-for-stm32.13.3.rel1.win32_1.0.0.202411081344/tools/bin/../lib/gcc/arm-none-eabi/13.3.1/../../../../arm-none-eabi/lib/thumb/v7-m/nofp\libc_nano.a(libc_a-memcmp.o)
                0x080041f4                memcmp
 .text.memset   0x08004214       0x10 D:/Program Files (x86)/STM32CubeIDE_1.19.0/STM32CubeIDE/plugins/com.st.stm32cube.ide.mcu.externaltools.gnu-tools-for-stm32.13.3.rel1.win32_1.0.0.202411081344/tools/bin/../lib/gcc/arm-none-eabi/13.3.1/../../../../arm-none-eabi/lib/thumb/v7-m/nofp\libc_nano.a(libc_a-memset.o)
                0x08004214                memset
 .text.__errno  0x08004224        0xc D:/Program Files (x86)/STM32CubeIDE_1.19.0/STM32CubeIDE/plugins/com.st.stm32cube.ide.mcu.externaltools.gnu-tools-for-stm32.13.3.rel1.win32_1.0.0.202411081344/tools/bin/../lib/gcc/arm-none-eabi/13.3.1/../../../../arm-none-eabi/lib/thumb/v7-m/nofp\libc_nano.a(libc_a-errno.o)
                0x08004224                __errno
 .text.__libc_init_array
                0x08004230       0x48 D:/Program Files (x86)/STM32CubeIDE_1.19.0/STM32CubeIDE/plugins/com.st.stm32cube.ide.mcu.externaltools.gnu-tools-for-stm32.13.3.rel1.win32_1.0.0.202411081344/tools/bin/../lib/gcc/arm-none-eabi/13.3.1/../../../../arm-none-eabi/lib/thumb/v7-m/nofp\libc_nano.a(libc_a-init.o)
                0x08004230                __libc_init_array
 .text.__retarget_lock_acquire_recursive
                0x08004278        0x2 D:/Program Files (x86)/STM32CubeIDE_1.19.0/STM32CubeIDE/plugins/com.st.stm32cube.ide.mcu.externaltools.gnu-tools-for-stm32.13.3.rel1.win32_1.0.0.202411081344/tools/bin/../lib/gcc/arm-none-eabi/13.3.1/../../../../arm-none-eabi/lib/thumb/v7-m/nofp\libc_nano.a(libc_a-lock.o)
                0x08004278                __retarget_lock_acquire_recursive
 .text.__retarget_lock_release_recursive
                0x0800427a        0x2 D:/Program Files (x86)/STM32CubeIDE_1.19.0/STM32CubeIDE/plugins/com.st.stm32cube.ide.mcu.externaltools.gnu-tools-for-stm32.13.3.rel1.win32_1.0.0.202411081344/tools/bin/../lib/gcc/arm-none-eabi/13.3.1/../../../../arm-none-eabi/lib/thumb/v7-m/nofp\libc_nano.a(libc_a-lock.o)
                0x0800427a                __retarget_lock_release_recursive
 .text.memcpy   0x0800427c       0x1c D:/Program Files (x86)/STM32CubeIDE_1.19.0/STM32CubeIDE/plugins/com.st.stm32cube.ide.mcu.externaltools.gnu-tools-for-stm32.13.3.rel1.win32_1.0.0.202411081344/tools/bin/../lib/gcc/arm-none-eabi/13.3.1/../../../../arm-none-eabi/lib/thumb/v7-m/nofp\libc_nano.a(libc_a-memcpy-stub.o)
                0x0800427c                memcpy
 .text._free_r  0x08004298       0x90 D:/Program Files (x86)/STM32CubeIDE_1.19.0/STM32CubeIDE/plugins/com.st.stm32cube.ide.mcu.externaltools.gnu-tools-for-stm32.13.3.rel1.win32_1.0.0.202411081344/tools/bin/../lib/gcc/arm-none-eabi/13.3.1/../../../../arm-none-eabi/lib/thumb/v7-m/nofp\libc_nano.a(libc_a-freer.o)
                0x08004298                _free_r
 .text.sbrk_aligned
                0x08004328       0x44 D:/Program Files (x86)/STM32CubeIDE_1.19.0/STM32CubeIDE/plugins/com.st.stm32cube.ide.mcu.externaltools.gnu-tools-for-stm32.13.3.rel1.win32_1.0.0.202411081344/tools/bin/../lib/gcc/arm-none-eabi/13.3.1/../../../../arm-none-eabi/lib/thumb/v7-m/nofp\libc_nano.a(libc_a-mallocr.o)
 .text._malloc_r
                0x0800436c      0x100 D:/Program Files (x86)/STM32CubeIDE_1.19.0/STM32CubeIDE/plugins/com.st.stm32cube.ide.mcu.externaltools.gnu-tools-for-stm32.13.3.rel1.win32_1.0.0.202411081344/tools/bin/../lib/gcc/arm-none-eabi/13.3.1/../../../../arm-none-eabi/lib/thumb/v7-m/nofp\libc_nano.a(libc_a-mallocr.o)
                0x0800436c                _malloc_r
 .text.__malloc_lock
                0x0800446c        0xc D:/Program Files (x86)/STM32CubeIDE_1.19.0/STM32CubeIDE/plugins/com.st.stm32cube.ide.mcu.externaltools.gnu-tools-for-stm32.13.3.rel1.win32_1.0.0.202411081344/tools/bin/../lib/gcc/arm-none-eabi/13.3.1/../../../../arm-none-eabi/lib/thumb/v7-m/nofp\libc_nano.a(libc_a-mlock.o)
                0x0800446c                __malloc_lock
 .text.__malloc_unlock
                0x08004478        0xc D:/Program Files (x86)/STM32CubeIDE_1.19.0/STM32CubeIDE/plugins/com.st.stm32cube.ide.mcu.externaltools.gnu-tools-for-stm32.13.3.rel1.win32_1.0.0.202411081344/tools/bin/../lib/gcc/arm-none-eabi/13.3.1/../../../../arm-none-eabi/lib/thumb/v7-m/nofp\libc_nano.a(libc_a-mlock.o)
                0x08004478                __malloc_unlock
 .text.__ssputs_r
                0x08004484       0xb6 D:/Program Files (x86)/STM32CubeIDE_1.19.0/STM32CubeIDE/plugins/com.st.stm32cube.ide.mcu.externaltools.gnu-tools-for-stm32.13.3.rel1.win32_1.0.0.202411081344/tools/bin/../lib/gcc/arm-none-eabi/13.3.1/../../../../arm-none-eabi/lib/thumb/v7-m/nofp\libc_nano.a(libc_a-nano-svfprintf.o)
                0x08004484                __ssputs_r
 *fill*         0x0800453a        0x2 
 .text._svfprintf_r
                0x0800453c      0x1f8 D:/Program Files (x86)/STM32CubeIDE_1.19.0/STM32CubeIDE/plugins/com.st.stm32cube.ide.mcu.externaltools.gnu-tools-for-stm32.13.3.rel1.win32_1.0.0.202411081344/tools/bin/../lib/gcc/arm-none-eabi/13.3.1/../../../../arm-none-eabi/lib/thumb/v7-m/nofp\libc_nano.a(libc_a-nano-svfprintf.o)
                0x0800453c                _svfiprintf_r
                0x0800453c                _svfprintf_r
 .text._printf_common
                0x08004734       0xe4 D:/Program Files (x86)/STM32CubeIDE_1.19.0/STM32CubeIDE/plugins/com.st.stm32cube.ide.mcu.externaltools.gnu-tools-for-stm32.13.3.rel1.win32_1.0.0.202411081344/tools/bin/../lib/gcc/arm-none-eabi/13.3.1/../../../../arm-none-eabi/lib/thumb/v7-m/nofp\libc_nano.a(libc_a-nano-vfprintf_i.o)
                0x08004734                _printf_common
 .text._printf_i
                0x08004818      0x23c D:/Program Files (x86)/STM32CubeIDE_1.19.0/STM32CubeIDE/plugins/com.st.stm32cube.ide.mcu.externaltools.gnu-tools-for-stm32.13.3.rel1.win32_1.0.0.202411081344/tools/bin/../lib/gcc/arm-none-eabi/13.3.1/../../../../arm-none-eabi/lib/thumb/v7-m/nofp\libc_nano.a(libc_a-nano-vfprintf_i.o)
                0x08004818                _printf_i
 .text.memmove  0x08004a54       0x34 D:/Program Files (x86)/STM32CubeIDE_1.19.0/STM32CubeIDE/plugins/com.st.stm32cube.ide.mcu.externaltools.gnu-tools-for-stm32.13.3.rel1.win32_1.0.0.202411081344/tools/bin/../lib/gcc/arm-none-eabi/13.3.1/../../../../arm-none-eabi/lib/thumb/v7-m/nofp\libc_nano.a(libc_a-memmove.o)
                0x08004a54                memmove
 .text._sbrk_r  0x08004a88       0x20 D:/Program Files (x86)/STM32CubeIDE_1.19.0/STM32CubeIDE/plugins/com.st.stm32cube.ide.mcu.externaltools.gnu-tools-for-stm32.13.3.rel1.win32_1.0.0.202411081344/tools/bin/../lib/gcc/arm-none-eabi/13.3.1/../../../../arm-none-eabi/lib/thumb/v7-m/nofp\libc_nano.a(libc_a-sbrkr.o)
                0x08004a88                _sbrk_r
 .text.memchr   0x08004aa8       0x1c D:/Program Files (x86)/STM32CubeIDE_1.19.0/STM32CubeIDE/plugins/com.st.stm32cube.ide.mcu.externaltools.gnu-tools-for-stm32.13.3.rel1.win32_1.0.0.202411081344/tools/bin/../lib/gcc/arm-none-eabi/13.3.1/../../../../arm-none-eabi/lib/thumb/v7-m/nofp\libc_nano.a(libc_a-memchr-stub.o)
                0x08004aa8                memchr
 .text._realloc_r
                0x08004ac4       0x5c D:/Program Files (x86)/STM32CubeIDE_1.19.0/STM32CubeIDE/plugins/com.st.stm32cube.ide.mcu.externaltools.gnu-tools-for-stm32.13.3.rel1.win32_1.0.0.202411081344/tools/bin/../lib/gcc/arm-none-eabi/13.3.1/../../../../arm-none-eabi/lib/thumb/v7-m/nofp\libc_nano.a(libc_a-reallocr.o)
                0x08004ac4                _realloc_r
 .text._malloc_usable_size_r
                0x08004b20       0x10 D:/Program Files (x86)/STM32CubeIDE_1.19.0/STM32CubeIDE/plugins/com.st.stm32cube.ide.mcu.externaltools.gnu-tools-for-stm32.13.3.rel1.win32_1.0.0.202411081344/tools/bin/../lib/gcc/arm-none-eabi/13.3.1/../../../../arm-none-eabi/lib/thumb/v7-m/nofp\libc_nano.a(libc_a-msizer.o)
                0x08004b20                _malloc_usable_size_r
 *(.glue_7)
 .glue_7        0x08004b30        0x0 linker stubs
 *(.glue_7t)
 .glue_7t       0x08004b30        0x0 linker stubs
 *(.eh_frame)
 .eh_frame      0x08004b30        0x0 D:/Program Files (x86)/STM32CubeIDE_1.19.0/STM32CubeIDE/plugins/com.st.stm32cube.ide.mcu.externaltools.gnu-tools-for-stm32.13.3.rel1.win32_1.0.0.202411081344/tools/bin/../lib/gcc/arm-none-eabi/13.3.1/thumb/v7-m/nofp/crtbegin.o
 *(.init)
 .init          0x08004b30        0x4 D:/Program Files (x86)/STM32CubeIDE_1.19.0/STM32CubeIDE/plugins/com.st.stm32cube.ide.mcu.externaltools.gnu-tools-for-stm32.13.3.rel1.win32_1.0.0.202411081344/tools/bin/../lib/gcc/arm-none-eabi/13.3.1/thumb/v7-m/nofp/crti.o
                0x08004b30                _init
 .init          0x08004b34        0x8 D:/Program Files (x86)/STM32CubeIDE_1.19.0/STM32CubeIDE/plugins/com.st.stm32cube.ide.mcu.externaltools.gnu-tools-for-stm32.13.3.rel1.win32_1.0.0.202411081344/tools/bin/../lib/gcc/arm-none-eabi/13.3.1/thumb/v7-m/nofp/crtn.o
 *(.fini)
 .fini          0x08004b3c        0x4 D:/Program Files (x86)/STM32CubeIDE_1.19.0/STM32CubeIDE/plugins/com.st.stm32cube.ide.mcu.externaltools.gnu-tools-for-stm32.13.3.rel1.win32_1.0.0.202411081344/tools/bin/../lib/gcc/arm-none-eabi/13.3.1/thumb/v7-m/nofp/crti.o
                0x08004b3c                _fini
 .fini          0x08004b40        0x8 D:/Program Files (x86)/STM32CubeIDE_1.19.0/STM32CubeIDE/plugins/com.st.stm32cube.ide.mcu.externaltools.gnu-tools-for-stm32.13.3.rel1.win32_1.0.0.202411081344/tools/bin/../lib/gcc/arm-none-eabi/13.3.1/thumb/v7-m/nofp/crtn.o
                0x08004b48                        . = ALIGN (0x4)
                0x08004b48                        _etext = .

.vfp11_veneer   0x08004b48        0x0
 .vfp11_veneer  0x08004b48        0x0 linker stubs

.v4_bx          0x08004b48        0x0
 .v4_bx         0x08004b48        0x0 linker stubs

.iplt           0x08004b48        0x0
 .iplt          0x08004b48        0x0 D:/Program Files (x86)/STM32CubeIDE_1.19.0/STM32CubeIDE/plugins/com.st.stm32cube.ide.mcu.externaltools.gnu-tools-for-stm32.13.3.rel1.win32_1.0.0.202411081344/tools/bin/../lib/gcc/arm-none-eabi/13.3.1/thumb/v7-m/nofp/crtbegin.o

.rodata         0x08004b48     0x14f0
                0x08004b48                        . = ALIGN (0x4)
 *(.rodata)
 .rodata        0x08004b48       0x45 ./APP/games/Dino.o
 *fill*         0x08004b8d        0x3 
 .rodata        0x08004b90       0x1f ./APP/games/start_war.o
 *fill*         0x08004baf        0x1 
 .rodata        0x08004bb0       0x20 ./APP/info.o
 .rodata        0x08004bd0       0x65 ./APP/menu.o
 *fill*         0x08004c35        0x3 
 .rodata        0x08004c38       0x10 ./Drivers/STM32F1xx_HAL_Driver/Src/stm32f1xx_hal_rcc.o
 .rodata        0x08004c48       0x10 ./Drivers/STM32F1xx_HAL_Driver/Src/stm32f1xx_hal_rcc_ex.o
 *(.rodata*)
 .rodata.dino_crashedData
                0x08004c58       0x3f ./APP/games/Dino.o
                0x08004c58                dino_crashedData
 *fill*         0x08004c97        0x1 
 .rodata.dino_crashedImg
                0x08004c98        0x8 ./APP/games/Dino.o
                0x08004c98                dino_crashedImg
 .rodata.dino_front_legData
                0x08004ca0       0x3f ./APP/games/Dino.o
                0x08004ca0                dino_front_legData
 *fill*         0x08004cdf        0x1 
 .rodata.dino_front_legImg
                0x08004ce0        0x8 ./APP/games/Dino.o
                0x08004ce0                dino_front_legImg
 .rodata.dino_back_legData
                0x08004ce8       0x3f ./APP/games/Dino.o
                0x08004ce8                dino_back_legData
 *fill*         0x08004d27        0x1 
 .rodata.dino_back_legImg
                0x08004d28        0x8 ./APP/games/Dino.o
                0x08004d28                dino_back_legImg
 .rodata.dino_jumpsData
                0x08004d30       0x3f ./APP/games/Dino.o
                0x08004d30                dino_jumpsData
 *fill*         0x08004d6f        0x1 
 .rodata.dino_jumpsImg
                0x08004d70        0x8 ./APP/games/Dino.o
                0x08004d70                dino_jumpsImg
 .rodata.tree_smallData
                0x08004d78        0xc ./APP/games/Dino.o
                0x08004d78                tree_smallData
 .rodata.tree_smallImg
                0x08004d84        0x8 ./APP/games/Dino.o
                0x08004d84                tree_smallImg
 .rodata.tree_bigData
                0x08004d8c       0x24 ./APP/games/Dino.o
                0x08004d8c                tree_bigData
 .rodata.tree_bigImg
                0x08004db0        0x8 ./APP/games/Dino.o
                0x08004db0                tree_bigImg
 .rodata.time_distance
                0x08004db8       0x26 ./APP/games/Dino.o
                0x08004db8                time_distance
 *fill*         0x08004dde        0x2 
 .rodata.AHBPrescTable
                0x08004de0       0x10 ./Core/Src/system_stm32f1xx.o
                0x08004de0                AHBPrescTable
 .rodata.APBPrescTable
                0x08004df0        0x8 ./Core/Src/system_stm32f1xx.o
                0x08004df0                APBPrescTable
 .rodata.ascii_12x6
                0x08004df8      0x474 ./Drivers/BSP/OLED/font.o
                0x08004df8                ascii_12x6
 .rodata.afont12x6
                0x0800526c        0x8 ./Drivers/BSP/OLED/font.o
                0x0800526c                afont12x6
 .rodata.ascii_16x8
                0x08005274      0x5f0 ./Drivers/BSP/OLED/font.o
                0x08005274                ascii_16x8
 .rodata.afont16x8
                0x08005864        0x8 ./Drivers/BSP/OLED/font.o
                0x08005864                afont16x8
 .rodata.zh16x16
                0x0800586c      0x60c ./Drivers/BSP/OLED/font.o
                0x0800586c                zh16x16
 .rodata.font16x16
                0x08005e78       0x10 ./Drivers/BSP/OLED/font.o
                0x08005e78                font16x16
 .rodata.zh12x12
                0x08005e88      0x150 ./Drivers/BSP/OLED/font.o
                0x08005e88                zh12x12
 .rodata.font12x12
                0x08005fd8       0x10 ./Drivers/BSP/OLED/font.o
                0x08005fd8                font12x12
 .rodata.Arrow_Data
                0x08005fe8       0x14 ./Drivers/BSP/OLED/font.o
                0x08005fe8                Arrow_Data
 .rodata.Arrow_Data_Img
                0x08005ffc        0x8 ./Drivers/BSP/OLED/font.o
                0x08005ffc                Arrow_Data_Img
 .rodata._svfprintf_r.str1.1
                0x08006004       0x33 D:/Program Files (x86)/STM32CubeIDE_1.19.0/STM32CubeIDE/plugins/com.st.stm32cube.ide.mcu.externaltools.gnu-tools-for-stm32.13.3.rel1.win32_1.0.0.202411081344/tools/bin/../lib/gcc/arm-none-eabi/13.3.1/../../../../arm-none-eabi/lib/thumb/v7-m/nofp\libc_nano.a(libc_a-nano-svfprintf.o)
                                 0x11 (size before relaxing)
 .rodata._printf_i.str1.1
                0x08006037       0x22 D:/Program Files (x86)/STM32CubeIDE_1.19.0/STM32CubeIDE/plugins/com.st.stm32cube.ide.mcu.externaltools.gnu-tools-for-stm32.13.3.rel1.win32_1.0.0.202411081344/tools/bin/../lib/gcc/arm-none-eabi/13.3.1/../../../../arm-none-eabi/lib/thumb/v7-m/nofp\libc_nano.a(libc_a-nano-vfprintf_i.o)
                0x0800605c                        . = ALIGN (0x4)
 *fill*         0x08006037        0x1 

.rel.dyn        0x08006038        0x0
 .rel.iplt      0x08006038        0x0 D:/Program Files (x86)/STM32CubeIDE_1.19.0/STM32CubeIDE/plugins/com.st.stm32cube.ide.mcu.externaltools.gnu-tools-for-stm32.13.3.rel1.win32_1.0.0.202411081344/tools/bin/../lib/gcc/arm-none-eabi/13.3.1/thumb/v7-m/nofp/crtbegin.o

.ARM.extab      0x08006038        0x0
                0x08006038                        . = ALIGN (0x4)
 *(.ARM.extab* .gnu.linkonce.armextab.*)
                0x08006038                        . = ALIGN (0x4)

.ARM            0x08006038        0x0
                0x08006038                        . = ALIGN (0x4)
                0x08006038                        __exidx_start = .
 *(.ARM.exidx*)
                0x08006038                        __exidx_end = .
                0x08006038                        . = ALIGN (0x4)

.preinit_array  0x08006038        0x0
                0x08006038                        . = ALIGN (0x4)
                0x08006038                        PROVIDE (__preinit_array_start = .)
 *(.preinit_array*)
                0x08006038                        PROVIDE (__preinit_array_end = .)
                0x08006038                        . = ALIGN (0x4)

.init_array     0x08006038        0x4
                0x08006038                        . = ALIGN (0x4)
                0x08006038                        PROVIDE (__init_array_start = .)
 *(SORT_BY_NAME(.init_array.*))
 *(.init_array*)
 .init_array    0x08006038        0x4 D:/Program Files (x86)/STM32CubeIDE_1.19.0/STM32CubeIDE/plugins/com.st.stm32cube.ide.mcu.externaltools.gnu-tools-for-stm32.13.3.rel1.win32_1.0.0.202411081344/tools/bin/../lib/gcc/arm-none-eabi/13.3.1/thumb/v7-m/nofp/crtbegin.o
                0x0800603c                        PROVIDE (__init_array_end = .)
                0x0800603c                        . = ALIGN (0x4)

.fini_array     0x0800603c        0x4
                0x0800603c                        . = ALIGN (0x4)
                [!provide]                        PROVIDE (__fini_array_start = .)
 *(SORT_BY_NAME(.fini_array.*))
 *(.fini_array*)
 .fini_array    0x0800603c        0x4 D:/Program Files (x86)/STM32CubeIDE_1.19.0/STM32CubeIDE/plugins/com.st.stm32cube.ide.mcu.externaltools.gnu-tools-for-stm32.13.3.rel1.win32_1.0.0.202411081344/tools/bin/../lib/gcc/arm-none-eabi/13.3.1/thumb/v7-m/nofp/crtbegin.o
                [!provide]                        PROVIDE (__fini_array_end = .)
                0x08006040                        . = ALIGN (0x4)
                0x08006040                        _sidata = LOADADDR (.data)

.data           0x20000000       0x84 load address 0x08006040
                0x20000000                        . = ALIGN (0x4)
                0x20000000                        _sdata = .
 *(.data)
 *(.data*)
 .data.flying_saucer_position_y
                0x20000000        0x4 ./APP/games/start_war.o
                0x20000000                flying_saucer_position_y
 .data.rx       0x20000004        0x4 ./APP/games/start_war.o
                0x20000004                rx
 .data.rx2      0x20000008        0x4 ./APP/games/start_war.o
                0x20000008                rx2
 .data.rx3      0x2000000c        0x4 ./APP/games/start_war.o
                0x2000000c                rx3
 .data.flying_saucer_bullet_speed
                0x20000010        0x4 ./APP/games/start_war.o
                0x20000010                flying_saucer_bullet_speed
 .data.flying_saucer_move_step
                0x20000014        0x4 ./APP/games/start_war.o
                0x20000014                flying_saucer_move_step
 .data.flying_saucer_radius
                0x20000018        0x4 ./APP/games/start_war.o
                0x20000018                flying_saucer_radius
 .data.rx4      0x2000001c        0x4 ./APP/games/start_war.o
                0x2000001c                rx4
 .data.life_count
                0x20000020        0x4 ./APP/games/start_war.o
                0x20000020                life_count
 .data.level    0x20000024        0x4 ./APP/games/start_war.o
                0x20000024                level
 .data.SystemCoreClock
                0x20000028        0x4 ./Core/Src/system_stm32f1xx.o
                0x20000028                SystemCoreClock
 .data.uwTickPrio
                0x2000002c        0x4 ./Drivers/STM32F1xx_HAL_Driver/Src/stm32f1xx_hal.o
                0x2000002c                uwTickPrio
 .data.uwTickFreq
                0x20000030        0x1 ./Drivers/STM32F1xx_HAL_Driver/Src/stm32f1xx_hal.o
                0x20000030                uwTickFreq
 *fill*         0x20000031        0x3 
 .data._impure_ptr
                0x20000034        0x4 D:/Program Files (x86)/STM32CubeIDE_1.19.0/STM32CubeIDE/plugins/com.st.stm32cube.ide.mcu.externaltools.gnu-tools-for-stm32.13.3.rel1.win32_1.0.0.202411081344/tools/bin/../lib/gcc/arm-none-eabi/13.3.1/../../../../arm-none-eabi/lib/thumb/v7-m/nofp\libc_nano.a(libc_a-impure.o)
                0x20000034                _impure_ptr
 .data._impure_data
                0x20000038       0x4c D:/Program Files (x86)/STM32CubeIDE_1.19.0/STM32CubeIDE/plugins/com.st.stm32cube.ide.mcu.externaltools.gnu-tools-for-stm32.13.3.rel1.win32_1.0.0.202411081344/tools/bin/../lib/gcc/arm-none-eabi/13.3.1/../../../../arm-none-eabi/lib/thumb/v7-m/nofp\libc_nano.a(libc_a-impure.o)
                0x20000038                _impure_data
 *(.RamFunc)
 *(.RamFunc*)
                0x20000084                        . = ALIGN (0x4)
                0x20000084                        _edata = .

.igot.plt       0x20000084        0x0 load address 0x080060c4
 .igot.plt      0x20000084        0x0 D:/Program Files (x86)/STM32CubeIDE_1.19.0/STM32CubeIDE/plugins/com.st.stm32cube.ide.mcu.externaltools.gnu-tools-for-stm32.13.3.rel1.win32_1.0.0.202411081344/tools/bin/../lib/gcc/arm-none-eabi/13.3.1/thumb/v7-m/nofp/crtbegin.o
                0x20000084                        . = ALIGN (0x4)

.bss            0x20000084      0x6b4 load address 0x080060c4
                0x20000084                        _sbss = .
                0x20000084                        __bss_start__ = _sbss
 *(.bss)
 .bss           0x20000084       0x1c D:/Program Files (x86)/STM32CubeIDE_1.19.0/STM32CubeIDE/plugins/com.st.stm32cube.ide.mcu.externaltools.gnu-tools-for-stm32.13.3.rel1.win32_1.0.0.202411081344/tools/bin/../lib/gcc/arm-none-eabi/13.3.1/thumb/v7-m/nofp/crtbegin.o
 *(.bss*)
 .bss.highest_score
                0x200000a0        0x4 ./APP/games/Dino.o
                0x200000a0                highest_score
 .bss.tmp.1     0x200000a4        0xf ./APP/games/Dino.o
 *fill*         0x200000b3        0x1 
 .bss.interval.0
                0x200000b4        0x2 ./APP/games/Dino.o
 *fill*         0x200000b6        0x2 
 .bss.metx      0x200000b8        0x4 ./APP/games/start_war.o
                0x200000b8                metx
 .bss.mety      0x200000bc        0x4 ./APP/games/start_war.o
                0x200000bc                mety
 .bss.bullet_exit
                0x200000c0        0x4 ./APP/games/start_war.o
                0x200000c0                bullet_exit
 .bss.direction
                0x200000c4        0x4 ./APP/games/start_war.o
                0x200000c4                direction
 .bss.gameover  0x200000c8        0x4 ./APP/games/start_war.o
                0x200000c8                gameover
 .bss.ry        0x200000cc        0x4 ./APP/games/start_war.o
                0x200000cc                ry
 .bss.ry2       0x200000d0        0x4 ./APP/games/start_war.o
                0x200000d0                ry2
 .bss.ry3       0x200000d4        0x4 ./APP/games/start_war.o
                0x200000d4                ry3
 .bss.score     0x200000d8        0x4 ./APP/games/start_war.o
                0x200000d8                score
 .bss.ry4       0x200000dc        0x4 ./APP/games/start_war.o
                0x200000dc                ry4
 .bss.poc       0x200000e0        0x4 ./APP/games/start_war.o
                0x200000e0                poc
 .bss.flying_saucer_bullet_size_level
                0x200000e4        0x4 ./APP/games/start_war.o
                0x200000e4                flying_saucer_bullet_size_level
 .bss.game_begin_time
                0x200000e8        0x4 ./APP/games/start_war.o
                0x200000e8                game_begin_time
 .bss.flying_saucer_bullet_occur_time
                0x200000ec        0x4 ./APP/games/start_war.o
                0x200000ec                flying_saucer_bullet_occur_time
 .bss.game_total_time
                0x200000f0        0x4 ./APP/games/start_war.o
                0x200000f0                game_total_time
 .bss.level_time
                0x200000f4        0x4 ./APP/games/start_war.o
                0x200000f4                level_time
 .bss.KeyNum    0x200000f8        0x1 ./APP/menu.o
                0x200000f8                KeyNum
 *fill*         0x200000f9        0x3 
 .bss.hi2c1     0x200000fc       0x54 ./Core/Src/i2c.o
                0x200000fc                hi2c1
 .bss.hrtc      0x20000150       0x14 ./Core/Src/rtc.o
                0x20000150                hrtc
 .bss.__sbrk_heap_end
                0x20000164        0x4 ./Core/Src/sysmem.o
 .bss.OLED_GRAM
                0x20000168      0x400 ./Drivers/BSP/OLED/oled.o
                0x20000168                OLED_GRAM
 .bss.send_buf.2
                0x20000568       0x81 ./Drivers/BSP/OLED/oled.o
 .bss.temp.1    0x200005e9        0x1 ./Drivers/BSP/OLED/oled.o
 .bss.temp.0    0x200005ea        0x1 ./Drivers/BSP/OLED/oled.o
 *fill*         0x200005eb        0x1 
 .bss.uwTick    0x200005ec        0x4 ./Drivers/STM32F1xx_HAL_Driver/Src/stm32f1xx_hal.o
                0x200005ec                uwTick
 .bss.__sf      0x200005f0      0x138 D:/Program Files (x86)/STM32CubeIDE_1.19.0/STM32CubeIDE/plugins/com.st.stm32cube.ide.mcu.externaltools.gnu-tools-for-stm32.13.3.rel1.win32_1.0.0.202411081344/tools/bin/../lib/gcc/arm-none-eabi/13.3.1/../../../../arm-none-eabi/lib/thumb/v7-m/nofp\libc_nano.a(libc_a-findfp.o)
                0x200005f0                __sf
 .bss.errno     0x20000728        0x4 D:/Program Files (x86)/STM32CubeIDE_1.19.0/STM32CubeIDE/plugins/com.st.stm32cube.ide.mcu.externaltools.gnu-tools-for-stm32.13.3.rel1.win32_1.0.0.202411081344/tools/bin/../lib/gcc/arm-none-eabi/13.3.1/../../../../arm-none-eabi/lib/thumb/v7-m/nofp\libc_nano.a(libc_a-reent.o)
                0x20000728                errno
 .bss.__lock___malloc_recursive_mutex
                0x2000072c        0x1 D:/Program Files (x86)/STM32CubeIDE_1.19.0/STM32CubeIDE/plugins/com.st.stm32cube.ide.mcu.externaltools.gnu-tools-for-stm32.13.3.rel1.win32_1.0.0.202411081344/tools/bin/../lib/gcc/arm-none-eabi/13.3.1/../../../../arm-none-eabi/lib/thumb/v7-m/nofp\libc_nano.a(libc_a-lock.o)
                0x2000072c                __lock___malloc_recursive_mutex
 *fill*         0x2000072d        0x3 
 .bss.__malloc_sbrk_start
                0x20000730        0x4 D:/Program Files (x86)/STM32CubeIDE_1.19.0/STM32CubeIDE/plugins/com.st.stm32cube.ide.mcu.externaltools.gnu-tools-for-stm32.13.3.rel1.win32_1.0.0.202411081344/tools/bin/../lib/gcc/arm-none-eabi/13.3.1/../../../../arm-none-eabi/lib/thumb/v7-m/nofp\libc_nano.a(libc_a-mallocr.o)
                0x20000730                __malloc_sbrk_start
 .bss.__malloc_free_list
                0x20000734        0x4 D:/Program Files (x86)/STM32CubeIDE_1.19.0/STM32CubeIDE/plugins/com.st.stm32cube.ide.mcu.externaltools.gnu-tools-for-stm32.13.3.rel1.win32_1.0.0.202411081344/tools/bin/../lib/gcc/arm-none-eabi/13.3.1/../../../../arm-none-eabi/lib/thumb/v7-m/nofp\libc_nano.a(libc_a-mallocr.o)
                0x20000734                __malloc_free_list
 *(COMMON)
                0x20000738                        . = ALIGN (0x4)
                0x20000738                        _ebss = .
                0x20000738                        __bss_end__ = _ebss

._user_heap_stack
                0x20000738      0x600 load address 0x080060c4
                0x20000738                        . = ALIGN (0x8)
                [!provide]                        PROVIDE (end = .)
                0x20000738                        PROVIDE (_end = .)
                0x20000938                        . = (. + _Min_Heap_Size)
 *fill*         0x20000738      0x200 
                0x20000d38                        . = (. + _Min_Stack_Size)
 *fill*         0x20000938      0x400 
                0x20000d38                        . = ALIGN (0x8)

/DISCARD/
 libc.a(*)
 libm.a(*)
 libgcc.a(*)

.ARM.attributes
                0x00000000       0x29
 *(.ARM.attributes)
 .ARM.attributes
                0x00000000       0x1d D:/Program Files (x86)/STM32CubeIDE_1.19.0/STM32CubeIDE/plugins/com.st.stm32cube.ide.mcu.externaltools.gnu-tools-for-stm32.13.3.rel1.win32_1.0.0.202411081344/tools/bin/../lib/gcc/arm-none-eabi/13.3.1/thumb/v7-m/nofp/crti.o
 .ARM.attributes
                0x0000001d       0x2d D:/Program Files (x86)/STM32CubeIDE_1.19.0/STM32CubeIDE/plugins/com.st.stm32cube.ide.mcu.externaltools.gnu-tools-for-stm32.13.3.rel1.win32_1.0.0.202411081344/tools/bin/../lib/gcc/arm-none-eabi/13.3.1/thumb/v7-m/nofp/crtbegin.o
 .ARM.attributes
                0x0000004a       0x2d ./APP/games/Dino.o
 .ARM.attributes
                0x00000077       0x2d ./APP/games/start_war.o
 .ARM.attributes
                0x000000a4       0x2d ./APP/info.o
 .ARM.attributes
                0x000000d1       0x2d ./APP/menu.o
 .ARM.attributes
                0x000000fe       0x2d ./Core/Src/gpio.o
 .ARM.attributes
                0x0000012b       0x2d ./Core/Src/i2c.o
 .ARM.attributes
                0x00000158       0x2d ./Core/Src/main.o
 .ARM.attributes
                0x00000185       0x2d ./Core/Src/rtc.o
 .ARM.attributes
                0x000001b2       0x2d ./Core/Src/stm32f1xx_hal_msp.o
 .ARM.attributes
                0x000001df       0x2d ./Core/Src/stm32f1xx_it.o
 .ARM.attributes
                0x0000020c       0x2d ./Core/Src/sysmem.o
 .ARM.attributes
                0x00000239       0x2d ./Core/Src/system_stm32f1xx.o
 .ARM.attributes
                0x00000266       0x21 ./Core/Startup/startup_stm32f103c8tx.o
 .ARM.attributes
                0x00000287       0x2d ./Drivers/BSP/KEY/key.o
 .ARM.attributes
                0x000002b4       0x2d ./Drivers/BSP/OLED/font.o
 .ARM.attributes
                0x000002e1       0x2d ./Drivers/BSP/OLED/oled.o
 .ARM.attributes
                0x0000030e       0x2d ./Drivers/STM32F1xx_HAL_Driver/Src/stm32f1xx_hal.o
 .ARM.attributes
                0x0000033b       0x2d ./Drivers/STM32F1xx_HAL_Driver/Src/stm32f1xx_hal_cortex.o
 .ARM.attributes
                0x00000368       0x2d ./Drivers/STM32F1xx_HAL_Driver/Src/stm32f1xx_hal_gpio.o
 .ARM.attributes
                0x00000395       0x2d ./Drivers/STM32F1xx_HAL_Driver/Src/stm32f1xx_hal_i2c.o
 .ARM.attributes
                0x000003c2       0x2d ./Drivers/STM32F1xx_HAL_Driver/Src/stm32f1xx_hal_pwr.o
 .ARM.attributes
                0x000003ef       0x2d ./Drivers/STM32F1xx_HAL_Driver/Src/stm32f1xx_hal_rcc.o
 .ARM.attributes
                0x0000041c       0x2d ./Drivers/STM32F1xx_HAL_Driver/Src/stm32f1xx_hal_rcc_ex.o
 .ARM.attributes
                0x00000449       0x2d ./Drivers/STM32F1xx_HAL_Driver/Src/stm32f1xx_hal_rtc.o
 .ARM.attributes
                0x00000476       0x2d ./Drivers/STM32F1xx_HAL_Driver/Src/stm32f1xx_hal_rtc_ex.o
 .ARM.attributes
                0x000004a3       0x2d D:/Program Files (x86)/STM32CubeIDE_1.19.0/STM32CubeIDE/plugins/com.st.stm32cube.ide.mcu.externaltools.gnu-tools-for-stm32.13.3.rel1.win32_1.0.0.202411081344/tools/bin/../lib/gcc/arm-none-eabi/13.3.1/../../../../arm-none-eabi/lib/thumb/v7-m/nofp\libc_nano.a(libc_a-findfp.o)
 .ARM.attributes
                0x000004d0       0x2d D:/Program Files (x86)/STM32CubeIDE_1.19.0/STM32CubeIDE/plugins/com.st.stm32cube.ide.mcu.externaltools.gnu-tools-for-stm32.13.3.rel1.win32_1.0.0.202411081344/tools/bin/../lib/gcc/arm-none-eabi/13.3.1/../../../../arm-none-eabi/lib/thumb/v7-m/nofp\libc_nano.a(libc_a-sprintf.o)
 .ARM.attributes
                0x000004fd       0x2d D:/Program Files (x86)/STM32CubeIDE_1.19.0/STM32CubeIDE/plugins/com.st.stm32cube.ide.mcu.externaltools.gnu-tools-for-stm32.13.3.rel1.win32_1.0.0.202411081344/tools/bin/../lib/gcc/arm-none-eabi/13.3.1/../../../../arm-none-eabi/lib/thumb/v7-m/nofp\libc_nano.a(libc_a-memcmp.o)
 .ARM.attributes
                0x0000052a       0x2d D:/Program Files (x86)/STM32CubeIDE_1.19.0/STM32CubeIDE/plugins/com.st.stm32cube.ide.mcu.externaltools.gnu-tools-for-stm32.13.3.rel1.win32_1.0.0.202411081344/tools/bin/../lib/gcc/arm-none-eabi/13.3.1/../../../../arm-none-eabi/lib/thumb/v7-m/nofp\libc_nano.a(libc_a-memset.o)
 .ARM.attributes
                0x00000557       0x2d D:/Program Files (x86)/STM32CubeIDE_1.19.0/STM32CubeIDE/plugins/com.st.stm32cube.ide.mcu.externaltools.gnu-tools-for-stm32.13.3.rel1.win32_1.0.0.202411081344/tools/bin/../lib/gcc/arm-none-eabi/13.3.1/../../../../arm-none-eabi/lib/thumb/v7-m/nofp\libc_nano.a(libc_a-reent.o)
 .ARM.attributes
                0x00000584       0x2d D:/Program Files (x86)/STM32CubeIDE_1.19.0/STM32CubeIDE/plugins/com.st.stm32cube.ide.mcu.externaltools.gnu-tools-for-stm32.13.3.rel1.win32_1.0.0.202411081344/tools/bin/../lib/gcc/arm-none-eabi/13.3.1/../../../../arm-none-eabi/lib/thumb/v7-m/nofp\libc_nano.a(libc_a-impure.o)
 .ARM.attributes
                0x000005b1       0x2d D:/Program Files (x86)/STM32CubeIDE_1.19.0/STM32CubeIDE/plugins/com.st.stm32cube.ide.mcu.externaltools.gnu-tools-for-stm32.13.3.rel1.win32_1.0.0.202411081344/tools/bin/../lib/gcc/arm-none-eabi/13.3.1/../../../../arm-none-eabi/lib/thumb/v7-m/nofp\libc_nano.a(libc_a-errno.o)
 .ARM.attributes
                0x000005de       0x2d D:/Program Files (x86)/STM32CubeIDE_1.19.0/STM32CubeIDE/plugins/com.st.stm32cube.ide.mcu.externaltools.gnu-tools-for-stm32.13.3.rel1.win32_1.0.0.202411081344/tools/bin/../lib/gcc/arm-none-eabi/13.3.1/../../../../arm-none-eabi/lib/thumb/v7-m/nofp\libc_nano.a(libc_a-init.o)
 .ARM.attributes
                0x0000060b       0x2d D:/Program Files (x86)/STM32CubeIDE_1.19.0/STM32CubeIDE/plugins/com.st.stm32cube.ide.mcu.externaltools.gnu-tools-for-stm32.13.3.rel1.win32_1.0.0.202411081344/tools/bin/../lib/gcc/arm-none-eabi/13.3.1/../../../../arm-none-eabi/lib/thumb/v7-m/nofp\libc_nano.a(libc_a-lock.o)
 .ARM.attributes
                0x00000638       0x2d D:/Program Files (x86)/STM32CubeIDE_1.19.0/STM32CubeIDE/plugins/com.st.stm32cube.ide.mcu.externaltools.gnu-tools-for-stm32.13.3.rel1.win32_1.0.0.202411081344/tools/bin/../lib/gcc/arm-none-eabi/13.3.1/../../../../arm-none-eabi/lib/thumb/v7-m/nofp\libc_nano.a(libc_a-memcpy-stub.o)
 .ARM.attributes
                0x00000665       0x2d D:/Program Files (x86)/STM32CubeIDE_1.19.0/STM32CubeIDE/plugins/com.st.stm32cube.ide.mcu.externaltools.gnu-tools-for-stm32.13.3.rel1.win32_1.0.0.202411081344/tools/bin/../lib/gcc/arm-none-eabi/13.3.1/../../../../arm-none-eabi/lib/thumb/v7-m/nofp\libc_nano.a(libc_a-freer.o)
 .ARM.attributes
                0x00000692       0x2d D:/Program Files (x86)/STM32CubeIDE_1.19.0/STM32CubeIDE/plugins/com.st.stm32cube.ide.mcu.externaltools.gnu-tools-for-stm32.13.3.rel1.win32_1.0.0.202411081344/tools/bin/../lib/gcc/arm-none-eabi/13.3.1/../../../../arm-none-eabi/lib/thumb/v7-m/nofp\libc_nano.a(libc_a-mallocr.o)
 .ARM.attributes
                0x000006bf       0x2d D:/Program Files (x86)/STM32CubeIDE_1.19.0/STM32CubeIDE/plugins/com.st.stm32cube.ide.mcu.externaltools.gnu-tools-for-stm32.13.3.rel1.win32_1.0.0.202411081344/tools/bin/../lib/gcc/arm-none-eabi/13.3.1/../../../../arm-none-eabi/lib/thumb/v7-m/nofp\libc_nano.a(libc_a-mlock.o)
 .ARM.attributes
                0x000006ec       0x2d D:/Program Files (x86)/STM32CubeIDE_1.19.0/STM32CubeIDE/plugins/com.st.stm32cube.ide.mcu.externaltools.gnu-tools-for-stm32.13.3.rel1.win32_1.0.0.202411081344/tools/bin/../lib/gcc/arm-none-eabi/13.3.1/../../../../arm-none-eabi/lib/thumb/v7-m/nofp\libc_nano.a(libc_a-nano-svfprintf.o)
 .ARM.attributes
                0x00000719       0x2d D:/Program Files (x86)/STM32CubeIDE_1.19.0/STM32CubeIDE/plugins/com.st.stm32cube.ide.mcu.externaltools.gnu-tools-for-stm32.13.3.rel1.win32_1.0.0.202411081344/tools/bin/../lib/gcc/arm-none-eabi/13.3.1/../../../../arm-none-eabi/lib/thumb/v7-m/nofp\libc_nano.a(libc_a-nano-vfprintf_i.o)
 .ARM.attributes
                0x00000746       0x2d D:/Program Files (x86)/STM32CubeIDE_1.19.0/STM32CubeIDE/plugins/com.st.stm32cube.ide.mcu.externaltools.gnu-tools-for-stm32.13.3.rel1.win32_1.0.0.202411081344/tools/bin/../lib/gcc/arm-none-eabi/13.3.1/../../../../arm-none-eabi/lib/thumb/v7-m/nofp\libc_nano.a(libc_a-memmove.o)
 .ARM.attributes
                0x00000773       0x2d D:/Program Files (x86)/STM32CubeIDE_1.19.0/STM32CubeIDE/plugins/com.st.stm32cube.ide.mcu.externaltools.gnu-tools-for-stm32.13.3.rel1.win32_1.0.0.202411081344/tools/bin/../lib/gcc/arm-none-eabi/13.3.1/../../../../arm-none-eabi/lib/thumb/v7-m/nofp\libc_nano.a(libc_a-sbrkr.o)
 .ARM.attributes
                0x000007a0       0x2d D:/Program Files (x86)/STM32CubeIDE_1.19.0/STM32CubeIDE/plugins/com.st.stm32cube.ide.mcu.externaltools.gnu-tools-for-stm32.13.3.rel1.win32_1.0.0.202411081344/tools/bin/../lib/gcc/arm-none-eabi/13.3.1/../../../../arm-none-eabi/lib/thumb/v7-m/nofp\libc_nano.a(libc_a-memchr-stub.o)
 .ARM.attributes
                0x000007cd       0x2d D:/Program Files (x86)/STM32CubeIDE_1.19.0/STM32CubeIDE/plugins/com.st.stm32cube.ide.mcu.externaltools.gnu-tools-for-stm32.13.3.rel1.win32_1.0.0.202411081344/tools/bin/../lib/gcc/arm-none-eabi/13.3.1/../../../../arm-none-eabi/lib/thumb/v7-m/nofp\libc_nano.a(libc_a-reallocr.o)
 .ARM.attributes
                0x000007fa       0x2d D:/Program Files (x86)/STM32CubeIDE_1.19.0/STM32CubeIDE/plugins/com.st.stm32cube.ide.mcu.externaltools.gnu-tools-for-stm32.13.3.rel1.win32_1.0.0.202411081344/tools/bin/../lib/gcc/arm-none-eabi/13.3.1/../../../../arm-none-eabi/lib/thumb/v7-m/nofp\libc_nano.a(libc_a-msizer.o)
 .ARM.attributes
                0x00000827       0x1d D:/Program Files (x86)/STM32CubeIDE_1.19.0/STM32CubeIDE/plugins/com.st.stm32cube.ide.mcu.externaltools.gnu-tools-for-stm32.13.3.rel1.win32_1.0.0.202411081344/tools/bin/../lib/gcc/arm-none-eabi/13.3.1/thumb/v7-m/nofp/crtn.o
OUTPUT(IIC_OLED_for_F103C8T6_menu.elf elf32-littlearm)
LOAD linker stubs
LOAD D:/Program Files (x86)/STM32CubeIDE_1.19.0/STM32CubeIDE/plugins/com.st.stm32cube.ide.mcu.externaltools.gnu-tools-for-stm32.13.3.rel1.win32_1.0.0.202411081344/tools/bin/../lib/gcc/arm-none-eabi/13.3.1/../../../../arm-none-eabi/lib/thumb/v7-m/nofp\libc.a
LOAD D:/Program Files (x86)/STM32CubeIDE_1.19.0/STM32CubeIDE/plugins/com.st.stm32cube.ide.mcu.externaltools.gnu-tools-for-stm32.13.3.rel1.win32_1.0.0.202411081344/tools/bin/../lib/gcc/arm-none-eabi/13.3.1/../../../../arm-none-eabi/lib/thumb/v7-m/nofp\libm.a
LOAD D:/Program Files (x86)/STM32CubeIDE_1.19.0/STM32CubeIDE/plugins/com.st.stm32cube.ide.mcu.externaltools.gnu-tools-for-stm32.13.3.rel1.win32_1.0.0.202411081344/tools/bin/../lib/gcc/arm-none-eabi/13.3.1/thumb/v7-m/nofp\libgcc.a

.debug_info     0x00000000     0xa687
 .debug_info    0x00000000      0x714 ./APP/games/Dino.o
 .debug_info    0x00000714      0x58e ./APP/games/start_war.o
 .debug_info    0x00000ca2      0x2a9 ./APP/info.o
 .debug_info    0x00000f4b      0x36c ./APP/menu.o
 .debug_info    0x000012b7      0x2da ./Core/Src/gpio.o
 .debug_info    0x00001591      0x7de ./Core/Src/i2c.o
 .debug_info    0x00001d6f      0x36c ./Core/Src/main.o
 .debug_info    0x000020db      0x612 ./Core/Src/rtc.o
 .debug_info    0x000026ed      0x1f1 ./Core/Src/stm32f1xx_hal_msp.o
 .debug_info    0x000028de      0x32e ./Core/Src/stm32f1xx_it.o
 .debug_info    0x00002c0c      0x168 ./Core/Src/sysmem.o
 .debug_info    0x00002d74      0x222 ./Core/Src/system_stm32f1xx.o
 .debug_info    0x00002f96       0x30 ./Core/Startup/startup_stm32f103c8tx.o
 .debug_info    0x00002fc6      0x1b2 ./Drivers/BSP/KEY/key.o
 .debug_info    0x00003178      0x35f ./Drivers/BSP/OLED/font.o
 .debug_info    0x000034d7     0x10b4 ./Drivers/BSP/OLED/oled.o
 .debug_info    0x0000458b      0x704 ./Drivers/STM32F1xx_HAL_Driver/Src/stm32f1xx_hal.o
 .debug_info    0x00004c8f      0xa87 ./Drivers/STM32F1xx_HAL_Driver/Src/stm32f1xx_hal_cortex.o
 .debug_info    0x00005716      0x5ab ./Drivers/STM32F1xx_HAL_Driver/Src/stm32f1xx_hal_gpio.o
 .debug_info    0x00005cc1     0x24eb ./Drivers/STM32F1xx_HAL_Driver/Src/stm32f1xx_hal_i2c.o
 .debug_info    0x000081ac      0x628 ./Drivers/STM32F1xx_HAL_Driver/Src/stm32f1xx_hal_pwr.o
 .debug_info    0x000087d4      0x7e9 ./Drivers/STM32F1xx_HAL_Driver/Src/stm32f1xx_hal_rcc.o
 .debug_info    0x00008fbd      0x3b0 ./Drivers/STM32F1xx_HAL_Driver/Src/stm32f1xx_hal_rcc_ex.o
 .debug_info    0x0000936d      0xc73 ./Drivers/STM32F1xx_HAL_Driver/Src/stm32f1xx_hal_rtc.o
 .debug_info    0x00009fe0      0x6a7 ./Drivers/STM32F1xx_HAL_Driver/Src/stm32f1xx_hal_rtc_ex.o

.debug_abbrev   0x00000000     0x2b68
 .debug_abbrev  0x00000000      0x23e ./APP/games/Dino.o
 .debug_abbrev  0x0000023e      0x247 ./APP/games/start_war.o
 .debug_abbrev  0x00000485      0x164 ./APP/info.o
 .debug_abbrev  0x000005e9      0x19c ./APP/menu.o
 .debug_abbrev  0x00000785      0x13f ./Core/Src/gpio.o
 .debug_abbrev  0x000008c4      0x1de ./Core/Src/i2c.o
 .debug_abbrev  0x00000aa2      0x1c6 ./Core/Src/main.o
 .debug_abbrev  0x00000c68      0x1c1 ./Core/Src/rtc.o
 .debug_abbrev  0x00000e29       0xdb ./Core/Src/stm32f1xx_hal_msp.o
 .debug_abbrev  0x00000f04      0x14a ./Core/Src/stm32f1xx_it.o
 .debug_abbrev  0x0000104e       0xbc ./Core/Src/sysmem.o
 .debug_abbrev  0x0000110a      0x13f ./Core/Src/system_stm32f1xx.o
 .debug_abbrev  0x00001249       0x24 ./Core/Startup/startup_stm32f103c8tx.o
 .debug_abbrev  0x0000126d      0x10a ./Drivers/BSP/KEY/key.o
 .debug_abbrev  0x00001377       0xf0 ./Drivers/BSP/OLED/font.o
 .debug_abbrev  0x00001467      0x307 ./Drivers/BSP/OLED/oled.o
 .debug_abbrev  0x0000176e      0x201 ./Drivers/STM32F1xx_HAL_Driver/Src/stm32f1xx_hal.o
 .debug_abbrev  0x0000196f      0x2f8 ./Drivers/STM32F1xx_HAL_Driver/Src/stm32f1xx_hal_cortex.o
 .debug_abbrev  0x00001c67      0x1ca ./Drivers/STM32F1xx_HAL_Driver/Src/stm32f1xx_hal_gpio.o
 .debug_abbrev  0x00001e31      0x2a3 ./Drivers/STM32F1xx_HAL_Driver/Src/stm32f1xx_hal_i2c.o
 .debug_abbrev  0x000020d4      0x1f6 ./Drivers/STM32F1xx_HAL_Driver/Src/stm32f1xx_hal_pwr.o
 .debug_abbrev  0x000022ca      0x2b1 ./Drivers/STM32F1xx_HAL_Driver/Src/stm32f1xx_hal_rcc.o
 .debug_abbrev  0x0000257b      0x188 ./Drivers/STM32F1xx_HAL_Driver/Src/stm32f1xx_hal_rcc_ex.o
 .debug_abbrev  0x00002703      0x23a ./Drivers/STM32F1xx_HAL_Driver/Src/stm32f1xx_hal_rtc.o
 .debug_abbrev  0x0000293d      0x22b ./Drivers/STM32F1xx_HAL_Driver/Src/stm32f1xx_hal_rtc_ex.o

.debug_aranges  0x00000000      0xb50
 .debug_aranges
                0x00000000       0x50 ./APP/games/Dino.o
 .debug_aranges
                0x00000050       0x38 ./APP/games/start_war.o
 .debug_aranges
                0x00000088       0x20 ./APP/info.o
 .debug_aranges
                0x000000a8       0x28 ./APP/menu.o
 .debug_aranges
                0x000000d0       0x20 ./Core/Src/gpio.o
 .debug_aranges
                0x000000f0       0x30 ./Core/Src/i2c.o
 .debug_aranges
                0x00000120       0x30 ./Core/Src/main.o
 .debug_aranges
                0x00000150       0x30 ./Core/Src/rtc.o
 .debug_aranges
                0x00000180       0x20 ./Core/Src/stm32f1xx_hal_msp.o
 .debug_aranges
                0x000001a0       0x68 ./Core/Src/stm32f1xx_it.o
 .debug_aranges
                0x00000208       0x20 ./Core/Src/sysmem.o
 .debug_aranges
                0x00000228       0x28 ./Core/Src/system_stm32f1xx.o
 .debug_aranges
                0x00000250       0x28 ./Core/Startup/startup_stm32f103c8tx.o
 .debug_aranges
                0x00000278       0x20 ./Drivers/BSP/KEY/key.o
 .debug_aranges
                0x00000298       0x18 ./Drivers/BSP/OLED/font.o
 .debug_aranges
                0x000002b0       0xe0 ./Drivers/BSP/OLED/oled.o
 .debug_aranges
                0x00000390       0xe0 ./Drivers/STM32F1xx_HAL_Driver/Src/stm32f1xx_hal.o
 .debug_aranges
                0x00000470      0x100 ./Drivers/STM32F1xx_HAL_Driver/Src/stm32f1xx_hal_cortex.o
 .debug_aranges
                0x00000570       0x58 ./Drivers/STM32F1xx_HAL_Driver/Src/stm32f1xx_hal_gpio.o
 .debug_aranges
                0x000005c8      0x2a0 ./Drivers/STM32F1xx_HAL_Driver/Src/stm32f1xx_hal_i2c.o
 .debug_aranges
                0x00000868       0xa8 ./Drivers/STM32F1xx_HAL_Driver/Src/stm32f1xx_hal_pwr.o
 .debug_aranges
                0x00000910       0x90 ./Drivers/STM32F1xx_HAL_Driver/Src/stm32f1xx_hal_rcc.o
 .debug_aranges
                0x000009a0       0x30 ./Drivers/STM32F1xx_HAL_Driver/Src/stm32f1xx_hal_rcc_ex.o
 .debug_aranges
                0x000009d0       0xf8 ./Drivers/STM32F1xx_HAL_Driver/Src/stm32f1xx_hal_rtc.o
 .debug_aranges
                0x00000ac8       0x88 ./Drivers/STM32F1xx_HAL_Driver/Src/stm32f1xx_hal_rtc_ex.o

.debug_rnglists
                0x00000000      0x88e
 .debug_rnglists
                0x00000000       0x4a ./APP/games/Dino.o
 .debug_rnglists
                0x0000004a       0x28 ./APP/games/start_war.o
 .debug_rnglists
                0x00000072       0x13 ./APP/info.o
 .debug_rnglists
                0x00000085       0x1b ./APP/menu.o
 .debug_rnglists
                0x000000a0       0x14 ./Core/Src/gpio.o
 .debug_rnglists
                0x000000b4       0x1f ./Core/Src/i2c.o
 .debug_rnglists
                0x000000d3       0x20 ./Core/Src/main.o
 .debug_rnglists
                0x000000f3       0x20 ./Core/Src/rtc.o
 .debug_rnglists
                0x00000113       0x13 ./Core/Src/stm32f1xx_hal_msp.o
 .debug_rnglists
                0x00000126       0x49 ./Core/Src/stm32f1xx_it.o
 .debug_rnglists
                0x0000016f       0x13 ./Core/Src/sysmem.o
 .debug_rnglists
                0x00000182       0x1a ./Core/Src/system_stm32f1xx.o
 .debug_rnglists
                0x0000019c       0x19 ./Core/Startup/startup_stm32f103c8tx.o
 .debug_rnglists
                0x000001b5       0x14 ./Drivers/BSP/KEY/key.o
 .debug_rnglists
                0x000001c9       0xbe ./Drivers/BSP/OLED/oled.o
 .debug_rnglists
                0x00000287       0xa3 ./Drivers/STM32F1xx_HAL_Driver/Src/stm32f1xx_hal.o
 .debug_rnglists
                0x0000032a       0xbb ./Drivers/STM32F1xx_HAL_Driver/Src/stm32f1xx_hal_cortex.o
 .debug_rnglists
                0x000003e5       0x3f ./Drivers/STM32F1xx_HAL_Driver/Src/stm32f1xx_hal_gpio.o
 .debug_rnglists
                0x00000424      0x23f ./Drivers/STM32F1xx_HAL_Driver/Src/stm32f1xx_hal_i2c.o
 .debug_rnglists
                0x00000663       0x7a ./Drivers/STM32F1xx_HAL_Driver/Src/stm32f1xx_hal_pwr.o
 .debug_rnglists
                0x000006dd       0x6c ./Drivers/STM32F1xx_HAL_Driver/Src/stm32f1xx_hal_rcc.o
 .debug_rnglists
                0x00000749       0x21 ./Drivers/STM32F1xx_HAL_Driver/Src/stm32f1xx_hal_rcc_ex.o
 .debug_rnglists
                0x0000076a       0xc1 ./Drivers/STM32F1xx_HAL_Driver/Src/stm32f1xx_hal_rtc.o
 .debug_rnglists
                0x0000082b       0x63 ./Drivers/STM32F1xx_HAL_Driver/Src/stm32f1xx_hal_rtc_ex.o

.debug_macro    0x00000000    0x19426
 .debug_macro   0x00000000      0x333 ./APP/games/Dino.o
 .debug_macro   0x00000333      0xacc ./APP/games/Dino.o
 .debug_macro   0x00000dff      0x21b ./APP/games/Dino.o
 .debug_macro   0x0000101a       0x2e ./APP/games/Dino.o
 .debug_macro   0x00001048       0x22 ./APP/games/Dino.o
 .debug_macro   0x0000106a       0x22 ./APP/games/Dino.o
 .debug_macro   0x0000108c       0x8e ./APP/games/Dino.o
 .debug_macro   0x0000111a       0x51 ./APP/games/Dino.o
 .debug_macro   0x0000116b      0x103 ./APP/games/Dino.o
 .debug_macro   0x0000126e       0x6a ./APP/games/Dino.o
 .debug_macro   0x000012d8      0x1df ./APP/games/Dino.o
 .debug_macro   0x000014b7       0x1c ./APP/games/Dino.o
 .debug_macro   0x000014d3       0x22 ./APP/games/Dino.o
 .debug_macro   0x000014f5       0xbd ./APP/games/Dino.o
 .debug_macro   0x000015b2      0xd23 ./APP/games/Dino.o
 .debug_macro   0x000022d5     0xe09e ./APP/games/Dino.o
 .debug_macro   0x00010373       0x6d ./APP/games/Dino.o
 .debug_macro   0x000103e0     0x3468 ./APP/games/Dino.o
 .debug_macro   0x00013848      0x190 ./APP/games/Dino.o
 .debug_macro   0x000139d8       0x5c ./APP/games/Dino.o
 .debug_macro   0x00013a34      0x5be ./APP/games/Dino.o
 .debug_macro   0x00013ff2      0x289 ./APP/games/Dino.o
 .debug_macro   0x0001427b      0x1cb ./APP/games/Dino.o
 .debug_macro   0x00014446      0x114 ./APP/games/Dino.o
 .debug_macro   0x0001455a      0x1b2 ./APP/games/Dino.o
 .debug_macro   0x0001470c       0x27 ./APP/games/Dino.o
 .debug_macro   0x00014733      0x136 ./APP/games/Dino.o
 .debug_macro   0x00014869      0x1bc ./APP/games/Dino.o
 .debug_macro   0x00014a25       0x34 ./APP/games/Dino.o
 .debug_macro   0x00014a59       0x3c ./APP/games/Dino.o
 .debug_macro   0x00014a95       0x57 ./APP/games/Dino.o
 .debug_macro   0x00014aec       0x88 ./APP/games/Dino.o
 .debug_macro   0x00014b74      0x241 ./APP/games/Dino.o
 .debug_macro   0x00014db5      0x287 ./APP/games/Dino.o
 .debug_macro   0x0001503c      0x141 ./APP/games/Dino.o
 .debug_macro   0x0001517d      0x1ef ./APP/games/Dino.o
 .debug_macro   0x0001536c       0xec ./APP/games/Dino.o
 .debug_macro   0x00015458       0x83 ./APP/games/Dino.o
 .debug_macro   0x000154db       0x40 ./APP/games/Dino.o
 .debug_macro   0x0001551b       0x61 ./APP/games/Dino.o
 .debug_macro   0x0001557c       0x24 ./APP/games/Dino.o
 .debug_macro   0x000155a0       0x43 ./APP/games/Dino.o
 .debug_macro   0x000155e3       0x34 ./APP/games/Dino.o
 .debug_macro   0x00015617      0x370 ./APP/games/Dino.o
 .debug_macro   0x00015987       0x16 ./APP/games/Dino.o
 .debug_macro   0x0001599d       0x4a ./APP/games/Dino.o
 .debug_macro   0x000159e7       0x34 ./APP/games/Dino.o
 .debug_macro   0x00015a1b       0x10 ./APP/games/Dino.o
 .debug_macro   0x00015a2b       0x58 ./APP/games/Dino.o
 .debug_macro   0x00015a83       0x8e ./APP/games/Dino.o
 .debug_macro   0x00015b11       0x1c ./APP/games/Dino.o
 .debug_macro   0x00015b2d      0x185 ./APP/games/Dino.o
 .debug_macro   0x00015cb2       0x10 ./APP/games/Dino.o
 .debug_macro   0x00015cc2       0x3c ./APP/games/Dino.o
 .debug_macro   0x00015cfe       0x20 ./APP/games/Dino.o
 .debug_macro   0x00015d1e       0x1c ./APP/games/Dino.o
 .debug_macro   0x00015d3a       0x10 ./APP/games/Dino.o
 .debug_macro   0x00015d4a       0x1c ./APP/games/Dino.o
 .debug_macro   0x00015d66       0x16 ./APP/games/Dino.o
 .debug_macro   0x00015d7c      0x146 ./APP/games/Dino.o
 .debug_macro   0x00015ec2       0x16 ./APP/games/Dino.o
 .debug_macro   0x00015ed8       0x16 ./APP/games/Dino.o
 .debug_macro   0x00015eee       0x29 ./APP/games/Dino.o
 .debug_macro   0x00015f17      0x2df ./APP/games/start_war.o
 .debug_macro   0x000161f6       0x5b ./APP/games/start_war.o
 .debug_macro   0x00016251       0x94 ./APP/games/start_war.o
 .debug_macro   0x000162e5       0x16 ./APP/games/start_war.o
 .debug_macro   0x000162fb       0x57 ./APP/games/start_war.o
 .debug_macro   0x00016352       0x9e ./APP/games/start_war.o
 .debug_macro   0x000163f0      0x112 ./APP/games/start_war.o
 .debug_macro   0x00016502       0x16 ./APP/games/start_war.o
 .debug_macro   0x00016518       0x56 ./APP/games/start_war.o
 .debug_macro   0x0001656e       0x16 ./APP/games/start_war.o
 .debug_macro   0x00016584       0x16 ./APP/games/start_war.o
 .debug_macro   0x0001659a       0x22 ./APP/games/start_war.o
 .debug_macro   0x000165bc      0x2a6 ./APP/info.o
 .debug_macro   0x00016862      0x2a6 ./APP/menu.o
 .debug_macro   0x00016b08      0x2a1 ./Core/Src/gpio.o
 .debug_macro   0x00016da9      0x1bb ./Core/Src/i2c.o
 .debug_macro   0x00016f64      0x2db ./Core/Src/main.o
 .debug_macro   0x0001723f       0x10 ./Core/Src/main.o
 .debug_macro   0x0001724f      0x1bb ./Core/Src/rtc.o
 .debug_macro   0x0001740a      0x1b1 ./Core/Src/stm32f1xx_hal_msp.o
 .debug_macro   0x000175bb      0x1bb ./Core/Src/stm32f1xx_it.o
 .debug_macro   0x00017776      0x112 ./Core/Src/sysmem.o
 .debug_macro   0x00017888      0x23c ./Core/Src/sysmem.o
 .debug_macro   0x00017ac4      0x1a2 ./Core/Src/system_stm32f1xx.o
 .debug_macro   0x00017c66      0x1c0 ./Drivers/BSP/KEY/key.o
 .debug_macro   0x00017e26       0x1c ./Drivers/BSP/KEY/key.o
 .debug_macro   0x00017e42      0x140 ./Drivers/BSP/OLED/font.o
 .debug_macro   0x00017f82      0x300 ./Drivers/BSP/OLED/oled.o
 .debug_macro   0x00018282      0x19b ./Drivers/BSP/OLED/oled.o
 .debug_macro   0x0001841d      0x1c6 ./Drivers/STM32F1xx_HAL_Driver/Src/stm32f1xx_hal.o
 .debug_macro   0x000185e3      0x1a2 ./Drivers/STM32F1xx_HAL_Driver/Src/stm32f1xx_hal_cortex.o
 .debug_macro   0x00018785      0x20d ./Drivers/STM32F1xx_HAL_Driver/Src/stm32f1xx_hal_gpio.o
 .debug_macro   0x00018992      0x1e9 ./Drivers/STM32F1xx_HAL_Driver/Src/stm32f1xx_hal_i2c.o
 .debug_macro   0x00018b7b      0x202 ./Drivers/STM32F1xx_HAL_Driver/Src/stm32f1xx_hal_pwr.o
 .debug_macro   0x00018d7d      0x1b4 ./Drivers/STM32F1xx_HAL_Driver/Src/stm32f1xx_hal_rcc.o
 .debug_macro   0x00018f31      0x1a2 ./Drivers/STM32F1xx_HAL_Driver/Src/stm32f1xx_hal_rcc_ex.o
 .debug_macro   0x000190d3      0x1b1 ./Drivers/STM32F1xx_HAL_Driver/Src/stm32f1xx_hal_rtc.o
 .debug_macro   0x00019284      0x1a2 ./Drivers/STM32F1xx_HAL_Driver/Src/stm32f1xx_hal_rtc_ex.o

.debug_line     0x00000000    0x13e75
 .debug_line    0x00000000      0xdba ./APP/games/Dino.o
 .debug_line    0x00000dba      0xb95 ./APP/games/start_war.o
 .debug_line    0x0000194f      0xa4b ./APP/info.o
 .debug_line    0x0000239a      0xb4d ./APP/menu.o
 .debug_line    0x00002ee7      0xa3b ./Core/Src/gpio.o
 .debug_line    0x00003922      0x8ef ./Core/Src/i2c.o
 .debug_line    0x00004211      0xb2c ./Core/Src/main.o
 .debug_line    0x00004d3d      0x902 ./Core/Src/rtc.o
 .debug_line    0x0000563f      0x889 ./Core/Src/stm32f1xx_hal_msp.o
 .debug_line    0x00005ec8      0x94e ./Core/Src/stm32f1xx_it.o
 .debug_line    0x00006816      0x725 ./Core/Src/sysmem.o
 .debug_line    0x00006f3b      0x906 ./Core/Src/system_stm32f1xx.o
 .debug_line    0x00007841       0x79 ./Core/Startup/startup_stm32f103c8tx.o
 .debug_line    0x000078ba      0x91b ./Drivers/BSP/KEY/key.o
 .debug_line    0x000081d5      0x70e ./Drivers/BSP/OLED/font.o
 .debug_line    0x000088e3     0x1139 ./Drivers/BSP/OLED/oled.o
 .debug_line    0x00009a1c      0xb37 ./Drivers/STM32F1xx_HAL_Driver/Src/stm32f1xx_hal.o
 .debug_line    0x0000a553      0xd01 ./Drivers/STM32F1xx_HAL_Driver/Src/stm32f1xx_hal_cortex.o
 .debug_line    0x0000b254      0xb92 ./Drivers/STM32F1xx_HAL_Driver/Src/stm32f1xx_hal_gpio.o
 .debug_line    0x0000bde6     0x3c88 ./Drivers/STM32F1xx_HAL_Driver/Src/stm32f1xx_hal_i2c.o
 .debug_line    0x0000fa6e      0xadb ./Drivers/STM32F1xx_HAL_Driver/Src/stm32f1xx_hal_pwr.o
 .debug_line    0x00010549      0xff2 ./Drivers/STM32F1xx_HAL_Driver/Src/stm32f1xx_hal_rcc.o
 .debug_line    0x0001153b      0xaa6 ./Drivers/STM32F1xx_HAL_Driver/Src/stm32f1xx_hal_rcc_ex.o
 .debug_line    0x00011fe1     0x1346 ./Drivers/STM32F1xx_HAL_Driver/Src/stm32f1xx_hal_rtc.o
 .debug_line    0x00013327      0xb4e ./Drivers/STM32F1xx_HAL_Driver/Src/stm32f1xx_hal_rtc_ex.o

.debug_str      0x00000000    0x85b5f
 .debug_str     0x00000000    0x85b5f ./APP/games/Dino.o
                              0x81c96 (size before relaxing)
 .debug_str     0x00085b5f    0x81bc1 ./APP/games/start_war.o
 .debug_str     0x00085b5f    0x813af ./APP/info.o
 .debug_str     0x00085b5f    0x813c5 ./APP/menu.o
 .debug_str     0x00085b5f    0x812c0 ./Core/Src/gpio.o
 .debug_str     0x00085b5f    0x7e572 ./Core/Src/i2c.o
 .debug_str     0x00085b5f    0x81612 ./Core/Src/main.o
 .debug_str     0x00085b5f    0x7e58d ./Core/Src/rtc.o
 .debug_str     0x00085b5f    0x7e040 ./Core/Src/stm32f1xx_hal_msp.o
 .debug_str     0x00085b5f    0x7e200 ./Core/Src/stm32f1xx_it.o
 .debug_str     0x00085b5f     0x771d ./Core/Src/sysmem.o
 .debug_str     0x00085b5f    0x7df97 ./Core/Src/system_stm32f1xx.o
 .debug_str     0x00085b5f       0x77 ./Core/Startup/startup_stm32f103c8tx.o
 .debug_str     0x00085b5f    0x7e130 ./Drivers/BSP/KEY/key.o
 .debug_str     0x00085b5f     0x7386 ./Drivers/BSP/OLED/font.o
 .debug_str     0x00085b5f    0x82261 ./Drivers/BSP/OLED/oled.o
 .debug_str     0x00085b5f    0x7e6ca ./Drivers/STM32F1xx_HAL_Driver/Src/stm32f1xx_hal.o
 .debug_str     0x00085b5f    0x7e616 ./Drivers/STM32F1xx_HAL_Driver/Src/stm32f1xx_hal_cortex.o
 .debug_str     0x00085b5f    0x7e31d ./Drivers/STM32F1xx_HAL_Driver/Src/stm32f1xx_hal_gpio.o
 .debug_str     0x00085b5f    0x7f00b ./Drivers/STM32F1xx_HAL_Driver/Src/stm32f1xx_hal_i2c.o
 .debug_str     0x00085b5f    0x7e4ce ./Drivers/STM32F1xx_HAL_Driver/Src/stm32f1xx_hal_pwr.o
 .debug_str     0x00085b5f    0x7e3c6 ./Drivers/STM32F1xx_HAL_Driver/Src/stm32f1xx_hal_rcc.o
 .debug_str     0x00085b5f    0x7e116 ./Drivers/STM32F1xx_HAL_Driver/Src/stm32f1xx_hal_rcc_ex.o
 .debug_str     0x00085b5f    0x7e4a2 ./Drivers/STM32F1xx_HAL_Driver/Src/stm32f1xx_hal_rtc.o
 .debug_str     0x00085b5f    0x7e2e4 ./Drivers/STM32F1xx_HAL_Driver/Src/stm32f1xx_hal_rtc_ex.o

.comment        0x00000000       0x43
 .comment       0x00000000       0x43 ./APP/games/Dino.o
                                 0x44 (size before relaxing)
 .comment       0x00000043       0x44 ./APP/games/start_war.o
 .comment       0x00000043       0x44 ./APP/info.o
 .comment       0x00000043       0x44 ./APP/menu.o
 .comment       0x00000043       0x44 ./Core/Src/gpio.o
 .comment       0x00000043       0x44 ./Core/Src/i2c.o
 .comment       0x00000043       0x44 ./Core/Src/main.o
 .comment       0x00000043       0x44 ./Core/Src/rtc.o
 .comment       0x00000043       0x44 ./Core/Src/stm32f1xx_hal_msp.o
 .comment       0x00000043       0x44 ./Core/Src/stm32f1xx_it.o
 .comment       0x00000043       0x44 ./Core/Src/sysmem.o
 .comment       0x00000043       0x44 ./Core/Src/system_stm32f1xx.o
 .comment       0x00000043       0x44 ./Drivers/BSP/KEY/key.o
 .comment       0x00000043       0x44 ./Drivers/BSP/OLED/font.o
 .comment       0x00000043       0x44 ./Drivers/BSP/OLED/oled.o
 .comment       0x00000043       0x44 ./Drivers/STM32F1xx_HAL_Driver/Src/stm32f1xx_hal.o
 .comment       0x00000043       0x44 ./Drivers/STM32F1xx_HAL_Driver/Src/stm32f1xx_hal_cortex.o
 .comment       0x00000043       0x44 ./Drivers/STM32F1xx_HAL_Driver/Src/stm32f1xx_hal_gpio.o
 .comment       0x00000043       0x44 ./Drivers/STM32F1xx_HAL_Driver/Src/stm32f1xx_hal_i2c.o
 .comment       0x00000043       0x44 ./Drivers/STM32F1xx_HAL_Driver/Src/stm32f1xx_hal_pwr.o
 .comment       0x00000043       0x44 ./Drivers/STM32F1xx_HAL_Driver/Src/stm32f1xx_hal_rcc.o
 .comment       0x00000043       0x44 ./Drivers/STM32F1xx_HAL_Driver/Src/stm32f1xx_hal_rcc_ex.o
 .comment       0x00000043       0x44 ./Drivers/STM32F1xx_HAL_Driver/Src/stm32f1xx_hal_rtc.o
 .comment       0x00000043       0x44 ./Drivers/STM32F1xx_HAL_Driver/Src/stm32f1xx_hal_rtc_ex.o

.debug_frame    0x00000000     0x2ff4
 .debug_frame   0x00000000      0x110 ./APP/games/Dino.o
 .debug_frame   0x00000110       0x90 ./APP/games/start_war.o
 .debug_frame   0x000001a0       0x34 ./APP/info.o
 .debug_frame   0x000001d4       0x60 ./APP/menu.o
 .debug_frame   0x00000234       0x34 ./Core/Src/gpio.o
 .debug_frame   0x00000268       0x74 ./Core/Src/i2c.o
 .debug_frame   0x000002dc       0x6c ./Core/Src/main.o
 .debug_frame   0x00000348       0x7c ./Core/Src/rtc.o
 .debug_frame   0x000003c4       0x38 ./Core/Src/stm32f1xx_hal_msp.o
 .debug_frame   0x000003fc      0x120 ./Core/Src/stm32f1xx_it.o
 .debug_frame   0x0000051c       0x34 ./Core/Src/sysmem.o
 .debug_frame   0x00000550       0x58 ./Core/Src/system_stm32f1xx.o
 .debug_frame   0x000005a8       0x34 ./Drivers/BSP/KEY/key.o
 .debug_frame   0x000005dc      0x3c0 ./Drivers/BSP/OLED/oled.o
 .debug_frame   0x0000099c      0x334 ./Drivers/STM32F1xx_HAL_Driver/Src/stm32f1xx_hal.o
 .debug_frame   0x00000cd0      0x428 ./Drivers/STM32F1xx_HAL_Driver/Src/stm32f1xx_hal_cortex.o
 .debug_frame   0x000010f8      0x14c ./Drivers/STM32F1xx_HAL_Driver/Src/stm32f1xx_hal_gpio.o
 .debug_frame   0x00001244      0xc5c ./Drivers/STM32F1xx_HAL_Driver/Src/stm32f1xx_hal_i2c.o
 .debug_frame   0x00001ea0      0x270 ./Drivers/STM32F1xx_HAL_Driver/Src/stm32f1xx_hal_pwr.o
 .debug_frame   0x00002110      0x21c ./Drivers/STM32F1xx_HAL_Driver/Src/stm32f1xx_hal_rcc.o
 .debug_frame   0x0000232c       0x84 ./Drivers/STM32F1xx_HAL_Driver/Src/stm32f1xx_hal_rcc_ex.o
 .debug_frame   0x000023b0      0x434 ./Drivers/STM32F1xx_HAL_Driver/Src/stm32f1xx_hal_rtc.o
 .debug_frame   0x000027e4      0x234 ./Drivers/STM32F1xx_HAL_Driver/Src/stm32f1xx_hal_rtc_ex.o
 .debug_frame   0x00002a18      0x144 D:/Program Files (x86)/STM32CubeIDE_1.19.0/STM32CubeIDE/plugins/com.st.stm32cube.ide.mcu.externaltools.gnu-tools-for-stm32.13.3.rel1.win32_1.0.0.202411081344/tools/bin/../lib/gcc/arm-none-eabi/13.3.1/../../../../arm-none-eabi/lib/thumb/v7-m/nofp\libc_nano.a(libc_a-findfp.o)
 .debug_frame   0x00002b5c       0x74 D:/Program Files (x86)/STM32CubeIDE_1.19.0/STM32CubeIDE/plugins/com.st.stm32cube.ide.mcu.externaltools.gnu-tools-for-stm32.13.3.rel1.win32_1.0.0.202411081344/tools/bin/../lib/gcc/arm-none-eabi/13.3.1/../../../../arm-none-eabi/lib/thumb/v7-m/nofp\libc_nano.a(libc_a-sprintf.o)
 .debug_frame   0x00002bd0       0x28 D:/Program Files (x86)/STM32CubeIDE_1.19.0/STM32CubeIDE/plugins/com.st.stm32cube.ide.mcu.externaltools.gnu-tools-for-stm32.13.3.rel1.win32_1.0.0.202411081344/tools/bin/../lib/gcc/arm-none-eabi/13.3.1/../../../../arm-none-eabi/lib/thumb/v7-m/nofp\libc_nano.a(libc_a-memcmp.o)
 .debug_frame   0x00002bf8       0x20 D:/Program Files (x86)/STM32CubeIDE_1.19.0/STM32CubeIDE/plugins/com.st.stm32cube.ide.mcu.externaltools.gnu-tools-for-stm32.13.3.rel1.win32_1.0.0.202411081344/tools/bin/../lib/gcc/arm-none-eabi/13.3.1/../../../../arm-none-eabi/lib/thumb/v7-m/nofp\libc_nano.a(libc_a-memset.o)
 .debug_frame   0x00002c18       0x38 D:/Program Files (x86)/STM32CubeIDE_1.19.0/STM32CubeIDE/plugins/com.st.stm32cube.ide.mcu.externaltools.gnu-tools-for-stm32.13.3.rel1.win32_1.0.0.202411081344/tools/bin/../lib/gcc/arm-none-eabi/13.3.1/../../../../arm-none-eabi/lib/thumb/v7-m/nofp\libc_nano.a(libc_a-reent.o)
 .debug_frame   0x00002c50       0x20 D:/Program Files (x86)/STM32CubeIDE_1.19.0/STM32CubeIDE/plugins/com.st.stm32cube.ide.mcu.externaltools.gnu-tools-for-stm32.13.3.rel1.win32_1.0.0.202411081344/tools/bin/../lib/gcc/arm-none-eabi/13.3.1/../../../../arm-none-eabi/lib/thumb/v7-m/nofp\libc_nano.a(libc_a-errno.o)
 .debug_frame   0x00002c70       0x2c D:/Program Files (x86)/STM32CubeIDE_1.19.0/STM32CubeIDE/plugins/com.st.stm32cube.ide.mcu.externaltools.gnu-tools-for-stm32.13.3.rel1.win32_1.0.0.202411081344/tools/bin/../lib/gcc/arm-none-eabi/13.3.1/../../../../arm-none-eabi/lib/thumb/v7-m/nofp\libc_nano.a(libc_a-init.o)
 .debug_frame   0x00002c9c       0xb0 D:/Program Files (x86)/STM32CubeIDE_1.19.0/STM32CubeIDE/plugins/com.st.stm32cube.ide.mcu.externaltools.gnu-tools-for-stm32.13.3.rel1.win32_1.0.0.202411081344/tools/bin/../lib/gcc/arm-none-eabi/13.3.1/../../../../arm-none-eabi/lib/thumb/v7-m/nofp\libc_nano.a(libc_a-lock.o)
 .debug_frame   0x00002d4c       0x28 D:/Program Files (x86)/STM32CubeIDE_1.19.0/STM32CubeIDE/plugins/com.st.stm32cube.ide.mcu.externaltools.gnu-tools-for-stm32.13.3.rel1.win32_1.0.0.202411081344/tools/bin/../lib/gcc/arm-none-eabi/13.3.1/../../../../arm-none-eabi/lib/thumb/v7-m/nofp\libc_nano.a(libc_a-memcpy-stub.o)
 .debug_frame   0x00002d74       0x38 D:/Program Files (x86)/STM32CubeIDE_1.19.0/STM32CubeIDE/plugins/com.st.stm32cube.ide.mcu.externaltools.gnu-tools-for-stm32.13.3.rel1.win32_1.0.0.202411081344/tools/bin/../lib/gcc/arm-none-eabi/13.3.1/../../../../arm-none-eabi/lib/thumb/v7-m/nofp\libc_nano.a(libc_a-freer.o)
 .debug_frame   0x00002dac       0x50 D:/Program Files (x86)/STM32CubeIDE_1.19.0/STM32CubeIDE/plugins/com.st.stm32cube.ide.mcu.externaltools.gnu-tools-for-stm32.13.3.rel1.win32_1.0.0.202411081344/tools/bin/../lib/gcc/arm-none-eabi/13.3.1/../../../../arm-none-eabi/lib/thumb/v7-m/nofp\libc_nano.a(libc_a-mallocr.o)
 .debug_frame   0x00002dfc       0x30 D:/Program Files (x86)/STM32CubeIDE_1.19.0/STM32CubeIDE/plugins/com.st.stm32cube.ide.mcu.externaltools.gnu-tools-for-stm32.13.3.rel1.win32_1.0.0.202411081344/tools/bin/../lib/gcc/arm-none-eabi/13.3.1/../../../../arm-none-eabi/lib/thumb/v7-m/nofp\libc_nano.a(libc_a-mlock.o)
 .debug_frame   0x00002e2c       0x90 D:/Program Files (x86)/STM32CubeIDE_1.19.0/STM32CubeIDE/plugins/com.st.stm32cube.ide.mcu.externaltools.gnu-tools-for-stm32.13.3.rel1.win32_1.0.0.202411081344/tools/bin/../lib/gcc/arm-none-eabi/13.3.1/../../../../arm-none-eabi/lib/thumb/v7-m/nofp\libc_nano.a(libc_a-nano-svfprintf.o)
 .debug_frame   0x00002ebc       0x60 D:/Program Files (x86)/STM32CubeIDE_1.19.0/STM32CubeIDE/plugins/com.st.stm32cube.ide.mcu.externaltools.gnu-tools-for-stm32.13.3.rel1.win32_1.0.0.202411081344/tools/bin/../lib/gcc/arm-none-eabi/13.3.1/../../../../arm-none-eabi/lib/thumb/v7-m/nofp\libc_nano.a(libc_a-nano-vfprintf_i.o)
 .debug_frame   0x00002f1c       0x28 D:/Program Files (x86)/STM32CubeIDE_1.19.0/STM32CubeIDE/plugins/com.st.stm32cube.ide.mcu.externaltools.gnu-tools-for-stm32.13.3.rel1.win32_1.0.0.202411081344/tools/bin/../lib/gcc/arm-none-eabi/13.3.1/../../../../arm-none-eabi/lib/thumb/v7-m/nofp\libc_nano.a(libc_a-memmove.o)
 .debug_frame   0x00002f44       0x2c D:/Program Files (x86)/STM32CubeIDE_1.19.0/STM32CubeIDE/plugins/com.st.stm32cube.ide.mcu.externaltools.gnu-tools-for-stm32.13.3.rel1.win32_1.0.0.202411081344/tools/bin/../lib/gcc/arm-none-eabi/13.3.1/../../../../arm-none-eabi/lib/thumb/v7-m/nofp\libc_nano.a(libc_a-sbrkr.o)
 .debug_frame   0x00002f70       0x28 D:/Program Files (x86)/STM32CubeIDE_1.19.0/STM32CubeIDE/plugins/com.st.stm32cube.ide.mcu.externaltools.gnu-tools-for-stm32.13.3.rel1.win32_1.0.0.202411081344/tools/bin/../lib/gcc/arm-none-eabi/13.3.1/../../../../arm-none-eabi/lib/thumb/v7-m/nofp\libc_nano.a(libc_a-memchr-stub.o)
 .debug_frame   0x00002f98       0x3c D:/Program Files (x86)/STM32CubeIDE_1.19.0/STM32CubeIDE/plugins/com.st.stm32cube.ide.mcu.externaltools.gnu-tools-for-stm32.13.3.rel1.win32_1.0.0.202411081344/tools/bin/../lib/gcc/arm-none-eabi/13.3.1/../../../../arm-none-eabi/lib/thumb/v7-m/nofp\libc_nano.a(libc_a-reallocr.o)
 .debug_frame   0x00002fd4       0x20 D:/Program Files (x86)/STM32CubeIDE_1.19.0/STM32CubeIDE/plugins/com.st.stm32cube.ide.mcu.externaltools.gnu-tools-for-stm32.13.3.rel1.win32_1.0.0.202411081344/tools/bin/../lib/gcc/arm-none-eabi/13.3.1/../../../../arm-none-eabi/lib/thumb/v7-m/nofp\libc_nano.a(libc_a-msizer.o)

.debug_line_str
                0x00000000       0x5b
 .debug_line_str
                0x00000000       0x5b ./Core/Startup/startup_stm32f103c8tx.o
