oled.c:34:6:Send	24	static
oled.c:42:6:OLED_SendCmd	24	static
oled.c:56:6:OLED_Init	8	static
oled.c:108:6:OLED_DisPlay_On	8	static
oled.c:118:6:OLED_DisPlay_Off	8	static
oled.c:130:6:OLED_SetColorMode	16	static
oled.c:147:6:OLED_NewFrame	8	static
oled.c:156:6:OLED_ShowFrame	16	static
oled.c:176:6:OLED_SetPixel	16	static
oled.c:203:6:OLED_SetByte_Fine	16	static
oled.c:229:6:OLED_SetByte	16	static
oled.c:249:6:OLED_SetBits_Fine	40	static
oled.c:277:6:OLED_SetBits	40	static
oled.c:299:6:OLED_SetBlock	40	static
oled.c:339:6:OLED_DrawLine	40	static
oled.c:415:6:OLED_DrawRectangle	32	static
oled.c:431:6:OLED_DrawFilledRectangle	40	static
oled.c:447:6:OLED_DrawCircle	32	static
oled.c:483:6:OLED_DrawFilledCircle	40	static
oled.c:518:6:OLED_DrawImage	32	static
oled.c:533:6:OLED_PrintASCIIChar	32	static
oled.c:546:6:OLED_PrintASCIIString	40	static
oled.c:560:9:_OLED_GetUTF8Len	16	static
oled.c:581:6:OLED_PrintString	56	static
oled.c:630:6:OLED_DrawPoint	16	static
