../Drivers/BSP/OLED/oled.c:34:6:Send	24	static
../Drivers/BSP/OLED/oled.c:42:6:OLED_SendCmd	24	static
../Drivers/BSP/OLED/oled.c:56:6:OLED_Init	8	static
../Drivers/BSP/OLED/oled.c:108:6:OLED_DisPlay_On	8	static
../Drivers/BSP/OLED/oled.c:118:6:OLED_DisPlay_Off	8	static
../Drivers/BSP/OLED/oled.c:130:6:OLED_SetColorMode	16	static
../Drivers/BSP/OLED/oled.c:147:6:OLED_NewFrame	8	static
../Drivers/BSP/OLED/oled.c:156:6:OLED_ShowFrame	16	static
../Drivers/BSP/OLED/oled.c:176:6:OLED_SetPixel	16	static
../Drivers/BSP/OLED/oled.c:202:6:OLED_SetByte_Fine	16	static
../Drivers/BSP/OLED/oled.c:228:6:OLED_SetByte	16	static
../Drivers/BSP/OLED/oled.c:248:6:OLED_SetBits_Fine	40	static
../Drivers/BSP/OLED/oled.c:276:6:OLED_SetBits	40	static
../Drivers/BSP/OLED/oled.c:298:6:OLED_SetBlock	40	static
../Drivers/BSP/OLED/oled.c:338:6:OLED_DrawLine	40	static
../Drivers/BSP/OLED/oled.c:414:6:OLED_DrawRectangle	32	static
../Drivers/BSP/OLED/oled.c:430:6:OLED_DrawFilledRectangle	40	static
../Drivers/BSP/OLED/oled.c:446:6:OLED_DrawCircle	32	static
../Drivers/BSP/OLED/oled.c:482:6:OLED_DrawFilledCircle	40	static
../Drivers/BSP/OLED/oled.c:517:6:OLED_DrawImage	32	static
../Drivers/BSP/OLED/oled.c:532:6:OLED_PrintASCIIChar	32	static
../Drivers/BSP/OLED/oled.c:545:6:OLED_PrintASCIIString	40	static
../Drivers/BSP/OLED/oled.c:559:9:_OLED_GetUTF8Len	16	static
../Drivers/BSP/OLED/oled.c:580:6:OLED_PrintString	56	static
../Drivers/BSP/OLED/oled.c:629:6:OLED_DrawPoint	16	static
