oled.c:34:6:Send	24	static
oled.c:42:6:OLED_SendCmd	24	static
oled.c:56:6:OLED_Init	8	static
oled.c:108:6:OLED_DisPlay_On	8	static
oled.c:118:6:OLED_DisPlay_Off	8	static
oled.c:130:6:OLED_SetColorMode	16	static
oled.c:147:6:OLED_NewFrame	8	static
oled.c:156:6:OLED_ShowFrame	16	static
oled.c:176:6:OLED_SetPixel	16	static
oled.c:203:6:OLED_SetByte_Fine	16	static
oled.c:225:6:OLED_SetByte	16	static
oled.c:245:6:OLED_SetBits_Fine	40	static
oled.c:273:6:OLED_SetBits	40	static
oled.c:295:6:OLED_SetBlock	40	static
oled.c:326:6:OLED_DrawLine	40	static
oled.c:402:6:OLED_DrawRectangle	32	static
oled.c:418:6:OLED_DrawFilledRectangle	40	static
oled.c:434:6:OLED_DrawCircle	32	static
oled.c:470:6:OLED_DrawFilledCircle	40	static
oled.c:505:6:OLED_DrawImage	32	static
oled.c:520:6:OLED_PrintASCIIChar	32	static
oled.c:534:6:OLED_PrintASCIIChar_offset_mid_to_down	32	static
oled.c:548:6:OLED_PrintASCIIChar_offset_up_to_mid	32	static
oled.c:561:6:OLED_PrintASCIIString	40	static
oled.c:581:6:OLED_PrintASCIIString_offset_mid_to_down	40	static
oled.c:601:6:OLED_PrintASCIIString_offset_up_to_mid	40	static
oled.c:615:9:_OLED_GetUTF8Len	16	static
oled.c:636:6:OLED_PrintString	56	static
oled.c:685:6:OLED_DrawPoint	16	static
