oled.c:34:6:Send	24	static
oled.c:42:6:OLED_SendCmd	24	static
oled.c:56:6:OLED_Init	8	static
oled.c:108:6:OLED_DisPlay_On	8	static
oled.c:118:6:OLED_DisPlay_Off	8	static
oled.c:130:6:OLED_SetColorMode	16	static
oled.c:147:6:OLED_NewFrame	8	static
oled.c:156:6:OLED_ShowFrame	16	static
oled.c:176:6:OLED_SetPixel	16	static
oled.c:203:6:OLED_SetByte_Fine	16	static
oled.c:225:6:OLED_SetByte	16	static
oled.c:245:6:OLED_SetBits_Fine	40	static
oled.c:269:6:OLED_SetBits	40	static
oled.c:291:6:OLED_SetBlock	40	static
oled.c:323:6:OLED_SetBlock_up_to_mid	40	static
oled.c:355:6:OLED_DrawLine	40	static
oled.c:431:6:OLED_DrawRectangle	32	static
oled.c:447:6:OLED_DrawFilledRectangle	40	static
oled.c:463:6:OLED_DrawCircle	32	static
oled.c:499:6:OLED_DrawFilledCircle	40	static
oled.c:534:6:OLED_DrawImage	32	static
oled.c:549:6:OLED_PrintASCIIChar	32	static
oled.c:563:6:OLED_PrintASCIIChar_offset_mid_to_down	32	static
oled.c:577:6:OLED_PrintASCIIChar_offset_up_to_mid	40	static
oled.c:591:6:OLED_PrintASCIIString	40	static
oled.c:611:6:OLED_PrintASCIIString_offset_mid_to_down	40	static
oled.c:631:6:OLED_PrintASCIIString_offset_up_to_mid	40	static
oled.c:645:9:_OLED_GetUTF8Len	16	static
oled.c:666:6:OLED_PrintString	56	static
oled.c:715:6:OLED_DrawPoint	16	static
