../Drivers/BSP/OLED/oled.c:35:6:Send	24	static
../Drivers/BSP/OLED/oled.c:43:6:OLED_SendCmd	24	static
../Drivers/BSP/OLED/oled.c:57:6:OLED_Init	8	static
../Drivers/BSP/OLED/oled.c:109:6:OLED_DisPlay_On	8	static
../Drivers/BSP/OLED/oled.c:119:6:OLED_DisPlay_Off	8	static
../Drivers/BSP/OLED/oled.c:131:6:OLED_SetColorMode	16	static
../Drivers/BSP/OLED/oled.c:148:6:OLED_NewFrame	8	static
../Drivers/BSP/OLED/oled.c:157:6:OLED_ShowFrame	16	static
../Drivers/BSP/OLED/oled.c:177:6:OLED_SetPixel	16	static
../Drivers/BSP/OLED/oled.c:204:6:OLED_SetByte_Fine	16	static
../Drivers/BSP/OLED/oled.c:226:6:OLED_SetByte	16	static
../Drivers/BSP/OLED/oled.c:246:6:OLED_SetBits_Fine	40	static
../Drivers/BSP/OLED/oled.c:270:6:OLED_SetBits	40	static
../Drivers/BSP/OLED/oled.c:292:6:OLED_SetBlock	40	static
../Drivers/BSP/OLED/oled.c:323:6:OLED_DrawLine	40	static
../Drivers/BSP/OLED/oled.c:399:6:OLED_DrawRectangle	32	static
../Drivers/BSP/OLED/oled.c:415:6:OLED_DrawFilledRectangle	40	static
../Drivers/BSP/OLED/oled.c:431:6:OLED_DrawCircle	32	static
../Drivers/BSP/OLED/oled.c:467:6:OLED_DrawFilledCircle	40	static
../Drivers/BSP/OLED/oled.c:502:6:OLED_DrawImage	32	static
../Drivers/BSP/OLED/oled.c:517:6:OLED_PrintASCIIChar	32	static
../Drivers/BSP/OLED/oled.c:531:6:OLED_PrintASCIIChar_offset_mid_to_down	32	static
../Drivers/BSP/OLED/oled.c:545:6:OLED_PrintASCIIChar_offset_up_to_down	32	static
../Drivers/BSP/OLED/oled.c:558:6:OLED_PrintASCIIString	40	static
../Drivers/BSP/OLED/oled.c:578:6:OLED_PrintASCIIString_offset_mid_to_down	40	static
../Drivers/BSP/OLED/oled.c:598:6:OLED_PrintASCIIString_offset_up_to_down	48	static
../Drivers/BSP/OLED/oled.c:612:9:_OLED_GetUTF8Len	16	static
../Drivers/BSP/OLED/oled.c:633:6:OLED_PrintString	56	static
../Drivers/BSP/OLED/oled.c:682:6:OLED_DrawPoint	16	static
